09:41:06 **** Build of configuration Debug for project TP Final ****
make -j4 all 
arm-none-eabi-size  TP\ Final.elf 
   text	   data	    bss	    dec	    hex	filename
  34268	    468	   5632	  40368	   9db0	TP Final.elf
Finished building: default.size.stdout
 
09:53:37 **** Incremental Build of configuration Debug for project TP Final ****
make -j4 all 
arm-none-eabi-gcc "../Drivers/API/Src/API_uart.c" -mcpu=cortex-m4 -std=gnu11 -g3 -DDEBUG -DSTM32 -DSTM32F429ZITx -DSTM32F4 -DNUCLEO_F429ZI -DUSE_HAL_DRIVER -DSTM32F429xx -c -I../Inc -I"/home/felipe/Desktop/PdM_workspace/TP Final/Drivers/STM32F4xx_HAL_Driver/Inc" -I"/home/felipe/Desktop/PdM_workspace/TP Final/Drivers/CMSIS/Include" -I"/home/felipe/Desktop/PdM_workspace/TP Final/Drivers/CMSIS/Device/ST/STM32F4xx/Include" -I"/home/felipe/Desktop/PdM_workspace/TP Final/Drivers/BSP/STM32F4xx_Nucleo_144" -I"/home/felipe/Desktop/PdM_workspace/TP Final/Drivers/Core/Inc" -I"/home/felipe/Desktop/PdM_workspace/TP Final/Drivers/API/Inc" -O0 -ffunction-sections -fdata-sections -Wall -fstack-usage -fcyclomatic-complexity -MMD -MP -MF"Drivers/API/Src/API_uart.d" -MT"Drivers/API/Src/API_uart.o" --specs=nano.specs -mfpu=fpv4-sp-d16 -mfloat-abi=hard -mthumb -o "Drivers/API/Src/API_uart.o"
../Drivers/API/Src/API_uart.c: In function 'UART5_Send_String':
../Drivers/API/Src/API_uart.c:166:51: warning: implicit declaration of function 'strlen' [-Wimplicit-function-declaration]
  166 |     HAL_UART_Transmit(&huart5, (uint8_t*)pstring, strlen((const char*)pstring), UART_MAX_TIMEOUT);
      |                                                   ^~~~~~
../Drivers/API/Src/API_uart.c:11:1: note: include '<string.h>' or provide a declaration of 'strlen'
   10 | #include "main.h"
  +++ |+#include <string.h>
   11 | 
../Drivers/API/Src/API_uart.c:166:51: warning: incompatible implicit declaration of built-in function 'strlen' [-Wbuiltin-declaration-mismatch]
  166 |     HAL_UART_Transmit(&huart5, (uint8_t*)pstring, strlen((const char*)pstring), UART_MAX_TIMEOUT);
      |                                                   ^~~~~~
../Drivers/API/Src/API_uart.c:166:51: note: include '<string.h>' or provide a declaration of 'strlen'
../Drivers/API/Src/API_uart.c: In function 'USART2_Send_String':
../Drivers/API/Src/API_uart.c:174:51: warning: incompatible implicit declaration of built-in function 'strlen' [-Wbuiltin-declaration-mismatch]
  174 |     HAL_UART_Transmit(&huart2, (uint8_t*)pstring, strlen((const char*)pstring), UART_MAX_TIMEOUT);
      |                                                   ^~~~~~
../Drivers/API/Src/API_uart.c:174:51: note: include '<string.h>' or provide a declaration of 'strlen'
arm-none-eabi-gcc -o "TP Final.elf" @"objects.list"   -mcpu=cortex-m4 -T"/home/felipe/Desktop/PdM_workspace/TP Final/STM32F429ZITX_FLASH.ld" --specs=nosys.specs -Wl,-Map="TP Final.map" -Wl,--gc-sections -static --specs=nano.specs -mfpu=fpv4-sp-d16 -mfloat-abi=hard -mthumb -Wl,--start-group -lc -lm -Wl,--end-group
Finished building target: TP Final.elf
 
arm-none-eabi-size  TP\ Final.elf 
arm-none-eabi-objdump -h -S TP\ Final.elf  > "TP Final.list"
   text	   data	    bss	    dec	    hex	filename
  34268	    468	   5632	  40368	   9db0	TP Final.elf
Finished building: default.size.stdout
 
Finished building: TP Final.list
 
10:18:25 **** Incremental Build of configuration Debug for project TP Final ****
make -j4 all 
arm-none-eabi-gcc "../Drivers/API/Src/API_hd44780.c" -mcpu=cortex-m4 -std=gnu11 -g3 -DDEBUG -DSTM32 -DSTM32F429ZITx -DSTM32F4 -DNUCLEO_F429ZI -DUSE_HAL_DRIVER -DSTM32F429xx -c -I../Inc -I"/home/felipe/Desktop/PdM_workspace/TP Final/Drivers/STM32F4xx_HAL_Driver/Inc" -I"/home/felipe/Desktop/PdM_workspace/TP Final/Drivers/CMSIS/Include" -I"/home/felipe/Desktop/PdM_workspace/TP Final/Drivers/CMSIS/Device/ST/STM32F4xx/Include" -I"/home/felipe/Desktop/PdM_workspace/TP Final/Drivers/BSP/STM32F4xx_Nucleo_144" -I"/home/felipe/Desktop/PdM_workspace/TP Final/Drivers/Core/Inc" -I"/home/felipe/Desktop/PdM_workspace/TP Final/Drivers/API/Inc" -O0 -ffunction-sections -fdata-sections -Wall -fstack-usage -fcyclomatic-complexity -MMD -MP -MF"Drivers/API/Src/API_hd44780.d" -MT"Drivers/API/Src/API_hd44780.o" --specs=nano.specs -mfpu=fpv4-sp-d16 -mfloat-abi=hard -mthumb -o "Drivers/API/Src/API_hd44780.o"
../Drivers/API/Src/API_hd44780.c:16:13: warning: 'DelayUS' declared 'static' but never defined [-Wunused-function]
   16 | static void DelayUS(uint32_t us);
      |             ^~~~~~~
../Drivers/API/Src/API_hd44780.c:17:13: warning: 'SetCursor' declared 'static' but never defined [-Wunused-function]
   17 | static void SetCursor(uint8_t col, uint8_t row);
      |             ^~~~~~~~~
arm-none-eabi-gcc -o "TP Final.elf" @"objects.list"   -mcpu=cortex-m4 -T"/home/felipe/Desktop/PdM_workspace/TP Final/STM32F429ZITX_FLASH.ld" --specs=nosys.specs -Wl,-Map="TP Final.map" -Wl,--gc-sections -static --specs=nano.specs -mfpu=fpv4-sp-d16 -mfloat-abi=hard -mthumb -Wl,--start-group -lc -lm -Wl,--end-group
Finished building target: TP Final.elf
 
arm-none-eabi-size  TP\ Final.elf 
arm-none-eabi-objdump -h -S TP\ Final.elf  > "TP Final.list"
   text	   data	    bss	    dec	    hex	filename
  34268	    468	   5720	  40456	   9e08	TP Final.elf
Finished building: default.size.stdout
 
Finished building: TP Final.list
 
10:18:46 **** Incremental Build of configuration Debug for project TP Final ****
make -j4 all 
arm-none-eabi-gcc "../Drivers/API/Src/API_hd44780.c" -mcpu=cortex-m4 -std=gnu11 -g3 -DDEBUG -DSTM32 -DSTM32F429ZITx -DSTM32F4 -DNUCLEO_F429ZI -DUSE_HAL_DRIVER -DSTM32F429xx -c -I../Inc -I"/home/felipe/Desktop/PdM_workspace/TP Final/Drivers/STM32F4xx_HAL_Driver/Inc" -I"/home/felipe/Desktop/PdM_workspace/TP Final/Drivers/CMSIS/Include" -I"/home/felipe/Desktop/PdM_workspace/TP Final/Drivers/CMSIS/Device/ST/STM32F4xx/Include" -I"/home/felipe/Desktop/PdM_workspace/TP Final/Drivers/BSP/STM32F4xx_Nucleo_144" -I"/home/felipe/Desktop/PdM_workspace/TP Final/Drivers/Core/Inc" -I"/home/felipe/Desktop/PdM_workspace/TP Final/Drivers/API/Inc" -O0 -ffunction-sections -fdata-sections -Wall -fstack-usage -fcyclomatic-complexity -MMD -MP -MF"Drivers/API/Src/API_hd44780.d" -MT"Drivers/API/Src/API_hd44780.o" --specs=nano.specs -mfpu=fpv4-sp-d16 -mfloat-abi=hard -mthumb -o "Drivers/API/Src/API_hd44780.o"
../Drivers/API/Src/API_hd44780.c:16:13: warning: 'DelayUS' declared 'static' but never defined [-Wunused-function]
   16 | static void DelayUS(uint32_t us);
      |             ^~~~~~~
../Drivers/API/Src/API_hd44780.c:17:13: warning: 'SetCursor' declared 'static' but never defined [-Wunused-function]
   17 | static void SetCursor(uint8_t col, uint8_t row);
      |             ^~~~~~~~~
arm-none-eabi-gcc -o "TP Final.elf" @"objects.list"   -mcpu=cortex-m4 -T"/home/felipe/Desktop/PdM_workspace/TP Final/STM32F429ZITX_FLASH.ld" --specs=nosys.specs -Wl,-Map="TP Final.map" -Wl,--gc-sections -static --specs=nano.specs -mfpu=fpv4-sp-d16 -mfloat-abi=hard -mthumb -Wl,--start-group -lc -lm -Wl,--end-group
/opt/st/stm32cubeide_1.15.1/plugins/com.st.stm32cube.ide.mcu.externaltools.gnu-tools-for-stm32.12.3.rel1.linux64_1.0.100.202403111256/tools/bin/../lib/gcc/arm-none-eabi/12.3.1/../../../../arm-none-eabi/bin/ld: ./Drivers/API/Src/API_i2c.o:/home/felipe/Desktop/PdM_workspace/TP Final/Debug/../Drivers/API/Src/API_i2c.c:12: multiple definition of `hi2c1'; ./Drivers/API/Src/API_hd44780.o:/home/felipe/Desktop/PdM_workspace/TP Final/Debug/../Drivers/API/Src/API_hd44780.c:5: first defined here
collect2: error: ld returned 1 exit status
make: *** [makefile:69: TP Final.elf] Error 1
"make -j4 all" terminated with exit code 2. Build might be incomplete.
10:19:04 **** Incremental Build of configuration Debug for project TP Final ****
make -j4 all 
arm-none-eabi-gcc "../Drivers/API/Src/API_hd44780.c" -mcpu=cortex-m4 -std=gnu11 -g3 -DDEBUG -DSTM32 -DSTM32F429ZITx -DSTM32F4 -DNUCLEO_F429ZI -DUSE_HAL_DRIVER -DSTM32F429xx -c -I../Inc -I"/home/felipe/Desktop/PdM_workspace/TP Final/Drivers/STM32F4xx_HAL_Driver/Inc" -I"/home/felipe/Desktop/PdM_workspace/TP Final/Drivers/CMSIS/Include" -I"/home/felipe/Desktop/PdM_workspace/TP Final/Drivers/CMSIS/Device/ST/STM32F4xx/Include" -I"/home/felipe/Desktop/PdM_workspace/TP Final/Drivers/BSP/STM32F4xx_Nucleo_144" -I"/home/felipe/Desktop/PdM_workspace/TP Final/Drivers/Core/Inc" -I"/home/felipe/Desktop/PdM_workspace/TP Final/Drivers/API/Inc" -O0 -ffunction-sections -fdata-sections -Wall -fstack-usage -fcyclomatic-complexity -MMD -MP -MF"Drivers/API/Src/API_hd44780.d" -MT"Drivers/API/Src/API_hd44780.o" --specs=nano.specs -mfpu=fpv4-sp-d16 -mfloat-abi=hard -mthumb -o "Drivers/API/Src/API_hd44780.o"
../Drivers/API/Src/API_hd44780.c:16:13: warning: 'DelayUS' declared 'static' but never defined [-Wunused-function]
   16 | static void DelayUS(uint32_t us);
      |             ^~~~~~~
../Drivers/API/Src/API_hd44780.c:17:13: warning: 'SetCursor' declared 'static' but never defined [-Wunused-function]
   17 | static void SetCursor(uint8_t col, uint8_t row);
      |             ^~~~~~~~~
arm-none-eabi-gcc -o "TP Final.elf" @"objects.list"   -mcpu=cortex-m4 -T"/home/felipe/Desktop/PdM_workspace/TP Final/STM32F429ZITX_FLASH.ld" --specs=nosys.specs -Wl,-Map="TP Final.map" -Wl,--gc-sections -static --specs=nano.specs -mfpu=fpv4-sp-d16 -mfloat-abi=hard -mthumb -Wl,--start-group -lc -lm -Wl,--end-group
/opt/st/stm32cubeide_1.15.1/plugins/com.st.stm32cube.ide.mcu.externaltools.gnu-tools-for-stm32.12.3.rel1.linux64_1.0.100.202403111256/tools/bin/../lib/gcc/arm-none-eabi/12.3.1/../../../../arm-none-eabi/bin/ld: ./Drivers/API/Src/API_i2c.o:/home/felipe/Desktop/PdM_workspace/TP Final/Debug/../Drivers/API/Src/API_i2c.c:12: multiple definition of `hi2c1'; ./Drivers/API/Src/API_hd44780.o:/home/felipe/Desktop/PdM_workspace/TP Final/Debug/../Drivers/API/Src/API_hd44780.c:5: first defined here
collect2: error: ld returned 1 exit status
make: *** [makefile:69: TP Final.elf] Error 1
"make -j4 all" terminated with exit code 2. Build might be incomplete.
10:19:14 **** Incremental Build of configuration Debug for project TP Final ****
make -j4 all 
arm-none-eabi-gcc "../Drivers/API/Src/API_hd44780.c" -mcpu=cortex-m4 -std=gnu11 -g3 -DDEBUG -DSTM32 -DSTM32F429ZITx -DSTM32F4 -DNUCLEO_F429ZI -DUSE_HAL_DRIVER -DSTM32F429xx -c -I../Inc -I"/home/felipe/Desktop/PdM_workspace/TP Final/Drivers/STM32F4xx_HAL_Driver/Inc" -I"/home/felipe/Desktop/PdM_workspace/TP Final/Drivers/CMSIS/Include" -I"/home/felipe/Desktop/PdM_workspace/TP Final/Drivers/CMSIS/Device/ST/STM32F4xx/Include" -I"/home/felipe/Desktop/PdM_workspace/TP Final/Drivers/BSP/STM32F4xx_Nucleo_144" -I"/home/felipe/Desktop/PdM_workspace/TP Final/Drivers/Core/Inc" -I"/home/felipe/Desktop/PdM_workspace/TP Final/Drivers/API/Inc" -O0 -ffunction-sections -fdata-sections -Wall -fstack-usage -fcyclomatic-complexity -MMD -MP -MF"Drivers/API/Src/API_hd44780.d" -MT"Drivers/API/Src/API_hd44780.o" --specs=nano.specs -mfpu=fpv4-sp-d16 -mfloat-abi=hard -mthumb -o "Drivers/API/Src/API_hd44780.o"
../Drivers/API/Src/API_hd44780.c:16:13: warning: 'DelayUS' declared 'static' but never defined [-Wunused-function]
   16 | static void DelayUS(uint32_t us);
      |             ^~~~~~~
../Drivers/API/Src/API_hd44780.c:17:13: warning: 'SetCursor' declared 'static' but never defined [-Wunused-function]
   17 | static void SetCursor(uint8_t col, uint8_t row);
      |             ^~~~~~~~~
arm-none-eabi-gcc -o "TP Final.elf" @"objects.list"   -mcpu=cortex-m4 -T"/home/felipe/Desktop/PdM_workspace/TP Final/STM32F429ZITX_FLASH.ld" --specs=nosys.specs -Wl,-Map="TP Final.map" -Wl,--gc-sections -static --specs=nano.specs -mfpu=fpv4-sp-d16 -mfloat-abi=hard -mthumb -Wl,--start-group -lc -lm -Wl,--end-group
Finished building target: TP Final.elf
 
arm-none-eabi-size  TP\ Final.elf 
arm-none-eabi-objdump -h -S TP\ Final.elf  > "TP Final.list"
   text	   data	    bss	    dec	    hex	filename
  34268	    468	   5632	  40368	   9db0	TP Final.elf
Finished building: default.size.stdout
 
Finished building: TP Final.list
 
10:28:12 **** Incremental Build of configuration Debug for project TP Final ****
make -j4 all 
arm-none-eabi-gcc "../Drivers/API/Src/API_hd44780.c" -mcpu=cortex-m4 -std=gnu11 -g3 -DDEBUG -DSTM32 -DSTM32F429ZITx -DSTM32F4 -DNUCLEO_F429ZI -DUSE_HAL_DRIVER -DSTM32F429xx -c -I../Inc -I"/home/felipe/Desktop/PdM_workspace/TP Final/Drivers/STM32F4xx_HAL_Driver/Inc" -I"/home/felipe/Desktop/PdM_workspace/TP Final/Drivers/CMSIS/Include" -I"/home/felipe/Desktop/PdM_workspace/TP Final/Drivers/CMSIS/Device/ST/STM32F4xx/Include" -I"/home/felipe/Desktop/PdM_workspace/TP Final/Drivers/BSP/STM32F4xx_Nucleo_144" -I"/home/felipe/Desktop/PdM_workspace/TP Final/Drivers/Core/Inc" -I"/home/felipe/Desktop/PdM_workspace/TP Final/Drivers/API/Inc" -O0 -ffunction-sections -fdata-sections -Wall -fstack-usage -fcyclomatic-complexity -MMD -MP -MF"Drivers/API/Src/API_hd44780.d" -MT"Drivers/API/Src/API_hd44780.o" --specs=nano.specs -mfpu=fpv4-sp-d16 -mfloat-abi=hard -mthumb -o "Drivers/API/Src/API_hd44780.o"
../Drivers/API/Src/API_hd44780.c:16:13: warning: 'DelayUS' declared 'static' but never defined [-Wunused-function]
   16 | static void DelayUS(uint32_t us);
      |             ^~~~~~~
../Drivers/API/Src/API_hd44780.c:17:13: warning: 'SetCursor' declared 'static' but never defined [-Wunused-function]
   17 | static void SetCursor(uint8_t col, uint8_t row);
      |             ^~~~~~~~~
arm-none-eabi-gcc -o "TP Final.elf" @"objects.list"   -mcpu=cortex-m4 -T"/home/felipe/Desktop/PdM_workspace/TP Final/STM32F429ZITX_FLASH.ld" --specs=nosys.specs -Wl,-Map="TP Final.map" -Wl,--gc-sections -static --specs=nano.specs -mfpu=fpv4-sp-d16 -mfloat-abi=hard -mthumb -Wl,--start-group -lc -lm -Wl,--end-group
Finished building target: TP Final.elf
 
arm-none-eabi-size  TP\ Final.elf 
arm-none-eabi-objdump -h -S TP\ Final.elf  > "TP Final.list"
   text	   data	    bss	    dec	    hex	filename
  34252	    468	   5632	  40352	   9da0	TP Final.elf
Finished building: default.size.stdout
 
Finished building: TP Final.list
 
10:34:41 **** Incremental Build of configuration Debug for project TP Final ****
make -j4 all 
arm-none-eabi-gcc "../Src/main.c" -mcpu=cortex-m4 -std=gnu11 -g3 -DDEBUG -DSTM32 -DSTM32F429ZITx -DSTM32F4 -DNUCLEO_F429ZI -DUSE_HAL_DRIVER -DSTM32F429xx -c -I../Inc -I"/home/felipe/Desktop/PdM_workspace/TP Final/Drivers/STM32F4xx_HAL_Driver/Inc" -I"/home/felipe/Desktop/PdM_workspace/TP Final/Drivers/CMSIS/Include" -I"/home/felipe/Desktop/PdM_workspace/TP Final/Drivers/CMSIS/Device/ST/STM32F4xx/Include" -I"/home/felipe/Desktop/PdM_workspace/TP Final/Drivers/BSP/STM32F4xx_Nucleo_144" -I"/home/felipe/Desktop/PdM_workspace/TP Final/Drivers/Core/Inc" -I"/home/felipe/Desktop/PdM_workspace/TP Final/Drivers/API/Inc" -O0 -ffunction-sections -fdata-sections -Wall -fstack-usage -fcyclomatic-complexity -MMD -MP -MF"Src/main.d" -MT"Src/main.o" --specs=nano.specs -mfpu=fpv4-sp-d16 -mfloat-abi=hard -mthumb -o "Src/main.o"
arm-none-eabi-gcc "../Drivers/API/Src/API_gps.c" -mcpu=cortex-m4 -std=gnu11 -g3 -DDEBUG -DSTM32 -DSTM32F429ZITx -DSTM32F4 -DNUCLEO_F429ZI -DUSE_HAL_DRIVER -DSTM32F429xx -c -I../Inc -I"/home/felipe/Desktop/PdM_workspace/TP Final/Drivers/STM32F4xx_HAL_Driver/Inc" -I"/home/felipe/Desktop/PdM_workspace/TP Final/Drivers/CMSIS/Include" -I"/home/felipe/Desktop/PdM_workspace/TP Final/Drivers/CMSIS/Device/ST/STM32F4xx/Include" -I"/home/felipe/Desktop/PdM_workspace/TP Final/Drivers/BSP/STM32F4xx_Nucleo_144" -I"/home/felipe/Desktop/PdM_workspace/TP Final/Drivers/Core/Inc" -I"/home/felipe/Desktop/PdM_workspace/TP Final/Drivers/API/Inc" -O0 -ffunction-sections -fdata-sections -Wall -fstack-usage -fcyclomatic-complexity -MMD -MP -MF"Drivers/API/Src/API_gps.d" -MT"Drivers/API/Src/API_gps.o" --specs=nano.specs -mfpu=fpv4-sp-d16 -mfloat-abi=hard -mthumb -o "Drivers/API/Src/API_gps.o"
arm-none-eabi-gcc "../Drivers/API/Src/API_hd44780.c" -mcpu=cortex-m4 -std=gnu11 -g3 -DDEBUG -DSTM32 -DSTM32F429ZITx -DSTM32F4 -DNUCLEO_F429ZI -DUSE_HAL_DRIVER -DSTM32F429xx -c -I../Inc -I"/home/felipe/Desktop/PdM_workspace/TP Final/Drivers/STM32F4xx_HAL_Driver/Inc" -I"/home/felipe/Desktop/PdM_workspace/TP Final/Drivers/CMSIS/Include" -I"/home/felipe/Desktop/PdM_workspace/TP Final/Drivers/CMSIS/Device/ST/STM32F4xx/Include" -I"/home/felipe/Desktop/PdM_workspace/TP Final/Drivers/BSP/STM32F4xx_Nucleo_144" -I"/home/felipe/Desktop/PdM_workspace/TP Final/Drivers/Core/Inc" -I"/home/felipe/Desktop/PdM_workspace/TP Final/Drivers/API/Inc" -O0 -ffunction-sections -fdata-sections -Wall -fstack-usage -fcyclomatic-complexity -MMD -MP -MF"Drivers/API/Src/API_hd44780.d" -MT"Drivers/API/Src/API_hd44780.o" --specs=nano.specs -mfpu=fpv4-sp-d16 -mfloat-abi=hard -mthumb -o "Drivers/API/Src/API_hd44780.o"
../Src/main.c:13: warning: "DEBUG" redefined
   13 | #define DEBUG true
      | 
<command-line>: note: this is the location of the previous definition
../Drivers/API/Src/API_gps.c: In function 'gpsFSM_update':
../Drivers/API/Src/API_gps.c:240:15: warning: assignment discards 'const' qualifier from pointer target type [-Wdiscarded-qualifiers]
  240 |     stateData = Get_NMEA_Data();
      |               ^
../Src/main.c: In function 'main':
../Src/main.c:22:5: warning: implicit declaration of function 'gpsFSM_init' [-Wimplicit-function-declaration]
   22 |     gpsFSM_init();
      |     ^~~~~~~~~~~
../Drivers/API/Src/API_hd44780.c:16:13: warning: 'DelayUS' declared 'static' but never defined [-Wunused-function]
   16 | static void DelayUS(uint32_t us);
      |             ^~~~~~~
../Drivers/API/Src/API_hd44780.c:17:13: warning: 'SetCursor' declared 'static' but never defined [-Wunused-function]
   17 | static void SetCursor(uint8_t col, uint8_t row);
      |             ^~~~~~~~~
../Src/main.c:29:9: warning: implicit declaration of function 'HD44780_Move_Cursor'; did you mean 'HD44780_Set_Cursor'? [-Wimplicit-function-declaration]
   29 |         HD44780_Move_Cursor(0, 0);
      |         ^~~~~~~~~~~~~~~~~~~
      |         HD44780_Set_Cursor
../Drivers/API/Src/API_gps.c:247:17: warning: implicit declaration of function 'HD44780_Move_Cursor'; did you mean 'HD44780_Set_Cursor'? [-Wimplicit-function-declaration]
  247 |                 HD44780_Move_Cursor(0, 0);
      |                 ^~~~~~~~~~~~~~~~~~~
      |                 HD44780_Set_Cursor
../Drivers/API/Src/API_gps.c:288:13: warning: implicit declaration of function 'Error_Handler' [-Wimplicit-function-declaration]
  288 |             Error_Handler();
      |             ^~~~~~~~~~~~~
../Drivers/API/Src/API_gps.c: At top level:
../Drivers/API/Src/API_gps.c:30:15: warning: 'navFix' defined but not used [-Wunused-variable]
   30 | static bool_t navFix;         /**< Navigation fix status */
      |               ^~~~~~
../Src/main.c:32:9: warning: implicit declaration of function 'HAL_Delay_Wrapper' [-Wimplicit-function-declaration]
   32 |         HAL_Delay_Wrapper(500);
      |         ^~~~~~~~~~~~~~~~~
../Src/main.c:76:9: warning: implicit declaration of function 'gpsFSM_update' [-Wimplicit-function-declaration]
   76 |         gpsFSM_update();
      |         ^~~~~~~~~~~~~
../Src/main.c:84:42: warning: assignment discards 'const' qualifier from pointer target type [-Wdiscarded-qualifiers]
   84 |                                 nmeaData = Get_NMEA_Data();
      |                                          ^
In file included from ../Src/main.c:4:
/home/felipe/Desktop/PdM_workspace/TP Final/Drivers/API/Inc/API_i2c.h: At top level:
/home/felipe/Desktop/PdM_workspace/TP Final/Drivers/API/Inc/API_i2c.h:14:13: warning: 'I2C1_GPIO_Init' declared 'static' but never defined [-Wunused-function]
   14 | static void I2C1_GPIO_Init();
      |             ^~~~~~~~~~~~~~
arm-none-eabi-gcc -o "TP Final.elf" @"objects.list"   -mcpu=cortex-m4 -T"/home/felipe/Desktop/PdM_workspace/TP Final/STM32F429ZITX_FLASH.ld" --specs=nosys.specs -Wl,-Map="TP Final.map" -Wl,--gc-sections -static --specs=nano.specs -mfpu=fpv4-sp-d16 -mfloat-abi=hard -mthumb -Wl,--start-group -lc -lm -Wl,--end-group
Finished building target: TP Final.elf
 
arm-none-eabi-size  TP\ Final.elf 
arm-none-eabi-objdump -h -S TP\ Final.elf  > "TP Final.list"
   text	   data	    bss	    dec	    hex	filename
  34260	    468	   5632	  40360	   9da8	TP Final.elf
Finished building: default.size.stdout
 
Finished building: TP Final.list
 
10:42:31 **** Incremental Build of configuration Debug for project TP Final ****
make -j4 all 
arm-none-eabi-gcc "../Drivers/API/Src/API_hd44780.c" -mcpu=cortex-m4 -std=gnu11 -g3 -DDEBUG -DSTM32 -DSTM32F429ZITx -DSTM32F4 -DNUCLEO_F429ZI -DUSE_HAL_DRIVER -DSTM32F429xx -c -I../Inc -I"/home/felipe/Desktop/PdM_workspace/TP Final/Drivers/STM32F4xx_HAL_Driver/Inc" -I"/home/felipe/Desktop/PdM_workspace/TP Final/Drivers/CMSIS/Include" -I"/home/felipe/Desktop/PdM_workspace/TP Final/Drivers/CMSIS/Device/ST/STM32F4xx/Include" -I"/home/felipe/Desktop/PdM_workspace/TP Final/Drivers/BSP/STM32F4xx_Nucleo_144" -I"/home/felipe/Desktop/PdM_workspace/TP Final/Drivers/Core/Inc" -I"/home/felipe/Desktop/PdM_workspace/TP Final/Drivers/API/Inc" -O0 -ffunction-sections -fdata-sections -Wall -fstack-usage -fcyclomatic-complexity -MMD -MP -MF"Drivers/API/Src/API_hd44780.d" -MT"Drivers/API/Src/API_hd44780.o" --specs=nano.specs -mfpu=fpv4-sp-d16 -mfloat-abi=hard -mthumb -o "Drivers/API/Src/API_hd44780.o"
../Drivers/API/Src/API_hd44780.c: In function 'HD44780_Init':
../Drivers/API/Src/API_hd44780.c:50:5: warning: implicit declaration of function 'SetCursorHome'; did you mean 'SetCursor'? [-Wimplicit-function-declaration]
   50 |     SetCursorHome();
      |     ^~~~~~~~~~~~~
      |     SetCursor
../Drivers/API/Src/API_hd44780.c: At top level:
../Drivers/API/Src/API_hd44780.c:16:13: warning: 'DelayUS' declared 'static' but never defined [-Wunused-function]
   16 | static void DelayUS(uint32_t us);
      |             ^~~~~~~
../Drivers/API/Src/API_hd44780.c:17:13: warning: 'SetCursor' declared 'static' but never defined [-Wunused-function]
   17 | static void SetCursor(uint8_t col, uint8_t row);
      |             ^~~~~~~~~
arm-none-eabi-gcc -o "TP Final.elf" @"objects.list"   -mcpu=cortex-m4 -T"/home/felipe/Desktop/PdM_workspace/TP Final/STM32F429ZITX_FLASH.ld" --specs=nosys.specs -Wl,-Map="TP Final.map" -Wl,--gc-sections -static --specs=nano.specs -mfpu=fpv4-sp-d16 -mfloat-abi=hard -mthumb -Wl,--start-group -lc -lm -Wl,--end-group
/opt/st/stm32cubeide_1.15.1/plugins/com.st.stm32cube.ide.mcu.externaltools.gnu-tools-for-stm32.12.3.rel1.linux64_1.0.100.202403111256/tools/bin/../lib/gcc/arm-none-eabi/12.3.1/../../../../arm-none-eabi/bin/ld: ./Drivers/API/Src/API_hd44780.o: in function `HD44780_Init':
/home/felipe/Desktop/PdM_workspace/TP Final/Debug/../Drivers/API/Src/API_hd44780.c:50: undefined reference to `SetCursorHome'
collect2: error: ld returned 1 exit status
make: *** [makefile:69: TP Final.elf] Error 1
"make -j4 all" terminated with exit code 2. Build might be incomplete.
10:42:56 **** Incremental Build of configuration Debug for project TP Final ****
make -j4 all 
arm-none-eabi-gcc "../Drivers/API/Src/API_hd44780.c" -mcpu=cortex-m4 -std=gnu11 -g3 -DDEBUG -DSTM32 -DSTM32F429ZITx -DSTM32F4 -DNUCLEO_F429ZI -DUSE_HAL_DRIVER -DSTM32F429xx -c -I../Inc -I"/home/felipe/Desktop/PdM_workspace/TP Final/Drivers/STM32F4xx_HAL_Driver/Inc" -I"/home/felipe/Desktop/PdM_workspace/TP Final/Drivers/CMSIS/Include" -I"/home/felipe/Desktop/PdM_workspace/TP Final/Drivers/CMSIS/Device/ST/STM32F4xx/Include" -I"/home/felipe/Desktop/PdM_workspace/TP Final/Drivers/BSP/STM32F4xx_Nucleo_144" -I"/home/felipe/Desktop/PdM_workspace/TP Final/Drivers/Core/Inc" -I"/home/felipe/Desktop/PdM_workspace/TP Final/Drivers/API/Inc" -O0 -ffunction-sections -fdata-sections -Wall -fstack-usage -fcyclomatic-complexity -MMD -MP -MF"Drivers/API/Src/API_hd44780.d" -MT"Drivers/API/Src/API_hd44780.o" --specs=nano.specs -mfpu=fpv4-sp-d16 -mfloat-abi=hard -mthumb -o "Drivers/API/Src/API_hd44780.o"
../Drivers/API/Src/API_hd44780.c:16:13: warning: 'DelayUS' declared 'static' but never defined [-Wunused-function]
   16 | static void DelayUS(uint32_t us);
      |             ^~~~~~~
../Drivers/API/Src/API_hd44780.c:17:13: warning: 'SetCursor' declared 'static' but never defined [-Wunused-function]
   17 | static void SetCursor(uint8_t col, uint8_t row);
      |             ^~~~~~~~~
arm-none-eabi-gcc -o "TP Final.elf" @"objects.list"   -mcpu=cortex-m4 -T"/home/felipe/Desktop/PdM_workspace/TP Final/STM32F429ZITX_FLASH.ld" --specs=nosys.specs -Wl,-Map="TP Final.map" -Wl,--gc-sections -static --specs=nano.specs -mfpu=fpv4-sp-d16 -mfloat-abi=hard -mthumb -Wl,--start-group -lc -lm -Wl,--end-group
Finished building target: TP Final.elf
 
arm-none-eabi-size  TP\ Final.elf 
arm-none-eabi-objdump -h -S TP\ Final.elf  > "TP Final.list"
   text	   data	    bss	    dec	    hex	filename
  34276	    468	   5632	  40376	   9db8	TP Final.elf
Finished building: default.size.stdout
 
Finished building: TP Final.list
 
10:46:28 **** Incremental Build of configuration Debug for project TP Final ****
make -j4 all 
arm-none-eabi-gcc "../Src/main.c" -mcpu=cortex-m4 -std=gnu11 -g3 -DDEBUG -DSTM32 -DSTM32F429ZITx -DSTM32F4 -DNUCLEO_F429ZI -DUSE_HAL_DRIVER -DSTM32F429xx -c -I../Inc -I"/home/felipe/Desktop/PdM_workspace/TP Final/Drivers/STM32F4xx_HAL_Driver/Inc" -I"/home/felipe/Desktop/PdM_workspace/TP Final/Drivers/CMSIS/Include" -I"/home/felipe/Desktop/PdM_workspace/TP Final/Drivers/CMSIS/Device/ST/STM32F4xx/Include" -I"/home/felipe/Desktop/PdM_workspace/TP Final/Drivers/BSP/STM32F4xx_Nucleo_144" -I"/home/felipe/Desktop/PdM_workspace/TP Final/Drivers/Core/Inc" -I"/home/felipe/Desktop/PdM_workspace/TP Final/Drivers/API/Inc" -O0 -ffunction-sections -fdata-sections -Wall -fstack-usage -fcyclomatic-complexity -MMD -MP -MF"Src/main.d" -MT"Src/main.o" --specs=nano.specs -mfpu=fpv4-sp-d16 -mfloat-abi=hard -mthumb -o "Src/main.o"
arm-none-eabi-gcc "../Drivers/API/Src/API_gps.c" -mcpu=cortex-m4 -std=gnu11 -g3 -DDEBUG -DSTM32 -DSTM32F429ZITx -DSTM32F4 -DNUCLEO_F429ZI -DUSE_HAL_DRIVER -DSTM32F429xx -c -I../Inc -I"/home/felipe/Desktop/PdM_workspace/TP Final/Drivers/STM32F4xx_HAL_Driver/Inc" -I"/home/felipe/Desktop/PdM_workspace/TP Final/Drivers/CMSIS/Include" -I"/home/felipe/Desktop/PdM_workspace/TP Final/Drivers/CMSIS/Device/ST/STM32F4xx/Include" -I"/home/felipe/Desktop/PdM_workspace/TP Final/Drivers/BSP/STM32F4xx_Nucleo_144" -I"/home/felipe/Desktop/PdM_workspace/TP Final/Drivers/Core/Inc" -I"/home/felipe/Desktop/PdM_workspace/TP Final/Drivers/API/Inc" -O0 -ffunction-sections -fdata-sections -Wall -fstack-usage -fcyclomatic-complexity -MMD -MP -MF"Drivers/API/Src/API_gps.d" -MT"Drivers/API/Src/API_gps.o" --specs=nano.specs -mfpu=fpv4-sp-d16 -mfloat-abi=hard -mthumb -o "Drivers/API/Src/API_gps.o"
arm-none-eabi-gcc "../Drivers/API/Src/API_hd44780.c" -mcpu=cortex-m4 -std=gnu11 -g3 -DDEBUG -DSTM32 -DSTM32F429ZITx -DSTM32F4 -DNUCLEO_F429ZI -DUSE_HAL_DRIVER -DSTM32F429xx -c -I../Inc -I"/home/felipe/Desktop/PdM_workspace/TP Final/Drivers/STM32F4xx_HAL_Driver/Inc" -I"/home/felipe/Desktop/PdM_workspace/TP Final/Drivers/CMSIS/Include" -I"/home/felipe/Desktop/PdM_workspace/TP Final/Drivers/CMSIS/Device/ST/STM32F4xx/Include" -I"/home/felipe/Desktop/PdM_workspace/TP Final/Drivers/BSP/STM32F4xx_Nucleo_144" -I"/home/felipe/Desktop/PdM_workspace/TP Final/Drivers/Core/Inc" -I"/home/felipe/Desktop/PdM_workspace/TP Final/Drivers/API/Inc" -O0 -ffunction-sections -fdata-sections -Wall -fstack-usage -fcyclomatic-complexity -MMD -MP -MF"Drivers/API/Src/API_hd44780.d" -MT"Drivers/API/Src/API_hd44780.o" --specs=nano.specs -mfpu=fpv4-sp-d16 -mfloat-abi=hard -mthumb -o "Drivers/API/Src/API_hd44780.o"
arm-none-eabi-gcc "../Drivers/API/Src/API_i2c.c" -mcpu=cortex-m4 -std=gnu11 -g3 -DDEBUG -DSTM32 -DSTM32F429ZITx -DSTM32F4 -DNUCLEO_F429ZI -DUSE_HAL_DRIVER -DSTM32F429xx -c -I../Inc -I"/home/felipe/Desktop/PdM_workspace/TP Final/Drivers/STM32F4xx_HAL_Driver/Inc" -I"/home/felipe/Desktop/PdM_workspace/TP Final/Drivers/CMSIS/Include" -I"/home/felipe/Desktop/PdM_workspace/TP Final/Drivers/CMSIS/Device/ST/STM32F4xx/Include" -I"/home/felipe/Desktop/PdM_workspace/TP Final/Drivers/BSP/STM32F4xx_Nucleo_144" -I"/home/felipe/Desktop/PdM_workspace/TP Final/Drivers/Core/Inc" -I"/home/felipe/Desktop/PdM_workspace/TP Final/Drivers/API/Inc" -O0 -ffunction-sections -fdata-sections -Wall -fstack-usage -fcyclomatic-complexity -MMD -MP -MF"Drivers/API/Src/API_i2c.d" -MT"Drivers/API/Src/API_i2c.o" --specs=nano.specs -mfpu=fpv4-sp-d16 -mfloat-abi=hard -mthumb -o "Drivers/API/Src/API_i2c.o"
../Src/main.c:13: warning: "DEBUG" redefined
   13 | #define DEBUG true
      | 
<command-line>: note: this is the location of the previous definition
../Drivers/API/Src/API_gps.c: In function 'gpsFSM_update':
../Drivers/API/Src/API_gps.c:240:15: warning: assignment discards 'const' qualifier from pointer target type [-Wdiscarded-qualifiers]
  240 |     stateData = Get_NMEA_Data();
      |               ^
../Src/main.c: In function 'main':
../Src/main.c:22:5: warning: implicit declaration of function 'gpsFSM_init' [-Wimplicit-function-declaration]
   22 |     gpsFSM_init();
      |     ^~~~~~~~~~~
../Drivers/API/Src/API_hd44780.c: In function 'Send_Data':
../Drivers/API/Src/API_hd44780.c:143:30: error: 'RS' undeclared (first use in this function)
  143 |     Expander_Write(highnib | RS);
      |                              ^~
../Drivers/API/Src/API_hd44780.c:143:30: note: each undeclared identifier is reported only once for each function it appears in
../Drivers/API/Src/API_hd44780.c: At top level:
../Drivers/API/Src/API_hd44780.c:16:13: warning: 'DelayUS' declared 'static' but never defined [-Wunused-function]
   16 | static void DelayUS(uint32_t us);
      |             ^~~~~~~
../Drivers/API/Src/API_hd44780.c:17:13: warning: 'SetCursor' declared 'static' but never defined [-Wunused-function]
   17 | static void SetCursor(uint8_t col, uint8_t row);
      |             ^~~~~~~~~
make: *** [Drivers/API/Src/subdir.mk:40: Drivers/API/Src/API_hd44780.o] Error 1
make: *** Waiting for unfinished jobs....
../Drivers/API/Src/API_gps.c:247:17: warning: implicit declaration of function 'HD44780_Move_Cursor'; did you mean 'HD44780_Set_Cursor'? [-Wimplicit-function-declaration]
  247 |                 HD44780_Move_Cursor(0, 0);
      |                 ^~~~~~~~~~~~~~~~~~~
      |                 HD44780_Set_Cursor
../Src/main.c:29:9: warning: implicit declaration of function 'HD44780_Move_Cursor'; did you mean 'HD44780_Set_Cursor'? [-Wimplicit-function-declaration]
   29 |         HD44780_Move_Cursor(0, 0);
      |         ^~~~~~~~~~~~~~~~~~~
      |         HD44780_Set_Cursor
../Drivers/API/Src/API_gps.c:288:13: warning: implicit declaration of function 'Error_Handler' [-Wimplicit-function-declaration]
  288 |             Error_Handler();
      |             ^~~~~~~~~~~~~
../Drivers/API/Src/API_gps.c: At top level:
../Drivers/API/Src/API_gps.c:30:15: warning: 'navFix' defined but not used [-Wunused-variable]
   30 | static bool_t navFix;         /**< Navigation fix status */
      |               ^~~~~~
../Src/main.c:32:9: warning: implicit declaration of function 'HAL_Delay_Wrapper' [-Wimplicit-function-declaration]
   32 |         HAL_Delay_Wrapper(500);
      |         ^~~~~~~~~~~~~~~~~
../Src/main.c:76:9: warning: implicit declaration of function 'gpsFSM_update' [-Wimplicit-function-declaration]
   76 |         gpsFSM_update();
      |         ^~~~~~~~~~~~~
../Src/main.c:84:42: warning: assignment discards 'const' qualifier from pointer target type [-Wdiscarded-qualifiers]
   84 |                                 nmeaData = Get_NMEA_Data();
      |                                          ^
In file included from ../Src/main.c:4:
/home/felipe/Desktop/PdM_workspace/TP Final/Drivers/API/Inc/API_i2c.h: At top level:
/home/felipe/Desktop/PdM_workspace/TP Final/Drivers/API/Inc/API_i2c.h:14:13: warning: 'I2C1_GPIO_Init' declared 'static' but never defined [-Wunused-function]
   14 | static void I2C1_GPIO_Init();
      |             ^~~~~~~~~~~~~~
"make -j4 all" terminated with exit code 2. Build might be incomplete.
10:47:08 **** Incremental Build of configuration Debug for project TP Final ****
make -j4 all 
arm-none-eabi-gcc "../Src/main.c" -mcpu=cortex-m4 -std=gnu11 -g3 -DDEBUG -DSTM32 -DSTM32F429ZITx -DSTM32F4 -DNUCLEO_F429ZI -DUSE_HAL_DRIVER -DSTM32F429xx -c -I../Inc -I"/home/felipe/Desktop/PdM_workspace/TP Final/Drivers/STM32F4xx_HAL_Driver/Inc" -I"/home/felipe/Desktop/PdM_workspace/TP Final/Drivers/CMSIS/Include" -I"/home/felipe/Desktop/PdM_workspace/TP Final/Drivers/CMSIS/Device/ST/STM32F4xx/Include" -I"/home/felipe/Desktop/PdM_workspace/TP Final/Drivers/BSP/STM32F4xx_Nucleo_144" -I"/home/felipe/Desktop/PdM_workspace/TP Final/Drivers/Core/Inc" -I"/home/felipe/Desktop/PdM_workspace/TP Final/Drivers/API/Inc" -O0 -ffunction-sections -fdata-sections -Wall -fstack-usage -fcyclomatic-complexity -MMD -MP -MF"Src/main.d" -MT"Src/main.o" --specs=nano.specs -mfpu=fpv4-sp-d16 -mfloat-abi=hard -mthumb -o "Src/main.o"
arm-none-eabi-gcc "../Drivers/API/Src/API_gps.c" -mcpu=cortex-m4 -std=gnu11 -g3 -DDEBUG -DSTM32 -DSTM32F429ZITx -DSTM32F4 -DNUCLEO_F429ZI -DUSE_HAL_DRIVER -DSTM32F429xx -c -I../Inc -I"/home/felipe/Desktop/PdM_workspace/TP Final/Drivers/STM32F4xx_HAL_Driver/Inc" -I"/home/felipe/Desktop/PdM_workspace/TP Final/Drivers/CMSIS/Include" -I"/home/felipe/Desktop/PdM_workspace/TP Final/Drivers/CMSIS/Device/ST/STM32F4xx/Include" -I"/home/felipe/Desktop/PdM_workspace/TP Final/Drivers/BSP/STM32F4xx_Nucleo_144" -I"/home/felipe/Desktop/PdM_workspace/TP Final/Drivers/Core/Inc" -I"/home/felipe/Desktop/PdM_workspace/TP Final/Drivers/API/Inc" -O0 -ffunction-sections -fdata-sections -Wall -fstack-usage -fcyclomatic-complexity -MMD -MP -MF"Drivers/API/Src/API_gps.d" -MT"Drivers/API/Src/API_gps.o" --specs=nano.specs -mfpu=fpv4-sp-d16 -mfloat-abi=hard -mthumb -o "Drivers/API/Src/API_gps.o"
arm-none-eabi-gcc "../Drivers/API/Src/API_hd44780.c" -mcpu=cortex-m4 -std=gnu11 -g3 -DDEBUG -DSTM32 -DSTM32F429ZITx -DSTM32F4 -DNUCLEO_F429ZI -DUSE_HAL_DRIVER -DSTM32F429xx -c -I../Inc -I"/home/felipe/Desktop/PdM_workspace/TP Final/Drivers/STM32F4xx_HAL_Driver/Inc" -I"/home/felipe/Desktop/PdM_workspace/TP Final/Drivers/CMSIS/Include" -I"/home/felipe/Desktop/PdM_workspace/TP Final/Drivers/CMSIS/Device/ST/STM32F4xx/Include" -I"/home/felipe/Desktop/PdM_workspace/TP Final/Drivers/BSP/STM32F4xx_Nucleo_144" -I"/home/felipe/Desktop/PdM_workspace/TP Final/Drivers/Core/Inc" -I"/home/felipe/Desktop/PdM_workspace/TP Final/Drivers/API/Inc" -O0 -ffunction-sections -fdata-sections -Wall -fstack-usage -fcyclomatic-complexity -MMD -MP -MF"Drivers/API/Src/API_hd44780.d" -MT"Drivers/API/Src/API_hd44780.o" --specs=nano.specs -mfpu=fpv4-sp-d16 -mfloat-abi=hard -mthumb -o "Drivers/API/Src/API_hd44780.o"
arm-none-eabi-gcc "../Drivers/API/Src/API_i2c.c" -mcpu=cortex-m4 -std=gnu11 -g3 -DDEBUG -DSTM32 -DSTM32F429ZITx -DSTM32F4 -DNUCLEO_F429ZI -DUSE_HAL_DRIVER -DSTM32F429xx -c -I../Inc -I"/home/felipe/Desktop/PdM_workspace/TP Final/Drivers/STM32F4xx_HAL_Driver/Inc" -I"/home/felipe/Desktop/PdM_workspace/TP Final/Drivers/CMSIS/Include" -I"/home/felipe/Desktop/PdM_workspace/TP Final/Drivers/CMSIS/Device/ST/STM32F4xx/Include" -I"/home/felipe/Desktop/PdM_workspace/TP Final/Drivers/BSP/STM32F4xx_Nucleo_144" -I"/home/felipe/Desktop/PdM_workspace/TP Final/Drivers/Core/Inc" -I"/home/felipe/Desktop/PdM_workspace/TP Final/Drivers/API/Inc" -O0 -ffunction-sections -fdata-sections -Wall -fstack-usage -fcyclomatic-complexity -MMD -MP -MF"Drivers/API/Src/API_i2c.d" -MT"Drivers/API/Src/API_i2c.o" --specs=nano.specs -mfpu=fpv4-sp-d16 -mfloat-abi=hard -mthumb -o "Drivers/API/Src/API_i2c.o"
../Src/main.c:13: warning: "DEBUG" redefined
   13 | #define DEBUG true
      | 
<command-line>: note: this is the location of the previous definition
../Drivers/API/Src/API_gps.c: In function 'gpsFSM_update':
../Drivers/API/Src/API_gps.c:240:15: warning: assignment discards 'const' qualifier from pointer target type [-Wdiscarded-qualifiers]
  240 |     stateData = Get_NMEA_Data();
      |               ^
../Src/main.c: In function 'main':
../Src/main.c:22:5: warning: implicit declaration of function 'gpsFSM_init' [-Wimplicit-function-declaration]
   22 |     gpsFSM_init();
      |     ^~~~~~~~~~~
../Drivers/API/Src/API_gps.c:247:17: warning: implicit declaration of function 'HD44780_Move_Cursor'; did you mean 'HD44780_Set_Cursor'? [-Wimplicit-function-declaration]
  247 |                 HD44780_Move_Cursor(0, 0);
      |                 ^~~~~~~~~~~~~~~~~~~
      |                 HD44780_Set_Cursor
../Src/main.c:29:9: warning: implicit declaration of function 'HD44780_Move_Cursor'; did you mean 'HD44780_Set_Cursor'? [-Wimplicit-function-declaration]
   29 |         HD44780_Move_Cursor(0, 0);
      |         ^~~~~~~~~~~~~~~~~~~
      |         HD44780_Set_Cursor
../Drivers/API/Src/API_hd44780.c:16:13: warning: 'DelayUS' declared 'static' but never defined [-Wunused-function]
   16 | static void DelayUS(uint32_t us);
      |             ^~~~~~~
../Drivers/API/Src/API_hd44780.c:17:13: warning: 'SetCursor' declared 'static' but never defined [-Wunused-function]
   17 | static void SetCursor(uint8_t col, uint8_t row);
      |             ^~~~~~~~~
../Drivers/API/Src/API_gps.c:288:13: warning: implicit declaration of function 'Error_Handler' [-Wimplicit-function-declaration]
  288 |             Error_Handler();
      |             ^~~~~~~~~~~~~
../Src/main.c:32:9: warning: implicit declaration of function 'HAL_Delay_Wrapper' [-Wimplicit-function-declaration]
   32 |         HAL_Delay_Wrapper(500);
      |         ^~~~~~~~~~~~~~~~~
../Drivers/API/Src/API_gps.c: At top level:
../Drivers/API/Src/API_gps.c:30:15: warning: 'navFix' defined but not used [-Wunused-variable]
   30 | static bool_t navFix;         /**< Navigation fix status */
      |               ^~~~~~
../Src/main.c:76:9: warning: implicit declaration of function 'gpsFSM_update' [-Wimplicit-function-declaration]
   76 |         gpsFSM_update();
      |         ^~~~~~~~~~~~~
../Src/main.c:84:42: warning: assignment discards 'const' qualifier from pointer target type [-Wdiscarded-qualifiers]
   84 |                                 nmeaData = Get_NMEA_Data();
      |                                          ^
In file included from ../Src/main.c:4:
/home/felipe/Desktop/PdM_workspace/TP Final/Drivers/API/Inc/API_i2c.h: At top level:
/home/felipe/Desktop/PdM_workspace/TP Final/Drivers/API/Inc/API_i2c.h:14:13: warning: 'I2C1_GPIO_Init' declared 'static' but never defined [-Wunused-function]
   14 | static void I2C1_GPIO_Init();
      |             ^~~~~~~~~~~~~~
arm-none-eabi-gcc -o "TP Final.elf" @"objects.list"   -mcpu=cortex-m4 -T"/home/felipe/Desktop/PdM_workspace/TP Final/STM32F429ZITX_FLASH.ld" --specs=nosys.specs -Wl,-Map="TP Final.map" -Wl,--gc-sections -static --specs=nano.specs -mfpu=fpv4-sp-d16 -mfloat-abi=hard -mthumb -Wl,--start-group -lc -lm -Wl,--end-group
Finished building target: TP Final.elf
 
arm-none-eabi-size  TP\ Final.elf 
arm-none-eabi-objdump -h -S TP\ Final.elf  > "TP Final.list"
   text	   data	    bss	    dec	    hex	filename
  34276	    468	   5632	  40376	   9db8	TP Final.elf
Finished building: default.size.stdout
 
Finished building: TP Final.list
 
10:48:20 **** Incremental Build of configuration Debug for project TP Final ****
make -j4 all 
arm-none-eabi-gcc "../Drivers/API/Src/API_hd44780.c" -mcpu=cortex-m4 -std=gnu11 -g3 -DDEBUG -DSTM32 -DSTM32F429ZITx -DSTM32F4 -DNUCLEO_F429ZI -DUSE_HAL_DRIVER -DSTM32F429xx -c -I../Inc -I"/home/felipe/Desktop/PdM_workspace/TP Final/Drivers/STM32F4xx_HAL_Driver/Inc" -I"/home/felipe/Desktop/PdM_workspace/TP Final/Drivers/CMSIS/Include" -I"/home/felipe/Desktop/PdM_workspace/TP Final/Drivers/CMSIS/Device/ST/STM32F4xx/Include" -I"/home/felipe/Desktop/PdM_workspace/TP Final/Drivers/BSP/STM32F4xx_Nucleo_144" -I"/home/felipe/Desktop/PdM_workspace/TP Final/Drivers/Core/Inc" -I"/home/felipe/Desktop/PdM_workspace/TP Final/Drivers/API/Inc" -O0 -ffunction-sections -fdata-sections -Wall -fstack-usage -fcyclomatic-complexity -MMD -MP -MF"Drivers/API/Src/API_hd44780.d" -MT"Drivers/API/Src/API_hd44780.o" --specs=nano.specs -mfpu=fpv4-sp-d16 -mfloat-abi=hard -mthumb -o "Drivers/API/Src/API_hd44780.o"
../Drivers/API/Src/API_hd44780.c:16:13: warning: 'DelayUS' declared 'static' but never defined [-Wunused-function]
   16 | static void DelayUS(uint32_t us);
      |             ^~~~~~~
../Drivers/API/Src/API_hd44780.c:17:13: warning: 'SetCursor' declared 'static' but never defined [-Wunused-function]
   17 | static void SetCursor(uint8_t col, uint8_t row);
      |             ^~~~~~~~~
arm-none-eabi-gcc -o "TP Final.elf" @"objects.list"   -mcpu=cortex-m4 -T"/home/felipe/Desktop/PdM_workspace/TP Final/STM32F429ZITX_FLASH.ld" --specs=nosys.specs -Wl,-Map="TP Final.map" -Wl,--gc-sections -static --specs=nano.specs -mfpu=fpv4-sp-d16 -mfloat-abi=hard -mthumb -Wl,--start-group -lc -lm -Wl,--end-group
Finished building target: TP Final.elf
 
arm-none-eabi-size  TP\ Final.elf 
arm-none-eabi-objdump -h -S TP\ Final.elf  > "TP Final.list"
   text	   data	    bss	    dec	    hex	filename
  34276	    468	   5632	  40376	   9db8	TP Final.elf
Finished building: default.size.stdout
 
Finished building: TP Final.list
 
10:49:15 **** Incremental Build of configuration Debug for project TP Final ****
make -j4 all 
arm-none-eabi-gcc "../Drivers/API/Src/API_hd44780.c" -mcpu=cortex-m4 -std=gnu11 -g3 -DDEBUG -DSTM32 -DSTM32F429ZITx -DSTM32F4 -DNUCLEO_F429ZI -DUSE_HAL_DRIVER -DSTM32F429xx -c -I../Inc -I"/home/felipe/Desktop/PdM_workspace/TP Final/Drivers/STM32F4xx_HAL_Driver/Inc" -I"/home/felipe/Desktop/PdM_workspace/TP Final/Drivers/CMSIS/Include" -I"/home/felipe/Desktop/PdM_workspace/TP Final/Drivers/CMSIS/Device/ST/STM32F4xx/Include" -I"/home/felipe/Desktop/PdM_workspace/TP Final/Drivers/BSP/STM32F4xx_Nucleo_144" -I"/home/felipe/Desktop/PdM_workspace/TP Final/Drivers/Core/Inc" -I"/home/felipe/Desktop/PdM_workspace/TP Final/Drivers/API/Inc" -O0 -ffunction-sections -fdata-sections -Wall -fstack-usage -fcyclomatic-complexity -MMD -MP -MF"Drivers/API/Src/API_hd44780.d" -MT"Drivers/API/Src/API_hd44780.o" --specs=nano.specs -mfpu=fpv4-sp-d16 -mfloat-abi=hard -mthumb -o "Drivers/API/Src/API_hd44780.o"
../Drivers/API/Src/API_hd44780.c:16:13: warning: 'DelayUS' declared 'static' but never defined [-Wunused-function]
   16 | static void DelayUS(uint32_t us);
      |             ^~~~~~~
arm-none-eabi-gcc -o "TP Final.elf" @"objects.list"   -mcpu=cortex-m4 -T"/home/felipe/Desktop/PdM_workspace/TP Final/STM32F429ZITX_FLASH.ld" --specs=nosys.specs -Wl,-Map="TP Final.map" -Wl,--gc-sections -static --specs=nano.specs -mfpu=fpv4-sp-d16 -mfloat-abi=hard -mthumb -Wl,--start-group -lc -lm -Wl,--end-group
Finished building target: TP Final.elf
 
arm-none-eabi-size  TP\ Final.elf 
arm-none-eabi-objdump -h -S TP\ Final.elf  > "TP Final.list"
   text	   data	    bss	    dec	    hex	filename
  34276	    468	   5632	  40376	   9db8	TP Final.elf
Finished building: default.size.stdout
 
Finished building: TP Final.list
 
10:52:50 **** Incremental Build of configuration Debug for project TP Final ****
make -j4 all 
arm-none-eabi-gcc "../Drivers/API/Src/API_hd44780.c" -mcpu=cortex-m4 -std=gnu11 -g3 -DDEBUG -DSTM32 -DSTM32F429ZITx -DSTM32F4 -DNUCLEO_F429ZI -DUSE_HAL_DRIVER -DSTM32F429xx -c -I../Inc -I"/home/felipe/Desktop/PdM_workspace/TP Final/Drivers/STM32F4xx_HAL_Driver/Inc" -I"/home/felipe/Desktop/PdM_workspace/TP Final/Drivers/CMSIS/Include" -I"/home/felipe/Desktop/PdM_workspace/TP Final/Drivers/CMSIS/Device/ST/STM32F4xx/Include" -I"/home/felipe/Desktop/PdM_workspace/TP Final/Drivers/BSP/STM32F4xx_Nucleo_144" -I"/home/felipe/Desktop/PdM_workspace/TP Final/Drivers/Core/Inc" -I"/home/felipe/Desktop/PdM_workspace/TP Final/Drivers/API/Inc" -O0 -ffunction-sections -fdata-sections -Wall -fstack-usage -fcyclomatic-complexity -MMD -MP -MF"Drivers/API/Src/API_hd44780.d" -MT"Drivers/API/Src/API_hd44780.o" --specs=nano.specs -mfpu=fpv4-sp-d16 -mfloat-abi=hard -mthumb -o "Drivers/API/Src/API_hd44780.o"
arm-none-eabi-gcc -o "TP Final.elf" @"objects.list"   -mcpu=cortex-m4 -T"/home/felipe/Desktop/PdM_workspace/TP Final/STM32F429ZITX_FLASH.ld" --specs=nosys.specs -Wl,-Map="TP Final.map" -Wl,--gc-sections -static --specs=nano.specs -mfpu=fpv4-sp-d16 -mfloat-abi=hard -mthumb -Wl,--start-group -lc -lm -Wl,--end-group
Finished building target: TP Final.elf
 
arm-none-eabi-size  TP\ Final.elf 
arm-none-eabi-objdump -h -S TP\ Final.elf  > "TP Final.list"
   text	   data	    bss	    dec	    hex	filename
  34292	    468	   5632	  40392	   9dc8	TP Final.elf
Finished building: default.size.stdout
 
Finished building: TP Final.list
 
10:57:11 **** Incremental Build of configuration Debug for project TP Final ****
make -j4 all 
arm-none-eabi-gcc "../Src/main.c" -mcpu=cortex-m4 -std=gnu11 -g3 -DDEBUG -DSTM32 -DSTM32F429ZITx -DSTM32F4 -DNUCLEO_F429ZI -DUSE_HAL_DRIVER -DSTM32F429xx -c -I../Inc -I"/home/felipe/Desktop/PdM_workspace/TP Final/Drivers/STM32F4xx_HAL_Driver/Inc" -I"/home/felipe/Desktop/PdM_workspace/TP Final/Drivers/CMSIS/Include" -I"/home/felipe/Desktop/PdM_workspace/TP Final/Drivers/CMSIS/Device/ST/STM32F4xx/Include" -I"/home/felipe/Desktop/PdM_workspace/TP Final/Drivers/BSP/STM32F4xx_Nucleo_144" -I"/home/felipe/Desktop/PdM_workspace/TP Final/Drivers/Core/Inc" -I"/home/felipe/Desktop/PdM_workspace/TP Final/Drivers/API/Inc" -O0 -ffunction-sections -fdata-sections -Wall -fstack-usage -fcyclomatic-complexity -MMD -MP -MF"Src/main.d" -MT"Src/main.o" --specs=nano.specs -mfpu=fpv4-sp-d16 -mfloat-abi=hard -mthumb -o "Src/main.o"
arm-none-eabi-gcc "../Drivers/API/Src/API_gps.c" -mcpu=cortex-m4 -std=gnu11 -g3 -DDEBUG -DSTM32 -DSTM32F429ZITx -DSTM32F4 -DNUCLEO_F429ZI -DUSE_HAL_DRIVER -DSTM32F429xx -c -I../Inc -I"/home/felipe/Desktop/PdM_workspace/TP Final/Drivers/STM32F4xx_HAL_Driver/Inc" -I"/home/felipe/Desktop/PdM_workspace/TP Final/Drivers/CMSIS/Include" -I"/home/felipe/Desktop/PdM_workspace/TP Final/Drivers/CMSIS/Device/ST/STM32F4xx/Include" -I"/home/felipe/Desktop/PdM_workspace/TP Final/Drivers/BSP/STM32F4xx_Nucleo_144" -I"/home/felipe/Desktop/PdM_workspace/TP Final/Drivers/Core/Inc" -I"/home/felipe/Desktop/PdM_workspace/TP Final/Drivers/API/Inc" -O0 -ffunction-sections -fdata-sections -Wall -fstack-usage -fcyclomatic-complexity -MMD -MP -MF"Drivers/API/Src/API_gps.d" -MT"Drivers/API/Src/API_gps.o" --specs=nano.specs -mfpu=fpv4-sp-d16 -mfloat-abi=hard -mthumb -o "Drivers/API/Src/API_gps.o"
arm-none-eabi-gcc "../Drivers/API/Src/API_hd44780.c" -mcpu=cortex-m4 -std=gnu11 -g3 -DDEBUG -DSTM32 -DSTM32F429ZITx -DSTM32F4 -DNUCLEO_F429ZI -DUSE_HAL_DRIVER -DSTM32F429xx -c -I../Inc -I"/home/felipe/Desktop/PdM_workspace/TP Final/Drivers/STM32F4xx_HAL_Driver/Inc" -I"/home/felipe/Desktop/PdM_workspace/TP Final/Drivers/CMSIS/Include" -I"/home/felipe/Desktop/PdM_workspace/TP Final/Drivers/CMSIS/Device/ST/STM32F4xx/Include" -I"/home/felipe/Desktop/PdM_workspace/TP Final/Drivers/BSP/STM32F4xx_Nucleo_144" -I"/home/felipe/Desktop/PdM_workspace/TP Final/Drivers/Core/Inc" -I"/home/felipe/Desktop/PdM_workspace/TP Final/Drivers/API/Inc" -O0 -ffunction-sections -fdata-sections -Wall -fstack-usage -fcyclomatic-complexity -MMD -MP -MF"Drivers/API/Src/API_hd44780.d" -MT"Drivers/API/Src/API_hd44780.o" --specs=nano.specs -mfpu=fpv4-sp-d16 -mfloat-abi=hard -mthumb -o "Drivers/API/Src/API_hd44780.o"
arm-none-eabi-gcc "../Drivers/API/Src/API_i2c.c" -mcpu=cortex-m4 -std=gnu11 -g3 -DDEBUG -DSTM32 -DSTM32F429ZITx -DSTM32F4 -DNUCLEO_F429ZI -DUSE_HAL_DRIVER -DSTM32F429xx -c -I../Inc -I"/home/felipe/Desktop/PdM_workspace/TP Final/Drivers/STM32F4xx_HAL_Driver/Inc" -I"/home/felipe/Desktop/PdM_workspace/TP Final/Drivers/CMSIS/Include" -I"/home/felipe/Desktop/PdM_workspace/TP Final/Drivers/CMSIS/Device/ST/STM32F4xx/Include" -I"/home/felipe/Desktop/PdM_workspace/TP Final/Drivers/BSP/STM32F4xx_Nucleo_144" -I"/home/felipe/Desktop/PdM_workspace/TP Final/Drivers/Core/Inc" -I"/home/felipe/Desktop/PdM_workspace/TP Final/Drivers/API/Inc" -O0 -ffunction-sections -fdata-sections -Wall -fstack-usage -fcyclomatic-complexity -MMD -MP -MF"Drivers/API/Src/API_i2c.d" -MT"Drivers/API/Src/API_i2c.o" --specs=nano.specs -mfpu=fpv4-sp-d16 -mfloat-abi=hard -mthumb -o "Drivers/API/Src/API_i2c.o"
../Src/main.c:13: warning: "DEBUG" redefined
   13 | #define DEBUG true
      | 
<command-line>: note: this is the location of the previous definition
../Src/main.c: In function 'main':
../Src/main.c:22:5: warning: implicit declaration of function 'gpsFSM_init' [-Wimplicit-function-declaration]
   22 |     gpsFSM_init();
      |     ^~~~~~~~~~~
../Drivers/API/Src/API_gps.c: In function 'gpsFSM_update':
../Drivers/API/Src/API_gps.c:240:15: warning: assignment discards 'const' qualifier from pointer target type [-Wdiscarded-qualifiers]
  240 |     stateData = Get_NMEA_Data();
      |               ^
../Src/main.c:32:9: warning: implicit declaration of function 'HAL_Delay_Wrapper' [-Wimplicit-function-declaration]
   32 |         HAL_Delay_Wrapper(500);
      |         ^~~~~~~~~~~~~~~~~
../Drivers/API/Src/API_gps.c:288:13: warning: implicit declaration of function 'Error_Handler' [-Wimplicit-function-declaration]
  288 |             Error_Handler();
      |             ^~~~~~~~~~~~~
../Drivers/API/Src/API_gps.c: At top level:
../Drivers/API/Src/API_gps.c:30:15: warning: 'navFix' defined but not used [-Wunused-variable]
   30 | static bool_t navFix;         /**< Navigation fix status */
      |               ^~~~~~
../Src/main.c:76:9: warning: implicit declaration of function 'gpsFSM_update' [-Wimplicit-function-declaration]
   76 |         gpsFSM_update();
      |         ^~~~~~~~~~~~~
../Src/main.c:84:42: warning: assignment discards 'const' qualifier from pointer target type [-Wdiscarded-qualifiers]
   84 |                                 nmeaData = Get_NMEA_Data();
      |                                          ^
In file included from ../Src/main.c:4:
/home/felipe/Desktop/PdM_workspace/TP Final/Drivers/API/Inc/API_i2c.h: At top level:
/home/felipe/Desktop/PdM_workspace/TP Final/Drivers/API/Inc/API_i2c.h:14:13: warning: 'I2C1_GPIO_Init' declared 'static' but never defined [-Wunused-function]
   14 | static void I2C1_GPIO_Init();
      |             ^~~~~~~~~~~~~~
arm-none-eabi-gcc -o "TP Final.elf" @"objects.list"   -mcpu=cortex-m4 -T"/home/felipe/Desktop/PdM_workspace/TP Final/STM32F429ZITX_FLASH.ld" --specs=nosys.specs -Wl,-Map="TP Final.map" -Wl,--gc-sections -static --specs=nano.specs -mfpu=fpv4-sp-d16 -mfloat-abi=hard -mthumb -Wl,--start-group -lc -lm -Wl,--end-group
Finished building target: TP Final.elf
 
arm-none-eabi-size  TP\ Final.elf 
arm-none-eabi-objdump -h -S TP\ Final.elf  > "TP Final.list"
   text	   data	    bss	    dec	    hex	filename
  34292	    468	   5632	  40392	   9dc8	TP Final.elf
Finished building: default.size.stdout
 
Finished building: TP Final.list
 
10:59:34 **** Incremental Build of configuration Debug for project TP Final ****
make -j4 all 
arm-none-eabi-gcc "../Src/main.c" -mcpu=cortex-m4 -std=gnu11 -g3 -DDEBUG -DSTM32 -DSTM32F429ZITx -DSTM32F4 -DNUCLEO_F429ZI -DUSE_HAL_DRIVER -DSTM32F429xx -c -I../Inc -I"/home/felipe/Desktop/PdM_workspace/TP Final/Drivers/STM32F4xx_HAL_Driver/Inc" -I"/home/felipe/Desktop/PdM_workspace/TP Final/Drivers/CMSIS/Include" -I"/home/felipe/Desktop/PdM_workspace/TP Final/Drivers/CMSIS/Device/ST/STM32F4xx/Include" -I"/home/felipe/Desktop/PdM_workspace/TP Final/Drivers/BSP/STM32F4xx_Nucleo_144" -I"/home/felipe/Desktop/PdM_workspace/TP Final/Drivers/Core/Inc" -I"/home/felipe/Desktop/PdM_workspace/TP Final/Drivers/API/Inc" -O0 -ffunction-sections -fdata-sections -Wall -fstack-usage -fcyclomatic-complexity -MMD -MP -MF"Src/main.d" -MT"Src/main.o" --specs=nano.specs -mfpu=fpv4-sp-d16 -mfloat-abi=hard -mthumb -o "Src/main.o"
arm-none-eabi-gcc "../Drivers/API/Src/API_gps.c" -mcpu=cortex-m4 -std=gnu11 -g3 -DDEBUG -DSTM32 -DSTM32F429ZITx -DSTM32F4 -DNUCLEO_F429ZI -DUSE_HAL_DRIVER -DSTM32F429xx -c -I../Inc -I"/home/felipe/Desktop/PdM_workspace/TP Final/Drivers/STM32F4xx_HAL_Driver/Inc" -I"/home/felipe/Desktop/PdM_workspace/TP Final/Drivers/CMSIS/Include" -I"/home/felipe/Desktop/PdM_workspace/TP Final/Drivers/CMSIS/Device/ST/STM32F4xx/Include" -I"/home/felipe/Desktop/PdM_workspace/TP Final/Drivers/BSP/STM32F4xx_Nucleo_144" -I"/home/felipe/Desktop/PdM_workspace/TP Final/Drivers/Core/Inc" -I"/home/felipe/Desktop/PdM_workspace/TP Final/Drivers/API/Inc" -O0 -ffunction-sections -fdata-sections -Wall -fstack-usage -fcyclomatic-complexity -MMD -MP -MF"Drivers/API/Src/API_gps.d" -MT"Drivers/API/Src/API_gps.o" --specs=nano.specs -mfpu=fpv4-sp-d16 -mfloat-abi=hard -mthumb -o "Drivers/API/Src/API_gps.o"
arm-none-eabi-gcc "../Drivers/API/Src/API_hd44780.c" -mcpu=cortex-m4 -std=gnu11 -g3 -DDEBUG -DSTM32 -DSTM32F429ZITx -DSTM32F4 -DNUCLEO_F429ZI -DUSE_HAL_DRIVER -DSTM32F429xx -c -I../Inc -I"/home/felipe/Desktop/PdM_workspace/TP Final/Drivers/STM32F4xx_HAL_Driver/Inc" -I"/home/felipe/Desktop/PdM_workspace/TP Final/Drivers/CMSIS/Include" -I"/home/felipe/Desktop/PdM_workspace/TP Final/Drivers/CMSIS/Device/ST/STM32F4xx/Include" -I"/home/felipe/Desktop/PdM_workspace/TP Final/Drivers/BSP/STM32F4xx_Nucleo_144" -I"/home/felipe/Desktop/PdM_workspace/TP Final/Drivers/Core/Inc" -I"/home/felipe/Desktop/PdM_workspace/TP Final/Drivers/API/Inc" -O0 -ffunction-sections -fdata-sections -Wall -fstack-usage -fcyclomatic-complexity -MMD -MP -MF"Drivers/API/Src/API_hd44780.d" -MT"Drivers/API/Src/API_hd44780.o" --specs=nano.specs -mfpu=fpv4-sp-d16 -mfloat-abi=hard -mthumb -o "Drivers/API/Src/API_hd44780.o"
arm-none-eabi-gcc "../Drivers/API/Src/API_i2c.c" -mcpu=cortex-m4 -std=gnu11 -g3 -DDEBUG -DSTM32 -DSTM32F429ZITx -DSTM32F4 -DNUCLEO_F429ZI -DUSE_HAL_DRIVER -DSTM32F429xx -c -I../Inc -I"/home/felipe/Desktop/PdM_workspace/TP Final/Drivers/STM32F4xx_HAL_Driver/Inc" -I"/home/felipe/Desktop/PdM_workspace/TP Final/Drivers/CMSIS/Include" -I"/home/felipe/Desktop/PdM_workspace/TP Final/Drivers/CMSIS/Device/ST/STM32F4xx/Include" -I"/home/felipe/Desktop/PdM_workspace/TP Final/Drivers/BSP/STM32F4xx_Nucleo_144" -I"/home/felipe/Desktop/PdM_workspace/TP Final/Drivers/Core/Inc" -I"/home/felipe/Desktop/PdM_workspace/TP Final/Drivers/API/Inc" -O0 -ffunction-sections -fdata-sections -Wall -fstack-usage -fcyclomatic-complexity -MMD -MP -MF"Drivers/API/Src/API_i2c.d" -MT"Drivers/API/Src/API_i2c.o" --specs=nano.specs -mfpu=fpv4-sp-d16 -mfloat-abi=hard -mthumb -o "Drivers/API/Src/API_i2c.o"
../Src/main.c:13: warning: "DEBUG" redefined
   13 | #define DEBUG true
      | 
<command-line>: note: this is the location of the previous definition
../Src/main.c: In function 'main':
../Src/main.c:22:5: warning: implicit declaration of function 'gpsFSM_init' [-Wimplicit-function-declaration]
   22 |     gpsFSM_init();
      |     ^~~~~~~~~~~
../Drivers/API/Src/API_gps.c: In function 'gpsFSM_update':
../Drivers/API/Src/API_gps.c:240:15: warning: assignment discards 'const' qualifier from pointer target type [-Wdiscarded-qualifiers]
  240 |     stateData = Get_NMEA_Data();
      |               ^
../Src/main.c:32:9: warning: implicit declaration of function 'HAL_Delay_Wrapper' [-Wimplicit-function-declaration]
   32 |         HAL_Delay_Wrapper(500);
      |         ^~~~~~~~~~~~~~~~~
../Drivers/API/Src/API_gps.c:288:13: warning: implicit declaration of function 'Error_Handler' [-Wimplicit-function-declaration]
  288 |             Error_Handler();
      |             ^~~~~~~~~~~~~
../Drivers/API/Src/API_gps.c: At top level:
../Drivers/API/Src/API_gps.c:30:15: warning: 'navFix' defined but not used [-Wunused-variable]
   30 | static bool_t navFix;         /**< Navigation fix status */
      |               ^~~~~~
../Src/main.c:76:9: warning: implicit declaration of function 'gpsFSM_update' [-Wimplicit-function-declaration]
   76 |         gpsFSM_update();
      |         ^~~~~~~~~~~~~
../Src/main.c:84:42: warning: assignment discards 'const' qualifier from pointer target type [-Wdiscarded-qualifiers]
   84 |                                 nmeaData = Get_NMEA_Data();
      |                                          ^
In file included from ../Src/main.c:4:
/home/felipe/Desktop/PdM_workspace/TP Final/Drivers/API/Inc/API_i2c.h: At top level:
/home/felipe/Desktop/PdM_workspace/TP Final/Drivers/API/Inc/API_i2c.h:14:13: warning: 'I2C1_GPIO_Init' declared 'static' but never defined [-Wunused-function]
   14 | static void I2C1_GPIO_Init();
      |             ^~~~~~~~~~~~~~
arm-none-eabi-gcc -o "TP Final.elf" @"objects.list"   -mcpu=cortex-m4 -T"/home/felipe/Desktop/PdM_workspace/TP Final/STM32F429ZITX_FLASH.ld" --specs=nosys.specs -Wl,-Map="TP Final.map" -Wl,--gc-sections -static --specs=nano.specs -mfpu=fpv4-sp-d16 -mfloat-abi=hard -mthumb -Wl,--start-group -lc -lm -Wl,--end-group
Finished building target: TP Final.elf
 
arm-none-eabi-size  TP\ Final.elf 
arm-none-eabi-objdump -h -S TP\ Final.elf  > "TP Final.list"
   text	   data	    bss	    dec	    hex	filename
  34292	    468	   5632	  40392	   9dc8	TP Final.elf
Finished building: default.size.stdout
 
Finished building: TP Final.list
 
