20:12:00 **** Incremental Build of configuration Debug for project prueba de uart ****
make -j4 all 
arm-none-eabi-gcc "../Src/main.c" -mcpu=cortex-m4 -std=gnu11 -g3 -DDEBUG -DSTM32 -DSTM32F429ZITx -DSTM32F4 -DNUCLEO_F429ZI -DUSE_HAL_DRIVER -DSTM32F429xx -c -I../Inc -I"/home/felipe/Desktop/PdM_workspace/prueba de uart/Drivers/STM32F4xx_HAL_Driver/Inc" -I"/home/felipe/Desktop/PdM_workspace/prueba de uart/Drivers/CMSIS/Include" -I"/home/felipe/Desktop/PdM_workspace/prueba de uart/Drivers/CMSIS/Device/ST/STM32F4xx/Include" -I"/home/felipe/Desktop/PdM_workspace/prueba de uart/Drivers/BSP/STM32F4xx_Nucleo_144" -I"/home/felipe/Desktop/PdM_workspace/prueba de uart/Drivers/Core/Inc" -I"/home/felipe/Desktop/PdM_workspace/prueba de uart/Drivers/API/Inc" -O0 -ffunction-sections -fdata-sections -Wall -fstack-usage -fcyclomatic-complexity -MMD -MP -MF"Src/main.d" -MT"Src/main.o" --specs=nano.specs -mfpu=fpv4-sp-d16 -mfloat-abi=hard -mthumb -o "Src/main.o"
arm-none-eabi-gcc "../Drivers/API/Src/API_gps.c" -mcpu=cortex-m4 -std=gnu11 -g3 -DDEBUG -DSTM32 -DSTM32F429ZITx -DSTM32F4 -DNUCLEO_F429ZI -DUSE_HAL_DRIVER -DSTM32F429xx -c -I../Inc -I"/home/felipe/Desktop/PdM_workspace/prueba de uart/Drivers/STM32F4xx_HAL_Driver/Inc" -I"/home/felipe/Desktop/PdM_workspace/prueba de uart/Drivers/CMSIS/Include" -I"/home/felipe/Desktop/PdM_workspace/prueba de uart/Drivers/CMSIS/Device/ST/STM32F4xx/Include" -I"/home/felipe/Desktop/PdM_workspace/prueba de uart/Drivers/BSP/STM32F4xx_Nucleo_144" -I"/home/felipe/Desktop/PdM_workspace/prueba de uart/Drivers/Core/Inc" -I"/home/felipe/Desktop/PdM_workspace/prueba de uart/Drivers/API/Inc" -O0 -ffunction-sections -fdata-sections -Wall -fstack-usage -fcyclomatic-complexity -MMD -MP -MF"Drivers/API/Src/API_gps.d" -MT"Drivers/API/Src/API_gps.o" --specs=nano.specs -mfpu=fpv4-sp-d16 -mfloat-abi=hard -mthumb -o "Drivers/API/Src/API_gps.o"
arm-none-eabi-gcc "../Drivers/API/Src/API_hd44780.c" -mcpu=cortex-m4 -std=gnu11 -g3 -DDEBUG -DSTM32 -DSTM32F429ZITx -DSTM32F4 -DNUCLEO_F429ZI -DUSE_HAL_DRIVER -DSTM32F429xx -c -I../Inc -I"/home/felipe/Desktop/PdM_workspace/prueba de uart/Drivers/STM32F4xx_HAL_Driver/Inc" -I"/home/felipe/Desktop/PdM_workspace/prueba de uart/Drivers/CMSIS/Include" -I"/home/felipe/Desktop/PdM_workspace/prueba de uart/Drivers/CMSIS/Device/ST/STM32F4xx/Include" -I"/home/felipe/Desktop/PdM_workspace/prueba de uart/Drivers/BSP/STM32F4xx_Nucleo_144" -I"/home/felipe/Desktop/PdM_workspace/prueba de uart/Drivers/Core/Inc" -I"/home/felipe/Desktop/PdM_workspace/prueba de uart/Drivers/API/Inc" -O0 -ffunction-sections -fdata-sections -Wall -fstack-usage -fcyclomatic-complexity -MMD -MP -MF"Drivers/API/Src/API_hd44780.d" -MT"Drivers/API/Src/API_hd44780.o" --specs=nano.specs -mfpu=fpv4-sp-d16 -mfloat-abi=hard -mthumb -o "Drivers/API/Src/API_hd44780.o"
arm-none-eabi-gcc "../Drivers/API/Src/API_i2c.c" -mcpu=cortex-m4 -std=gnu11 -g3 -DDEBUG -DSTM32 -DSTM32F429ZITx -DSTM32F4 -DNUCLEO_F429ZI -DUSE_HAL_DRIVER -DSTM32F429xx -c -I../Inc -I"/home/felipe/Desktop/PdM_workspace/prueba de uart/Drivers/STM32F4xx_HAL_Driver/Inc" -I"/home/felipe/Desktop/PdM_workspace/prueba de uart/Drivers/CMSIS/Include" -I"/home/felipe/Desktop/PdM_workspace/prueba de uart/Drivers/CMSIS/Device/ST/STM32F4xx/Include" -I"/home/felipe/Desktop/PdM_workspace/prueba de uart/Drivers/BSP/STM32F4xx_Nucleo_144" -I"/home/felipe/Desktop/PdM_workspace/prueba de uart/Drivers/Core/Inc" -I"/home/felipe/Desktop/PdM_workspace/prueba de uart/Drivers/API/Inc" -O0 -ffunction-sections -fdata-sections -Wall -fstack-usage -fcyclomatic-complexity -MMD -MP -MF"Drivers/API/Src/API_i2c.d" -MT"Drivers/API/Src/API_i2c.o" --specs=nano.specs -mfpu=fpv4-sp-d16 -mfloat-abi=hard -mthumb -o "Drivers/API/Src/API_i2c.o"
../Src/main.c:12: warning: "DEBUG" redefined
   12 | #define DEBUG true
      | 
<command-line>: note: this is the location of the previous definition
../Src/main.c: In function 'main':
../Src/main.c:80:42: warning: assignment discards 'const' qualifier from pointer target type [-Wdiscarded-qualifiers]
   80 |                                 nmeaData = Get_NMEA_Data();
      |                                          ^
In file included from ../Src/main.c:4:
/home/felipe/Desktop/PdM_workspace/prueba de uart/Drivers/API/Inc/API_i2c.h: At top level:
/home/felipe/Desktop/PdM_workspace/prueba de uart/Drivers/API/Inc/API_i2c.h:14:13: warning: 'I2C1_GPIO_Init' declared 'static' but never defined [-Wunused-function]
   14 | static void I2C1_GPIO_Init();
      |             ^~~~~~~~~~~~~~
../Drivers/API/Src/API_hd44780.c:16:13: warning: 'SetCursor' declared 'static' but never defined [-Wunused-function]
   16 | static void SetCursor(uint8_t, uint8_t);
      |             ^~~~~~~~~
arm-none-eabi-gcc "../Drivers/API/Src/API_uart.c" -mcpu=cortex-m4 -std=gnu11 -g3 -DDEBUG -DSTM32 -DSTM32F429ZITx -DSTM32F4 -DNUCLEO_F429ZI -DUSE_HAL_DRIVER -DSTM32F429xx -c -I../Inc -I"/home/felipe/Desktop/PdM_workspace/prueba de uart/Drivers/STM32F4xx_HAL_Driver/Inc" -I"/home/felipe/Desktop/PdM_workspace/prueba de uart/Drivers/CMSIS/Include" -I"/home/felipe/Desktop/PdM_workspace/prueba de uart/Drivers/CMSIS/Device/ST/STM32F4xx/Include" -I"/home/felipe/Desktop/PdM_workspace/prueba de uart/Drivers/BSP/STM32F4xx_Nucleo_144" -I"/home/felipe/Desktop/PdM_workspace/prueba de uart/Drivers/Core/Inc" -I"/home/felipe/Desktop/PdM_workspace/prueba de uart/Drivers/API/Inc" -O0 -ffunction-sections -fdata-sections -Wall -fstack-usage -fcyclomatic-complexity -MMD -MP -MF"Drivers/API/Src/API_uart.d" -MT"Drivers/API/Src/API_uart.o" --specs=nano.specs -mfpu=fpv4-sp-d16 -mfloat-abi=hard -mthumb -o "Drivers/API/Src/API_uart.o"
../Drivers/API/Src/API_uart.c: In function 'UART5_Send_String':
../Drivers/API/Src/API_uart.c:148:55: warning: implicit declaration of function 'strlen' [-Wimplicit-function-declaration]
  148 |         HAL_UART_Transmit(&huart5,(uint8_t*) pstring, strlen((const char*) pstring), UART_MAX_TIMEOUT);
      |                                                       ^~~~~~
../Drivers/API/Src/API_uart.c:11:1: note: include '<string.h>' or provide a declaration of 'strlen'
   10 | #include "main.h"
  +++ |+#include <string.h>
   11 | 
../Drivers/API/Src/API_uart.c:148:55: warning: incompatible implicit declaration of built-in function 'strlen' [-Wbuiltin-declaration-mismatch]
  148 |         HAL_UART_Transmit(&huart5,(uint8_t*) pstring, strlen((const char*) pstring), UART_MAX_TIMEOUT);
      |                                                       ^~~~~~
../Drivers/API/Src/API_uart.c:148:55: note: include '<string.h>' or provide a declaration of 'strlen'
../Drivers/API/Src/API_uart.c: In function 'USART2_Send_String':
../Drivers/API/Src/API_uart.c:152:55: warning: incompatible implicit declaration of built-in function 'strlen' [-Wbuiltin-declaration-mismatch]
  152 |         HAL_UART_Transmit(&huart2,(uint8_t*) pstring, strlen((const char*) pstring), UART_MAX_TIMEOUT);
      |                                                       ^~~~~~
../Drivers/API/Src/API_uart.c:152:55: note: include '<string.h>' or provide a declaration of 'strlen'
arm-none-eabi-gcc -o "prueba de uart.elf" @"objects.list"   -mcpu=cortex-m4 -T"/home/felipe/Desktop/PdM_workspace/prueba de uart/STM32F429ZITX_FLASH.ld" --specs=nosys.specs -Wl,-Map="prueba de uart.map" -Wl,--gc-sections -static --specs=nano.specs -mfpu=fpv4-sp-d16 -mfloat-abi=hard -mthumb -Wl,--start-group -lc -lm -Wl,--end-group
Finished building target: prueba de uart.elf
 
arm-none-eabi-size  prueba\ de\ uart.elf 
arm-none-eabi-objdump -h -S prueba\ de\ uart.elf  > "prueba de uart.list"
   text	   data	    bss	    dec	    hex	filename
  33228	    468	   4088	  37784	   9398	prueba de uart.elf
Finished building: default.size.stdout
 
Finished building: prueba de uart.list
 
20:18:48 **** Incremental Build of configuration Debug for project prueba de uart ****
make -j4 all 
arm-none-eabi-gcc "../Src/main.c" -mcpu=cortex-m4 -std=gnu11 -g3 -DDEBUG -DSTM32 -DSTM32F429ZITx -DSTM32F4 -DNUCLEO_F429ZI -DUSE_HAL_DRIVER -DSTM32F429xx -c -I../Inc -I"/home/felipe/Desktop/PdM_workspace/prueba de uart/Drivers/STM32F4xx_HAL_Driver/Inc" -I"/home/felipe/Desktop/PdM_workspace/prueba de uart/Drivers/CMSIS/Include" -I"/home/felipe/Desktop/PdM_workspace/prueba de uart/Drivers/CMSIS/Device/ST/STM32F4xx/Include" -I"/home/felipe/Desktop/PdM_workspace/prueba de uart/Drivers/BSP/STM32F4xx_Nucleo_144" -I"/home/felipe/Desktop/PdM_workspace/prueba de uart/Drivers/Core/Inc" -I"/home/felipe/Desktop/PdM_workspace/prueba de uart/Drivers/API/Inc" -O0 -ffunction-sections -fdata-sections -Wall -fstack-usage -fcyclomatic-complexity -MMD -MP -MF"Src/main.d" -MT"Src/main.o" --specs=nano.specs -mfpu=fpv4-sp-d16 -mfloat-abi=hard -mthumb -o "Src/main.o"
../Src/main.c:12: warning: "DEBUG" redefined
   12 | #define DEBUG true
      | 
<command-line>: note: this is the location of the previous definition
../Src/main.c: In function 'main':
../Src/main.c:80:42: warning: assignment discards 'const' qualifier from pointer target type [-Wdiscarded-qualifiers]
   80 |                                 nmeaData = Get_NMEA_Data();
      |                                          ^
In file included from ../Src/main.c:4:
/home/felipe/Desktop/PdM_workspace/prueba de uart/Drivers/API/Inc/API_i2c.h: At top level:
/home/felipe/Desktop/PdM_workspace/prueba de uart/Drivers/API/Inc/API_i2c.h:14:13: warning: 'I2C1_GPIO_Init' declared 'static' but never defined [-Wunused-function]
   14 | static void I2C1_GPIO_Init();
      |             ^~~~~~~~~~~~~~
arm-none-eabi-gcc -o "prueba de uart.elf" @"objects.list"   -mcpu=cortex-m4 -T"/home/felipe/Desktop/PdM_workspace/prueba de uart/STM32F429ZITX_FLASH.ld" --specs=nosys.specs -Wl,-Map="prueba de uart.map" -Wl,--gc-sections -static --specs=nano.specs -mfpu=fpv4-sp-d16 -mfloat-abi=hard -mthumb -Wl,--start-group -lc -lm -Wl,--end-group
Finished building target: prueba de uart.elf
 
arm-none-eabi-size  prueba\ de\ uart.elf 
arm-none-eabi-objdump -h -S prueba\ de\ uart.elf  > "prueba de uart.list"
   text	   data	    bss	    dec	    hex	filename
  33356	    468	   4088	  37912	   9418	prueba de uart.elf
Finished building: default.size.stdout
 
Finished building: prueba de uart.list
 
20:23:47 **** Incremental Build of configuration Debug for project prueba de uart ****
make -j4 all 
arm-none-eabi-size  prueba\ de\ uart.elf 
   text	   data	    bss	    dec	    hex	filename
  33356	    468	   4088	  37912	   9418	prueba de uart.elf
Finished building: default.size.stdout
 
20:28:08 **** Incremental Build of configuration Debug for project prueba de uart ****
make -j4 all 
arm-none-eabi-gcc "../Drivers/API/Src/API_uart.c" -mcpu=cortex-m4 -std=gnu11 -g3 -DDEBUG -DSTM32 -DSTM32F429ZITx -DSTM32F4 -DNUCLEO_F429ZI -DUSE_HAL_DRIVER -DSTM32F429xx -c -I../Inc -I"/home/felipe/Desktop/PdM_workspace/prueba de uart/Drivers/STM32F4xx_HAL_Driver/Inc" -I"/home/felipe/Desktop/PdM_workspace/prueba de uart/Drivers/CMSIS/Include" -I"/home/felipe/Desktop/PdM_workspace/prueba de uart/Drivers/CMSIS/Device/ST/STM32F4xx/Include" -I"/home/felipe/Desktop/PdM_workspace/prueba de uart/Drivers/BSP/STM32F4xx_Nucleo_144" -I"/home/felipe/Desktop/PdM_workspace/prueba de uart/Drivers/Core/Inc" -I"/home/felipe/Desktop/PdM_workspace/prueba de uart/Drivers/API/Inc" -O0 -ffunction-sections -fdata-sections -Wall -fstack-usage -fcyclomatic-complexity -MMD -MP -MF"Drivers/API/Src/API_uart.d" -MT"Drivers/API/Src/API_uart.o" --specs=nano.specs -mfpu=fpv4-sp-d16 -mfloat-abi=hard -mthumb -o "Drivers/API/Src/API_uart.o"
../Drivers/API/Src/API_uart.c: In function 'UART5_Send_String':
../Drivers/API/Src/API_uart.c:148:55: warning: implicit declaration of function 'strlen' [-Wimplicit-function-declaration]
  148 |         HAL_UART_Transmit(&huart5,(uint8_t*) pstring, strlen((const char*) pstring), UART_MAX_TIMEOUT);
      |                                                       ^~~~~~
../Drivers/API/Src/API_uart.c:11:1: note: include '<string.h>' or provide a declaration of 'strlen'
   10 | #include "main.h"
  +++ |+#include <string.h>
   11 | 
../Drivers/API/Src/API_uart.c:148:55: warning: incompatible implicit declaration of built-in function 'strlen' [-Wbuiltin-declaration-mismatch]
  148 |         HAL_UART_Transmit(&huart5,(uint8_t*) pstring, strlen((const char*) pstring), UART_MAX_TIMEOUT);
      |                                                       ^~~~~~
../Drivers/API/Src/API_uart.c:148:55: note: include '<string.h>' or provide a declaration of 'strlen'
../Drivers/API/Src/API_uart.c: In function 'USART2_Send_String':
../Drivers/API/Src/API_uart.c:152:55: warning: incompatible implicit declaration of built-in function 'strlen' [-Wbuiltin-declaration-mismatch]
  152 |         HAL_UART_Transmit(&huart2,(uint8_t*) pstring, strlen((const char*) pstring), UART_MAX_TIMEOUT);
      |                                                       ^~~~~~
../Drivers/API/Src/API_uart.c:152:55: note: include '<string.h>' or provide a declaration of 'strlen'
arm-none-eabi-gcc -o "prueba de uart.elf" @"objects.list"   -mcpu=cortex-m4 -T"/home/felipe/Desktop/PdM_workspace/prueba de uart/STM32F429ZITX_FLASH.ld" --specs=nosys.specs -Wl,-Map="prueba de uart.map" -Wl,--gc-sections -static --specs=nano.specs -mfpu=fpv4-sp-d16 -mfloat-abi=hard -mthumb -Wl,--start-group -lc -lm -Wl,--end-group
Finished building target: prueba de uart.elf
 
arm-none-eabi-size  prueba\ de\ uart.elf 
arm-none-eabi-objdump -h -S prueba\ de\ uart.elf  > "prueba de uart.list"
   text	   data	    bss	    dec	    hex	filename
  33332	    468	   4088	  37888	   9400	prueba de uart.elf
Finished building: default.size.stdout
 
Finished building: prueba de uart.list
 
20:32:49 **** Incremental Build of configuration Debug for project prueba de uart ****
make -j4 all 
arm-none-eabi-size  prueba\ de\ uart.elf 
   text	   data	    bss	    dec	    hex	filename
  33332	    468	   4088	  37888	   9400	prueba de uart.elf
Finished building: default.size.stdout
 
20:34:12 **** Incremental Build of configuration Debug for project prueba de uart ****
make -j4 all 
arm-none-eabi-size  prueba\ de\ uart.elf 
   text	   data	    bss	    dec	    hex	filename
  33332	    468	   4088	  37888	   9400	prueba de uart.elf
Finished building: default.size.stdout
 
20:35:20 **** Incremental Build of configuration Debug for project prueba de uart ****
make -j4 all 
arm-none-eabi-size  prueba\ de\ uart.elf 
   text	   data	    bss	    dec	    hex	filename
  33332	    468	   4088	  37888	   9400	prueba de uart.elf
Finished building: default.size.stdout
 
20:44:26 **** Incremental Build of configuration Debug for project prueba de uart ****
make -j4 all 
arm-none-eabi-gcc "../Src/main.c" -mcpu=cortex-m4 -std=gnu11 -g3 -DDEBUG -DSTM32 -DSTM32F429ZITx -DSTM32F4 -DNUCLEO_F429ZI -DUSE_HAL_DRIVER -DSTM32F429xx -c -I../Inc -I"/home/felipe/Desktop/PdM_workspace/prueba de uart/Drivers/STM32F4xx_HAL_Driver/Inc" -I"/home/felipe/Desktop/PdM_workspace/prueba de uart/Drivers/CMSIS/Include" -I"/home/felipe/Desktop/PdM_workspace/prueba de uart/Drivers/CMSIS/Device/ST/STM32F4xx/Include" -I"/home/felipe/Desktop/PdM_workspace/prueba de uart/Drivers/BSP/STM32F4xx_Nucleo_144" -I"/home/felipe/Desktop/PdM_workspace/prueba de uart/Drivers/Core/Inc" -I"/home/felipe/Desktop/PdM_workspace/prueba de uart/Drivers/API/Inc" -O0 -ffunction-sections -fdata-sections -Wall -fstack-usage -fcyclomatic-complexity -MMD -MP -MF"Src/main.d" -MT"Src/main.o" --specs=nano.specs -mfpu=fpv4-sp-d16 -mfloat-abi=hard -mthumb -o "Src/main.o"
arm-none-eabi-gcc "../Drivers/API/Src/API_debounce.c" -mcpu=cortex-m4 -std=gnu11 -g3 -DDEBUG -DSTM32 -DSTM32F429ZITx -DSTM32F4 -DNUCLEO_F429ZI -DUSE_HAL_DRIVER -DSTM32F429xx -c -I../Inc -I"/home/felipe/Desktop/PdM_workspace/prueba de uart/Drivers/STM32F4xx_HAL_Driver/Inc" -I"/home/felipe/Desktop/PdM_workspace/prueba de uart/Drivers/CMSIS/Include" -I"/home/felipe/Desktop/PdM_workspace/prueba de uart/Drivers/CMSIS/Device/ST/STM32F4xx/Include" -I"/home/felipe/Desktop/PdM_workspace/prueba de uart/Drivers/BSP/STM32F4xx_Nucleo_144" -I"/home/felipe/Desktop/PdM_workspace/prueba de uart/Drivers/Core/Inc" -I"/home/felipe/Desktop/PdM_workspace/prueba de uart/Drivers/API/Inc" -O0 -ffunction-sections -fdata-sections -Wall -fstack-usage -fcyclomatic-complexity -MMD -MP -MF"Drivers/API/Src/API_debounce.d" -MT"Drivers/API/Src/API_debounce.o" --specs=nano.specs -mfpu=fpv4-sp-d16 -mfloat-abi=hard -mthumb -o "Drivers/API/Src/API_debounce.o"
arm-none-eabi-gcc "../Drivers/API/Src/API_delay.c" -mcpu=cortex-m4 -std=gnu11 -g3 -DDEBUG -DSTM32 -DSTM32F429ZITx -DSTM32F4 -DNUCLEO_F429ZI -DUSE_HAL_DRIVER -DSTM32F429xx -c -I../Inc -I"/home/felipe/Desktop/PdM_workspace/prueba de uart/Drivers/STM32F4xx_HAL_Driver/Inc" -I"/home/felipe/Desktop/PdM_workspace/prueba de uart/Drivers/CMSIS/Include" -I"/home/felipe/Desktop/PdM_workspace/prueba de uart/Drivers/CMSIS/Device/ST/STM32F4xx/Include" -I"/home/felipe/Desktop/PdM_workspace/prueba de uart/Drivers/BSP/STM32F4xx_Nucleo_144" -I"/home/felipe/Desktop/PdM_workspace/prueba de uart/Drivers/Core/Inc" -I"/home/felipe/Desktop/PdM_workspace/prueba de uart/Drivers/API/Inc" -O0 -ffunction-sections -fdata-sections -Wall -fstack-usage -fcyclomatic-complexity -MMD -MP -MF"Drivers/API/Src/API_delay.d" -MT"Drivers/API/Src/API_delay.o" --specs=nano.specs -mfpu=fpv4-sp-d16 -mfloat-abi=hard -mthumb -o "Drivers/API/Src/API_delay.o"
arm-none-eabi-gcc "../Drivers/API/Src/API_gps.c" -mcpu=cortex-m4 -std=gnu11 -g3 -DDEBUG -DSTM32 -DSTM32F429ZITx -DSTM32F4 -DNUCLEO_F429ZI -DUSE_HAL_DRIVER -DSTM32F429xx -c -I../Inc -I"/home/felipe/Desktop/PdM_workspace/prueba de uart/Drivers/STM32F4xx_HAL_Driver/Inc" -I"/home/felipe/Desktop/PdM_workspace/prueba de uart/Drivers/CMSIS/Include" -I"/home/felipe/Desktop/PdM_workspace/prueba de uart/Drivers/CMSIS/Device/ST/STM32F4xx/Include" -I"/home/felipe/Desktop/PdM_workspace/prueba de uart/Drivers/BSP/STM32F4xx_Nucleo_144" -I"/home/felipe/Desktop/PdM_workspace/prueba de uart/Drivers/Core/Inc" -I"/home/felipe/Desktop/PdM_workspace/prueba de uart/Drivers/API/Inc" -O0 -ffunction-sections -fdata-sections -Wall -fstack-usage -fcyclomatic-complexity -MMD -MP -MF"Drivers/API/Src/API_gps.d" -MT"Drivers/API/Src/API_gps.o" --specs=nano.specs -mfpu=fpv4-sp-d16 -mfloat-abi=hard -mthumb -o "Drivers/API/Src/API_gps.o"
In file included from ../Src/main.c:6:
/home/felipe/Desktop/PdM_workspace/prueba de uart/Drivers/API/Inc/API_pc.h:14:1: error: expected identifier or '(' before '}' token
   14 | }
      | ^
../Src/main.c:13: warning: "DEBUG" redefined
   13 | #define DEBUG true
      | 
<command-line>: note: this is the location of the previous definition
../Src/main.c: In function 'main':
../Src/main.c:81:42: warning: assignment discards 'const' qualifier from pointer target type [-Wdiscarded-qualifiers]
   81 |                                 nmeaData = Get_NMEA_Data();
      |                                          ^
../Src/main.c:94:25: error: too few arguments to function 'Process_PC_Command'
   94 |                         Process_PC_Command();
      |                         ^~~~~~~~~~~~~~~~~~
/home/felipe/Desktop/PdM_workspace/prueba de uart/Drivers/API/Inc/API_pc.h:12:8: note: declared here
   12 | bool_t Process_PC_Command(const char* pc_command);
      |        ^~~~~~~~~~~~~~~~~~
In file included from ../Src/main.c:4:
/home/felipe/Desktop/PdM_workspace/prueba de uart/Drivers/API/Inc/API_i2c.h: At top level:
/home/felipe/Desktop/PdM_workspace/prueba de uart/Drivers/API/Inc/API_i2c.h:14:13: warning: 'I2C1_GPIO_Init' declared 'static' but never defined [-Wunused-function]
   14 | static void I2C1_GPIO_Init();
      |             ^~~~~~~~~~~~~~
make: *** [Src/subdir.mk:22: Src/main.o] Error 1
make: *** Waiting for unfinished jobs....
../Drivers/API/Src/API_debounce.c: In function 'debounceFSM_update':
../Drivers/API/Src/API_debounce.c:64:25: warning: implicit declaration of function 'Error_Handler' [-Wimplicit-function-declaration]
   64 |                         Error_Handler();
      |                         ^~~~~~~~~~~~~
"make -j4 all" terminated with exit code 2. Build might be incomplete.
20:44:36 **** Incremental Build of configuration Debug for project prueba de uart ****
make -j4 all 
arm-none-eabi-gcc "../Src/main.c" -mcpu=cortex-m4 -std=gnu11 -g3 -DDEBUG -DSTM32 -DSTM32F429ZITx -DSTM32F4 -DNUCLEO_F429ZI -DUSE_HAL_DRIVER -DSTM32F429xx -c -I../Inc -I"/home/felipe/Desktop/PdM_workspace/prueba de uart/Drivers/STM32F4xx_HAL_Driver/Inc" -I"/home/felipe/Desktop/PdM_workspace/prueba de uart/Drivers/CMSIS/Include" -I"/home/felipe/Desktop/PdM_workspace/prueba de uart/Drivers/CMSIS/Device/ST/STM32F4xx/Include" -I"/home/felipe/Desktop/PdM_workspace/prueba de uart/Drivers/BSP/STM32F4xx_Nucleo_144" -I"/home/felipe/Desktop/PdM_workspace/prueba de uart/Drivers/Core/Inc" -I"/home/felipe/Desktop/PdM_workspace/prueba de uart/Drivers/API/Inc" -O0 -ffunction-sections -fdata-sections -Wall -fstack-usage -fcyclomatic-complexity -MMD -MP -MF"Src/main.d" -MT"Src/main.o" --specs=nano.specs -mfpu=fpv4-sp-d16 -mfloat-abi=hard -mthumb -o "Src/main.o"
arm-none-eabi-gcc "../Drivers/API/Src/API_hd44780.c" -mcpu=cortex-m4 -std=gnu11 -g3 -DDEBUG -DSTM32 -DSTM32F429ZITx -DSTM32F4 -DNUCLEO_F429ZI -DUSE_HAL_DRIVER -DSTM32F429xx -c -I../Inc -I"/home/felipe/Desktop/PdM_workspace/prueba de uart/Drivers/STM32F4xx_HAL_Driver/Inc" -I"/home/felipe/Desktop/PdM_workspace/prueba de uart/Drivers/CMSIS/Include" -I"/home/felipe/Desktop/PdM_workspace/prueba de uart/Drivers/CMSIS/Device/ST/STM32F4xx/Include" -I"/home/felipe/Desktop/PdM_workspace/prueba de uart/Drivers/BSP/STM32F4xx_Nucleo_144" -I"/home/felipe/Desktop/PdM_workspace/prueba de uart/Drivers/Core/Inc" -I"/home/felipe/Desktop/PdM_workspace/prueba de uart/Drivers/API/Inc" -O0 -ffunction-sections -fdata-sections -Wall -fstack-usage -fcyclomatic-complexity -MMD -MP -MF"Drivers/API/Src/API_hd44780.d" -MT"Drivers/API/Src/API_hd44780.o" --specs=nano.specs -mfpu=fpv4-sp-d16 -mfloat-abi=hard -mthumb -o "Drivers/API/Src/API_hd44780.o"
arm-none-eabi-gcc "../Drivers/API/Src/API_i2c.c" -mcpu=cortex-m4 -std=gnu11 -g3 -DDEBUG -DSTM32 -DSTM32F429ZITx -DSTM32F4 -DNUCLEO_F429ZI -DUSE_HAL_DRIVER -DSTM32F429xx -c -I../Inc -I"/home/felipe/Desktop/PdM_workspace/prueba de uart/Drivers/STM32F4xx_HAL_Driver/Inc" -I"/home/felipe/Desktop/PdM_workspace/prueba de uart/Drivers/CMSIS/Include" -I"/home/felipe/Desktop/PdM_workspace/prueba de uart/Drivers/CMSIS/Device/ST/STM32F4xx/Include" -I"/home/felipe/Desktop/PdM_workspace/prueba de uart/Drivers/BSP/STM32F4xx_Nucleo_144" -I"/home/felipe/Desktop/PdM_workspace/prueba de uart/Drivers/Core/Inc" -I"/home/felipe/Desktop/PdM_workspace/prueba de uart/Drivers/API/Inc" -O0 -ffunction-sections -fdata-sections -Wall -fstack-usage -fcyclomatic-complexity -MMD -MP -MF"Drivers/API/Src/API_i2c.d" -MT"Drivers/API/Src/API_i2c.o" --specs=nano.specs -mfpu=fpv4-sp-d16 -mfloat-abi=hard -mthumb -o "Drivers/API/Src/API_i2c.o"
arm-none-eabi-gcc "../Drivers/API/Src/API_pc.c" -mcpu=cortex-m4 -std=gnu11 -g3 -DDEBUG -DSTM32 -DSTM32F429ZITx -DSTM32F4 -DNUCLEO_F429ZI -DUSE_HAL_DRIVER -DSTM32F429xx -c -I../Inc -I"/home/felipe/Desktop/PdM_workspace/prueba de uart/Drivers/STM32F4xx_HAL_Driver/Inc" -I"/home/felipe/Desktop/PdM_workspace/prueba de uart/Drivers/CMSIS/Include" -I"/home/felipe/Desktop/PdM_workspace/prueba de uart/Drivers/CMSIS/Device/ST/STM32F4xx/Include" -I"/home/felipe/Desktop/PdM_workspace/prueba de uart/Drivers/BSP/STM32F4xx_Nucleo_144" -I"/home/felipe/Desktop/PdM_workspace/prueba de uart/Drivers/Core/Inc" -I"/home/felipe/Desktop/PdM_workspace/prueba de uart/Drivers/API/Inc" -O0 -ffunction-sections -fdata-sections -Wall -fstack-usage -fcyclomatic-complexity -MMD -MP -MF"Drivers/API/Src/API_pc.d" -MT"Drivers/API/Src/API_pc.o" --specs=nano.specs -mfpu=fpv4-sp-d16 -mfloat-abi=hard -mthumb -o "Drivers/API/Src/API_pc.o"
In file included from ../Drivers/API/Src/API_pc.c:8:
/home/felipe/Desktop/PdM_workspace/prueba de uart/Drivers/API/Inc/API_pc.h:12:1: error: unknown type name 'bool_t'
   12 | bool_t Process_PC_Command(const char* pc_command);
      | ^~~~~~
../Drivers/API/Src/API_pc.c:10:1: error: unknown type name 'bool_t'
   10 | bool_t Process_PC_Command(const char* pc_command) {
      | ^~~~~~
../Drivers/API/Src/API_pc.c: In function 'Process_PC_Command':
../Drivers/API/Src/API_pc.c:11:9: error: unknown type name 'bool_t'
   11 |         bool_t rtrn = true;
      |         ^~~~~~
../Drivers/API/Src/API_pc.c:11:23: error: 'true' undeclared (first use in this function)
   11 |         bool_t rtrn = true;
      |                       ^~~~
../Drivers/API/Src/API_pc.c:9:1: note: 'true' is defined in header '<stdbool.h>'; did you forget to '#include <stdbool.h>'?
    8 | #include "API_pc.h"
  +++ |+#include <stdbool.h>
    9 | 
../Drivers/API/Src/API_pc.c:11:23: note: each undeclared identifier is reported only once for each function it appears in
   11 |         bool_t rtrn = true;
      |                       ^~~~
../Drivers/API/Src/API_pc.c:13:9: warning: implicit declaration of function 'String_Compare' [-Wimplicit-function-declaration]
   13 |     if (String_Compare(pc_command, "$DUMP") == 1) {
      |         ^~~~~~~~~~~~~~
../Drivers/API/Src/API_pc.c:17:16: error: 'false' undeclared (first use in this function)
   17 |         rtrn = false;    }
      |                ^~~~~
../Drivers/API/Src/API_pc.c:17:16: note: 'false' is defined in header '<stdbool.h>'; did you forget to '#include <stdbool.h>'?
make: *** [Drivers/API/Src/subdir.mk:37: Drivers/API/Src/API_pc.o] Error 1
make: *** Waiting for unfinished jobs....
../Drivers/API/Src/API_hd44780.c:16:13: warning: 'SetCursor' declared 'static' but never defined [-Wunused-function]
   16 | static void SetCursor(uint8_t, uint8_t);
      |             ^~~~~~~~~
../Src/main.c:13: warning: "DEBUG" redefined
   13 | #define DEBUG true
      | 
<command-line>: note: this is the location of the previous definition
../Src/main.c: In function 'main':
../Src/main.c:81:42: warning: assignment discards 'const' qualifier from pointer target type [-Wdiscarded-qualifiers]
   81 |                                 nmeaData = Get_NMEA_Data();
      |                                          ^
../Src/main.c:94:25: error: too few arguments to function 'Process_PC_Command'
   94 |                         Process_PC_Command();
      |                         ^~~~~~~~~~~~~~~~~~
In file included from ../Src/main.c:6:
/home/felipe/Desktop/PdM_workspace/prueba de uart/Drivers/API/Inc/API_pc.h:12:8: note: declared here
   12 | bool_t Process_PC_Command(const char* pc_command);
      |        ^~~~~~~~~~~~~~~~~~
In file included from ../Src/main.c:4:
/home/felipe/Desktop/PdM_workspace/prueba de uart/Drivers/API/Inc/API_i2c.h: At top level:
/home/felipe/Desktop/PdM_workspace/prueba de uart/Drivers/API/Inc/API_i2c.h:14:13: warning: 'I2C1_GPIO_Init' declared 'static' but never defined [-Wunused-function]
   14 | static void I2C1_GPIO_Init();
      |             ^~~~~~~~~~~~~~
make: *** [Src/subdir.mk:22: Src/main.o] Error 1
"make -j4 all" terminated with exit code 2. Build might be incomplete.
20:45:02 **** Incremental Build of configuration Debug for project prueba de uart ****
make -j4 all 
arm-none-eabi-gcc "../Src/main.c" -mcpu=cortex-m4 -std=gnu11 -g3 -DDEBUG -DSTM32 -DSTM32F429ZITx -DSTM32F4 -DNUCLEO_F429ZI -DUSE_HAL_DRIVER -DSTM32F429xx -c -I../Inc -I"/home/felipe/Desktop/PdM_workspace/prueba de uart/Drivers/STM32F4xx_HAL_Driver/Inc" -I"/home/felipe/Desktop/PdM_workspace/prueba de uart/Drivers/CMSIS/Include" -I"/home/felipe/Desktop/PdM_workspace/prueba de uart/Drivers/CMSIS/Device/ST/STM32F4xx/Include" -I"/home/felipe/Desktop/PdM_workspace/prueba de uart/Drivers/BSP/STM32F4xx_Nucleo_144" -I"/home/felipe/Desktop/PdM_workspace/prueba de uart/Drivers/Core/Inc" -I"/home/felipe/Desktop/PdM_workspace/prueba de uart/Drivers/API/Inc" -O0 -ffunction-sections -fdata-sections -Wall -fstack-usage -fcyclomatic-complexity -MMD -MP -MF"Src/main.d" -MT"Src/main.o" --specs=nano.specs -mfpu=fpv4-sp-d16 -mfloat-abi=hard -mthumb -o "Src/main.o"
arm-none-eabi-gcc "../Drivers/API/Src/API_pc.c" -mcpu=cortex-m4 -std=gnu11 -g3 -DDEBUG -DSTM32 -DSTM32F429ZITx -DSTM32F4 -DNUCLEO_F429ZI -DUSE_HAL_DRIVER -DSTM32F429xx -c -I../Inc -I"/home/felipe/Desktop/PdM_workspace/prueba de uart/Drivers/STM32F4xx_HAL_Driver/Inc" -I"/home/felipe/Desktop/PdM_workspace/prueba de uart/Drivers/CMSIS/Include" -I"/home/felipe/Desktop/PdM_workspace/prueba de uart/Drivers/CMSIS/Device/ST/STM32F4xx/Include" -I"/home/felipe/Desktop/PdM_workspace/prueba de uart/Drivers/BSP/STM32F4xx_Nucleo_144" -I"/home/felipe/Desktop/PdM_workspace/prueba de uart/Drivers/Core/Inc" -I"/home/felipe/Desktop/PdM_workspace/prueba de uart/Drivers/API/Inc" -O0 -ffunction-sections -fdata-sections -Wall -fstack-usage -fcyclomatic-complexity -MMD -MP -MF"Drivers/API/Src/API_pc.d" -MT"Drivers/API/Src/API_pc.o" --specs=nano.specs -mfpu=fpv4-sp-d16 -mfloat-abi=hard -mthumb -o "Drivers/API/Src/API_pc.o"
arm-none-eabi-gcc "../Drivers/API/Src/API_uart.c" -mcpu=cortex-m4 -std=gnu11 -g3 -DDEBUG -DSTM32 -DSTM32F429ZITx -DSTM32F4 -DNUCLEO_F429ZI -DUSE_HAL_DRIVER -DSTM32F429xx -c -I../Inc -I"/home/felipe/Desktop/PdM_workspace/prueba de uart/Drivers/STM32F4xx_HAL_Driver/Inc" -I"/home/felipe/Desktop/PdM_workspace/prueba de uart/Drivers/CMSIS/Include" -I"/home/felipe/Desktop/PdM_workspace/prueba de uart/Drivers/CMSIS/Device/ST/STM32F4xx/Include" -I"/home/felipe/Desktop/PdM_workspace/prueba de uart/Drivers/BSP/STM32F4xx_Nucleo_144" -I"/home/felipe/Desktop/PdM_workspace/prueba de uart/Drivers/Core/Inc" -I"/home/felipe/Desktop/PdM_workspace/prueba de uart/Drivers/API/Inc" -O0 -ffunction-sections -fdata-sections -Wall -fstack-usage -fcyclomatic-complexity -MMD -MP -MF"Drivers/API/Src/API_uart.d" -MT"Drivers/API/Src/API_uart.o" --specs=nano.specs -mfpu=fpv4-sp-d16 -mfloat-abi=hard -mthumb -o "Drivers/API/Src/API_uart.o"
In file included from ../Drivers/API/Src/API_pc.c:8:
/home/felipe/Desktop/PdM_workspace/prueba de uart/Drivers/API/Inc/API_pc.h:12:1: error: unknown type name 'bool_t'
   12 | bool_t Process_PC_Command(const char* pc_command);
      | ^~~~~~
../Src/main.c:13: warning: "DEBUG" redefined
   13 | #define DEBUG true
      | 
<command-line>: note: this is the location of the previous definition
../Src/main.c: In function 'main':
../Src/main.c:81:42: warning: assignment discards 'const' qualifier from pointer target type [-Wdiscarded-qualifiers]
   81 |                                 nmeaData = Get_NMEA_Data();
      |                                          ^
../Src/main.c:94:25: error: too few arguments to function 'Process_PC_Command'
   94 |                         Process_PC_Command();
      |                         ^~~~~~~~~~~~~~~~~~
In file included from ../Src/main.c:6:
/home/felipe/Desktop/PdM_workspace/prueba de uart/Drivers/API/Inc/API_pc.h:12:8: note: declared here
   12 | bool_t Process_PC_Command(const char* pc_command);
      |        ^~~~~~~~~~~~~~~~~~
In file included from ../Src/main.c:4:
/home/felipe/Desktop/PdM_workspace/prueba de uart/Drivers/API/Inc/API_i2c.h: At top level:
/home/felipe/Desktop/PdM_workspace/prueba de uart/Drivers/API/Inc/API_i2c.h:14:13: warning: 'I2C1_GPIO_Init' declared 'static' but never defined [-Wunused-function]
   14 | static void I2C1_GPIO_Init();
      |             ^~~~~~~~~~~~~~
make: *** [Src/subdir.mk:22: Src/main.o] Error 1
make: *** Waiting for unfinished jobs....
../Drivers/API/Src/API_pc.c:11:1: error: unknown type name 'bool_t'
   11 | bool_t Process_PC_Command(const char* pc_command) {
      | ^~~~~~
../Drivers/API/Src/API_pc.c: In function 'Process_PC_Command':
../Drivers/API/Src/API_pc.c:12:9: error: unknown type name 'bool_t'
   12 |         bool_t rtrn = true;
      |         ^~~~~~
../Drivers/API/Src/API_pc.c:12:23: error: 'true' undeclared (first use in this function)
   12 |         bool_t rtrn = true;
      |                       ^~~~
../Drivers/API/Src/API_pc.c:10:1: note: 'true' is defined in header '<stdbool.h>'; did you forget to '#include <stdbool.h>'?
    9 | #include "main.h"
  +++ |+#include <stdbool.h>
   10 | 
../Drivers/API/Src/API_pc.c:12:23: note: each undeclared identifier is reported only once for each function it appears in
   12 |         bool_t rtrn = true;
      |                       ^~~~
../Drivers/API/Src/API_uart.c: In function 'UART5_Send_String':
../Drivers/API/Src/API_uart.c:148:55: warning: implicit declaration of function 'strlen' [-Wimplicit-function-declaration]
  148 |         HAL_UART_Transmit(&huart5,(uint8_t*) pstring, strlen((const char*) pstring), UART_MAX_TIMEOUT);
      |                                                       ^~~~~~
../Drivers/API/Src/API_uart.c:11:1: note: include '<string.h>' or provide a declaration of 'strlen'
   10 | #include "main.h"
  +++ |+#include <string.h>
   11 | 
../Drivers/API/Src/API_uart.c:148:55: warning: incompatible implicit declaration of built-in function 'strlen' [-Wbuiltin-declaration-mismatch]
  148 |         HAL_UART_Transmit(&huart5,(uint8_t*) pstring, strlen((const char*) pstring), UART_MAX_TIMEOUT);
      |                                                       ^~~~~~
../Drivers/API/Src/API_uart.c:148:55: note: include '<string.h>' or provide a declaration of 'strlen'
../Drivers/API/Src/API_uart.c: In function 'USART2_Send_String':
../Drivers/API/Src/API_uart.c:152:55: warning: incompatible implicit declaration of built-in function 'strlen' [-Wbuiltin-declaration-mismatch]
  152 |         HAL_UART_Transmit(&huart2,(uint8_t*) pstring, strlen((const char*) pstring), UART_MAX_TIMEOUT);
      |                                                       ^~~~~~
../Drivers/API/Src/API_uart.c:152:55: note: include '<string.h>' or provide a declaration of 'strlen'
../Drivers/API/Src/API_pc.c:14:9: warning: implicit declaration of function 'String_Compare' [-Wimplicit-function-declaration]
   14 |     if (String_Compare(pc_command, "$DUMP") == 1) {
      |         ^~~~~~~~~~~~~~
../Drivers/API/Src/API_pc.c:18:16: error: 'false' undeclared (first use in this function)
   18 |         rtrn = false;
      |                ^~~~~
../Drivers/API/Src/API_pc.c:18:16: note: 'false' is defined in header '<stdbool.h>'; did you forget to '#include <stdbool.h>'?
make: *** [Drivers/API/Src/subdir.mk:37: Drivers/API/Src/API_pc.o] Error 1
"make -j4 all" terminated with exit code 2. Build might be incomplete.
20:45:15 **** Incremental Build of configuration Debug for project prueba de uart ****
make -j4 all 
arm-none-eabi-gcc "../Src/main.c" -mcpu=cortex-m4 -std=gnu11 -g3 -DDEBUG -DSTM32 -DSTM32F429ZITx -DSTM32F4 -DNUCLEO_F429ZI -DUSE_HAL_DRIVER -DSTM32F429xx -c -I../Inc -I"/home/felipe/Desktop/PdM_workspace/prueba de uart/Drivers/STM32F4xx_HAL_Driver/Inc" -I"/home/felipe/Desktop/PdM_workspace/prueba de uart/Drivers/CMSIS/Include" -I"/home/felipe/Desktop/PdM_workspace/prueba de uart/Drivers/CMSIS/Device/ST/STM32F4xx/Include" -I"/home/felipe/Desktop/PdM_workspace/prueba de uart/Drivers/BSP/STM32F4xx_Nucleo_144" -I"/home/felipe/Desktop/PdM_workspace/prueba de uart/Drivers/Core/Inc" -I"/home/felipe/Desktop/PdM_workspace/prueba de uart/Drivers/API/Inc" -O0 -ffunction-sections -fdata-sections -Wall -fstack-usage -fcyclomatic-complexity -MMD -MP -MF"Src/main.d" -MT"Src/main.o" --specs=nano.specs -mfpu=fpv4-sp-d16 -mfloat-abi=hard -mthumb -o "Src/main.o"
arm-none-eabi-gcc "../Drivers/API/Src/API_pc.c" -mcpu=cortex-m4 -std=gnu11 -g3 -DDEBUG -DSTM32 -DSTM32F429ZITx -DSTM32F4 -DNUCLEO_F429ZI -DUSE_HAL_DRIVER -DSTM32F429xx -c -I../Inc -I"/home/felipe/Desktop/PdM_workspace/prueba de uart/Drivers/STM32F4xx_HAL_Driver/Inc" -I"/home/felipe/Desktop/PdM_workspace/prueba de uart/Drivers/CMSIS/Include" -I"/home/felipe/Desktop/PdM_workspace/prueba de uart/Drivers/CMSIS/Device/ST/STM32F4xx/Include" -I"/home/felipe/Desktop/PdM_workspace/prueba de uart/Drivers/BSP/STM32F4xx_Nucleo_144" -I"/home/felipe/Desktop/PdM_workspace/prueba de uart/Drivers/Core/Inc" -I"/home/felipe/Desktop/PdM_workspace/prueba de uart/Drivers/API/Inc" -O0 -ffunction-sections -fdata-sections -Wall -fstack-usage -fcyclomatic-complexity -MMD -MP -MF"Drivers/API/Src/API_pc.d" -MT"Drivers/API/Src/API_pc.o" --specs=nano.specs -mfpu=fpv4-sp-d16 -mfloat-abi=hard -mthumb -o "Drivers/API/Src/API_pc.o"
../Src/main.c:13: warning: "DEBUG" redefined
   13 | #define DEBUG true
      | 
<command-line>: note: this is the location of the previous definition
../Src/main.c: In function 'main':
../Src/main.c:81:42: warning: assignment discards 'const' qualifier from pointer target type [-Wdiscarded-qualifiers]
   81 |                                 nmeaData = Get_NMEA_Data();
      |                                          ^
../Src/main.c:94:25: error: too few arguments to function 'Process_PC_Command'
   94 |                         Process_PC_Command();
      |                         ^~~~~~~~~~~~~~~~~~
In file included from ../Src/main.c:6:
/home/felipe/Desktop/PdM_workspace/prueba de uart/Drivers/API/Inc/API_pc.h:13:8: note: declared here
   13 | bool_t Process_PC_Command(const char* pc_command);
      |        ^~~~~~~~~~~~~~~~~~
In file included from ../Src/main.c:4:
/home/felipe/Desktop/PdM_workspace/prueba de uart/Drivers/API/Inc/API_i2c.h: At top level:
/home/felipe/Desktop/PdM_workspace/prueba de uart/Drivers/API/Inc/API_i2c.h:14:13: warning: 'I2C1_GPIO_Init' declared 'static' but never defined [-Wunused-function]
   14 | static void I2C1_GPIO_Init();
      |             ^~~~~~~~~~~~~~
make: *** [Src/subdir.mk:22: Src/main.o] Error 1
make: *** Waiting for unfinished jobs....
In file included from ../Drivers/API/Src/API_pc.c:8:
/home/felipe/Desktop/PdM_workspace/prueba de uart/Drivers/API/Inc/API_pc.h:13:1: error: unknown type name 'bool_t'
   13 | bool_t Process_PC_Command(const char* pc_command);
      | ^~~~~~
../Drivers/API/Src/API_pc.c:11:1: error: unknown type name 'bool_t'
   11 | bool_t Process_PC_Command(const char* pc_command) {
      | ^~~~~~
../Drivers/API/Src/API_pc.c: In function 'Process_PC_Command':
../Drivers/API/Src/API_pc.c:12:9: error: unknown type name 'bool_t'
   12 |         bool_t rtrn = true;
      |         ^~~~~~
../Drivers/API/Src/API_pc.c:12:23: error: 'true' undeclared (first use in this function)
   12 |         bool_t rtrn = true;
      |                       ^~~~
../Drivers/API/Src/API_pc.c:9:1: note: 'true' is defined in header '<stdbool.h>'; did you forget to '#include <stdbool.h>'?
    8 | #include "API_pc.h"
  +++ |+#include <stdbool.h>
    9 | #include "main.h"
../Drivers/API/Src/API_pc.c:12:23: note: each undeclared identifier is reported only once for each function it appears in
   12 |         bool_t rtrn = true;
      |                       ^~~~
../Drivers/API/Src/API_pc.c:14:9: warning: implicit declaration of function 'String_Compare' [-Wimplicit-function-declaration]
   14 |     if (String_Compare(pc_command, "$DUMP") == 1) {
      |         ^~~~~~~~~~~~~~
../Drivers/API/Src/API_pc.c:18:16: error: 'false' undeclared (first use in this function)
   18 |         rtrn = false;
      |                ^~~~~
../Drivers/API/Src/API_pc.c:18:16: note: 'false' is defined in header '<stdbool.h>'; did you forget to '#include <stdbool.h>'?
make: *** [Drivers/API/Src/subdir.mk:37: Drivers/API/Src/API_pc.o] Error 1
"make -j4 all" terminated with exit code 2. Build might be incomplete.
20:45:25 **** Incremental Build of configuration Debug for project prueba de uart ****
make -j4 all 
arm-none-eabi-gcc "../Src/main.c" -mcpu=cortex-m4 -std=gnu11 -g3 -DDEBUG -DSTM32 -DSTM32F429ZITx -DSTM32F4 -DNUCLEO_F429ZI -DUSE_HAL_DRIVER -DSTM32F429xx -c -I../Inc -I"/home/felipe/Desktop/PdM_workspace/prueba de uart/Drivers/STM32F4xx_HAL_Driver/Inc" -I"/home/felipe/Desktop/PdM_workspace/prueba de uart/Drivers/CMSIS/Include" -I"/home/felipe/Desktop/PdM_workspace/prueba de uart/Drivers/CMSIS/Device/ST/STM32F4xx/Include" -I"/home/felipe/Desktop/PdM_workspace/prueba de uart/Drivers/BSP/STM32F4xx_Nucleo_144" -I"/home/felipe/Desktop/PdM_workspace/prueba de uart/Drivers/Core/Inc" -I"/home/felipe/Desktop/PdM_workspace/prueba de uart/Drivers/API/Inc" -O0 -ffunction-sections -fdata-sections -Wall -fstack-usage -fcyclomatic-complexity -MMD -MP -MF"Src/main.d" -MT"Src/main.o" --specs=nano.specs -mfpu=fpv4-sp-d16 -mfloat-abi=hard -mthumb -o "Src/main.o"
arm-none-eabi-gcc "../Drivers/API/Src/API_pc.c" -mcpu=cortex-m4 -std=gnu11 -g3 -DDEBUG -DSTM32 -DSTM32F429ZITx -DSTM32F4 -DNUCLEO_F429ZI -DUSE_HAL_DRIVER -DSTM32F429xx -c -I../Inc -I"/home/felipe/Desktop/PdM_workspace/prueba de uart/Drivers/STM32F4xx_HAL_Driver/Inc" -I"/home/felipe/Desktop/PdM_workspace/prueba de uart/Drivers/CMSIS/Include" -I"/home/felipe/Desktop/PdM_workspace/prueba de uart/Drivers/CMSIS/Device/ST/STM32F4xx/Include" -I"/home/felipe/Desktop/PdM_workspace/prueba de uart/Drivers/BSP/STM32F4xx_Nucleo_144" -I"/home/felipe/Desktop/PdM_workspace/prueba de uart/Drivers/Core/Inc" -I"/home/felipe/Desktop/PdM_workspace/prueba de uart/Drivers/API/Inc" -O0 -ffunction-sections -fdata-sections -Wall -fstack-usage -fcyclomatic-complexity -MMD -MP -MF"Drivers/API/Src/API_pc.d" -MT"Drivers/API/Src/API_pc.o" --specs=nano.specs -mfpu=fpv4-sp-d16 -mfloat-abi=hard -mthumb -o "Drivers/API/Src/API_pc.o"
../Src/main.c:13: warning: "DEBUG" redefined
   13 | #define DEBUG true
      | 
<command-line>: note: this is the location of the previous definition
../Src/main.c: In function 'main':
../Src/main.c:81:42: warning: assignment discards 'const' qualifier from pointer target type [-Wdiscarded-qualifiers]
   81 |                                 nmeaData = Get_NMEA_Data();
      |                                          ^
../Src/main.c:94:25: error: too few arguments to function 'Process_PC_Command'
   94 |                         Process_PC_Command();
      |                         ^~~~~~~~~~~~~~~~~~
In file included from ../Src/main.c:6:
/home/felipe/Desktop/PdM_workspace/prueba de uart/Drivers/API/Inc/API_pc.h:13:8: note: declared here
   13 | bool_t Process_PC_Command(const char* pc_command);
      |        ^~~~~~~~~~~~~~~~~~
In file included from ../Drivers/API/Src/API_pc.c:8:
/home/felipe/Desktop/PdM_workspace/prueba de uart/Drivers/API/Inc/API_pc.h:13:1: error: unknown type name 'bool_t'
   13 | bool_t Process_PC_Command(const char* pc_command);
      | ^~~~~~
In file included from ../Src/main.c:4:
/home/felipe/Desktop/PdM_workspace/prueba de uart/Drivers/API/Inc/API_i2c.h: At top level:
/home/felipe/Desktop/PdM_workspace/prueba de uart/Drivers/API/Inc/API_i2c.h:14:13: warning: 'I2C1_GPIO_Init' declared 'static' but never defined [-Wunused-function]
   14 | static void I2C1_GPIO_Init();
      |             ^~~~~~~~~~~~~~
../Drivers/API/Src/API_pc.c:9:10: fatal error: delay.h: No such file or directory
    9 | #include "delay.h"
      |          ^~~~~~~~~
compilation terminated.
make: *** [Src/subdir.mk:22: Src/main.o] Error 1
make: *** Waiting for unfinished jobs....
make: *** [Drivers/API/Src/subdir.mk:37: Drivers/API/Src/API_pc.o] Error 1
"make -j4 all" terminated with exit code 2. Build might be incomplete.
20:45:34 **** Incremental Build of configuration Debug for project prueba de uart ****
make -j4 all 
arm-none-eabi-gcc "../Src/main.c" -mcpu=cortex-m4 -std=gnu11 -g3 -DDEBUG -DSTM32 -DSTM32F429ZITx -DSTM32F4 -DNUCLEO_F429ZI -DUSE_HAL_DRIVER -DSTM32F429xx -c -I../Inc -I"/home/felipe/Desktop/PdM_workspace/prueba de uart/Drivers/STM32F4xx_HAL_Driver/Inc" -I"/home/felipe/Desktop/PdM_workspace/prueba de uart/Drivers/CMSIS/Include" -I"/home/felipe/Desktop/PdM_workspace/prueba de uart/Drivers/CMSIS/Device/ST/STM32F4xx/Include" -I"/home/felipe/Desktop/PdM_workspace/prueba de uart/Drivers/BSP/STM32F4xx_Nucleo_144" -I"/home/felipe/Desktop/PdM_workspace/prueba de uart/Drivers/Core/Inc" -I"/home/felipe/Desktop/PdM_workspace/prueba de uart/Drivers/API/Inc" -O0 -ffunction-sections -fdata-sections -Wall -fstack-usage -fcyclomatic-complexity -MMD -MP -MF"Src/main.d" -MT"Src/main.o" --specs=nano.specs -mfpu=fpv4-sp-d16 -mfloat-abi=hard -mthumb -o "Src/main.o"
arm-none-eabi-gcc "../Drivers/API/Src/API_pc.c" -mcpu=cortex-m4 -std=gnu11 -g3 -DDEBUG -DSTM32 -DSTM32F429ZITx -DSTM32F4 -DNUCLEO_F429ZI -DUSE_HAL_DRIVER -DSTM32F429xx -c -I../Inc -I"/home/felipe/Desktop/PdM_workspace/prueba de uart/Drivers/STM32F4xx_HAL_Driver/Inc" -I"/home/felipe/Desktop/PdM_workspace/prueba de uart/Drivers/CMSIS/Include" -I"/home/felipe/Desktop/PdM_workspace/prueba de uart/Drivers/CMSIS/Device/ST/STM32F4xx/Include" -I"/home/felipe/Desktop/PdM_workspace/prueba de uart/Drivers/BSP/STM32F4xx_Nucleo_144" -I"/home/felipe/Desktop/PdM_workspace/prueba de uart/Drivers/Core/Inc" -I"/home/felipe/Desktop/PdM_workspace/prueba de uart/Drivers/API/Inc" -O0 -ffunction-sections -fdata-sections -Wall -fstack-usage -fcyclomatic-complexity -MMD -MP -MF"Drivers/API/Src/API_pc.d" -MT"Drivers/API/Src/API_pc.o" --specs=nano.specs -mfpu=fpv4-sp-d16 -mfloat-abi=hard -mthumb -o "Drivers/API/Src/API_pc.o"
../Src/main.c:13: warning: "DEBUG" redefined
   13 | #define DEBUG true
      | 
<command-line>: note: this is the location of the previous definition
../Src/main.c: In function 'main':
../Src/main.c:81:42: warning: assignment discards 'const' qualifier from pointer target type [-Wdiscarded-qualifiers]
   81 |                                 nmeaData = Get_NMEA_Data();
      |                                          ^
../Src/main.c:94:25: error: too few arguments to function 'Process_PC_Command'
   94 |                         Process_PC_Command();
      |                         ^~~~~~~~~~~~~~~~~~
In file included from ../Src/main.c:6:
/home/felipe/Desktop/PdM_workspace/prueba de uart/Drivers/API/Inc/API_pc.h:13:8: note: declared here
   13 | bool_t Process_PC_Command(const char* pc_command);
      |        ^~~~~~~~~~~~~~~~~~
In file included from ../Src/main.c:4:
/home/felipe/Desktop/PdM_workspace/prueba de uart/Drivers/API/Inc/API_i2c.h: At top level:
/home/felipe/Desktop/PdM_workspace/prueba de uart/Drivers/API/Inc/API_i2c.h:14:13: warning: 'I2C1_GPIO_Init' declared 'static' but never defined [-Wunused-function]
   14 | static void I2C1_GPIO_Init();
      |             ^~~~~~~~~~~~~~
make: *** [Src/subdir.mk:22: Src/main.o] Error 1
make: *** Waiting for unfinished jobs....
In file included from ../Drivers/API/Src/API_pc.c:8:
/home/felipe/Desktop/PdM_workspace/prueba de uart/Drivers/API/Inc/API_pc.h:13:1: error: unknown type name 'bool_t'
   13 | bool_t Process_PC_Command(const char* pc_command);
      | ^~~~~~
../Drivers/API/Src/API_pc.c:11:8: error: conflicting types for 'Process_PC_Command'; have 'bool_t(const char *)' {aka '_Bool(const char *)'}
   11 | bool_t Process_PC_Command(const char* pc_command) {
      |        ^~~~~~~~~~~~~~~~~~
/home/felipe/Desktop/PdM_workspace/prueba de uart/Drivers/API/Inc/API_pc.h:13:8: note: previous declaration of 'Process_PC_Command' with type 'int(const char *)'
   13 | bool_t Process_PC_Command(const char* pc_command);
      |        ^~~~~~~~~~~~~~~~~~
../Drivers/API/Src/API_pc.c: In function 'Process_PC_Command':
../Drivers/API/Src/API_pc.c:14:9: warning: implicit declaration of function 'String_Compare' [-Wimplicit-function-declaration]
   14 |     if (String_Compare(pc_command, "$DUMP") == 1) {
      |         ^~~~~~~~~~~~~~
make: *** [Drivers/API/Src/subdir.mk:37: Drivers/API/Src/API_pc.o] Error 1
"make -j4 all" terminated with exit code 2. Build might be incomplete.
20:45:58 **** Incremental Build of configuration Debug for project prueba de uart ****
make -j4 all 
arm-none-eabi-gcc "../Src/main.c" -mcpu=cortex-m4 -std=gnu11 -g3 -DDEBUG -DSTM32 -DSTM32F429ZITx -DSTM32F4 -DNUCLEO_F429ZI -DUSE_HAL_DRIVER -DSTM32F429xx -c -I../Inc -I"/home/felipe/Desktop/PdM_workspace/prueba de uart/Drivers/STM32F4xx_HAL_Driver/Inc" -I"/home/felipe/Desktop/PdM_workspace/prueba de uart/Drivers/CMSIS/Include" -I"/home/felipe/Desktop/PdM_workspace/prueba de uart/Drivers/CMSIS/Device/ST/STM32F4xx/Include" -I"/home/felipe/Desktop/PdM_workspace/prueba de uart/Drivers/BSP/STM32F4xx_Nucleo_144" -I"/home/felipe/Desktop/PdM_workspace/prueba de uart/Drivers/Core/Inc" -I"/home/felipe/Desktop/PdM_workspace/prueba de uart/Drivers/API/Inc" -O0 -ffunction-sections -fdata-sections -Wall -fstack-usage -fcyclomatic-complexity -MMD -MP -MF"Src/main.d" -MT"Src/main.o" --specs=nano.specs -mfpu=fpv4-sp-d16 -mfloat-abi=hard -mthumb -o "Src/main.o"
arm-none-eabi-gcc "../Drivers/API/Src/API_pc.c" -mcpu=cortex-m4 -std=gnu11 -g3 -DDEBUG -DSTM32 -DSTM32F429ZITx -DSTM32F4 -DNUCLEO_F429ZI -DUSE_HAL_DRIVER -DSTM32F429xx -c -I../Inc -I"/home/felipe/Desktop/PdM_workspace/prueba de uart/Drivers/STM32F4xx_HAL_Driver/Inc" -I"/home/felipe/Desktop/PdM_workspace/prueba de uart/Drivers/CMSIS/Include" -I"/home/felipe/Desktop/PdM_workspace/prueba de uart/Drivers/CMSIS/Device/ST/STM32F4xx/Include" -I"/home/felipe/Desktop/PdM_workspace/prueba de uart/Drivers/BSP/STM32F4xx_Nucleo_144" -I"/home/felipe/Desktop/PdM_workspace/prueba de uart/Drivers/Core/Inc" -I"/home/felipe/Desktop/PdM_workspace/prueba de uart/Drivers/API/Inc" -O0 -ffunction-sections -fdata-sections -Wall -fstack-usage -fcyclomatic-complexity -MMD -MP -MF"Drivers/API/Src/API_pc.d" -MT"Drivers/API/Src/API_pc.o" --specs=nano.specs -mfpu=fpv4-sp-d16 -mfloat-abi=hard -mthumb -o "Drivers/API/Src/API_pc.o"
../Src/main.c:13: warning: "DEBUG" redefined
   13 | #define DEBUG true
      | 
<command-line>: note: this is the location of the previous definition
../Src/main.c: In function 'main':
../Src/main.c:81:42: warning: assignment discards 'const' qualifier from pointer target type [-Wdiscarded-qualifiers]
   81 |                                 nmeaData = Get_NMEA_Data();
      |                                          ^
In file included from ../Src/main.c:4:
/home/felipe/Desktop/PdM_workspace/prueba de uart/Drivers/API/Inc/API_i2c.h: At top level:
/home/felipe/Desktop/PdM_workspace/prueba de uart/Drivers/API/Inc/API_i2c.h:14:13: warning: 'I2C1_GPIO_Init' declared 'static' but never defined [-Wunused-function]
   14 | static void I2C1_GPIO_Init();
      |             ^~~~~~~~~~~~~~
In file included from ../Drivers/API/Src/API_pc.c:8:
/home/felipe/Desktop/PdM_workspace/prueba de uart/Drivers/API/Inc/API_pc.h:13:1: error: unknown type name 'bool_t'
   13 | bool_t Process_PC_Command(const char* pc_command);
      | ^~~~~~
../Drivers/API/Src/API_pc.c:11:8: error: conflicting types for 'Process_PC_Command'; have 'bool_t(const char *)' {aka '_Bool(const char *)'}
   11 | bool_t Process_PC_Command(const char* pc_command) {
      |        ^~~~~~~~~~~~~~~~~~
/home/felipe/Desktop/PdM_workspace/prueba de uart/Drivers/API/Inc/API_pc.h:13:8: note: previous declaration of 'Process_PC_Command' with type 'int(const char *)'
   13 | bool_t Process_PC_Command(const char* pc_command);
      |        ^~~~~~~~~~~~~~~~~~
../Drivers/API/Src/API_pc.c: In function 'Process_PC_Command':
../Drivers/API/Src/API_pc.c:14:9: warning: implicit declaration of function 'String_Compare' [-Wimplicit-function-declaration]
   14 |     if (String_Compare(pc_command, "$DUMP") == 1) {
      |         ^~~~~~~~~~~~~~
make: *** [Drivers/API/Src/subdir.mk:37: Drivers/API/Src/API_pc.o] Error 1
make: *** Waiting for unfinished jobs....
"make -j4 all" terminated with exit code 2. Build might be incomplete.
20:46:17 **** Incremental Build of configuration Debug for project prueba de uart ****
make -j4 all 
arm-none-eabi-gcc "../Src/main.c" -mcpu=cortex-m4 -std=gnu11 -g3 -DDEBUG -DSTM32 -DSTM32F429ZITx -DSTM32F4 -DNUCLEO_F429ZI -DUSE_HAL_DRIVER -DSTM32F429xx -c -I../Inc -I"/home/felipe/Desktop/PdM_workspace/prueba de uart/Drivers/STM32F4xx_HAL_Driver/Inc" -I"/home/felipe/Desktop/PdM_workspace/prueba de uart/Drivers/CMSIS/Include" -I"/home/felipe/Desktop/PdM_workspace/prueba de uart/Drivers/CMSIS/Device/ST/STM32F4xx/Include" -I"/home/felipe/Desktop/PdM_workspace/prueba de uart/Drivers/BSP/STM32F4xx_Nucleo_144" -I"/home/felipe/Desktop/PdM_workspace/prueba de uart/Drivers/Core/Inc" -I"/home/felipe/Desktop/PdM_workspace/prueba de uart/Drivers/API/Inc" -O0 -ffunction-sections -fdata-sections -Wall -fstack-usage -fcyclomatic-complexity -MMD -MP -MF"Src/main.d" -MT"Src/main.o" --specs=nano.specs -mfpu=fpv4-sp-d16 -mfloat-abi=hard -mthumb -o "Src/main.o"
arm-none-eabi-gcc "../Drivers/API/Src/API_pc.c" -mcpu=cortex-m4 -std=gnu11 -g3 -DDEBUG -DSTM32 -DSTM32F429ZITx -DSTM32F4 -DNUCLEO_F429ZI -DUSE_HAL_DRIVER -DSTM32F429xx -c -I../Inc -I"/home/felipe/Desktop/PdM_workspace/prueba de uart/Drivers/STM32F4xx_HAL_Driver/Inc" -I"/home/felipe/Desktop/PdM_workspace/prueba de uart/Drivers/CMSIS/Include" -I"/home/felipe/Desktop/PdM_workspace/prueba de uart/Drivers/CMSIS/Device/ST/STM32F4xx/Include" -I"/home/felipe/Desktop/PdM_workspace/prueba de uart/Drivers/BSP/STM32F4xx_Nucleo_144" -I"/home/felipe/Desktop/PdM_workspace/prueba de uart/Drivers/Core/Inc" -I"/home/felipe/Desktop/PdM_workspace/prueba de uart/Drivers/API/Inc" -O0 -ffunction-sections -fdata-sections -Wall -fstack-usage -fcyclomatic-complexity -MMD -MP -MF"Drivers/API/Src/API_pc.d" -MT"Drivers/API/Src/API_pc.o" --specs=nano.specs -mfpu=fpv4-sp-d16 -mfloat-abi=hard -mthumb -o "Drivers/API/Src/API_pc.o"
../Src/main.c:13: warning: "DEBUG" redefined
   13 | #define DEBUG true
      | 
<command-line>: note: this is the location of the previous definition
../Src/main.c: In function 'main':
../Src/main.c:81:42: warning: assignment discards 'const' qualifier from pointer target type [-Wdiscarded-qualifiers]
   81 |                                 nmeaData = Get_NMEA_Data();
      |                                          ^
In file included from ../Src/main.c:4:
/home/felipe/Desktop/PdM_workspace/prueba de uart/Drivers/API/Inc/API_i2c.h: At top level:
/home/felipe/Desktop/PdM_workspace/prueba de uart/Drivers/API/Inc/API_i2c.h:14:13: warning: 'I2C1_GPIO_Init' declared 'static' but never defined [-Wunused-function]
   14 | static void I2C1_GPIO_Init();
      |             ^~~~~~~~~~~~~~
../Drivers/API/Src/API_pc.c: In function 'Process_PC_Command':
../Drivers/API/Src/API_pc.c:14:9: warning: implicit declaration of function 'String_Compare' [-Wimplicit-function-declaration]
   14 |     if (String_Compare(pc_command, "$DUMP") == 1) {
      |         ^~~~~~~~~~~~~~
arm-none-eabi-gcc -o "prueba de uart.elf" @"objects.list"   -mcpu=cortex-m4 -T"/home/felipe/Desktop/PdM_workspace/prueba de uart/STM32F429ZITX_FLASH.ld" --specs=nosys.specs -Wl,-Map="prueba de uart.map" -Wl,--gc-sections -static --specs=nano.specs -mfpu=fpv4-sp-d16 -mfloat-abi=hard -mthumb -Wl,--start-group -lc -lm -Wl,--end-group
Finished building target: prueba de uart.elf
 
arm-none-eabi-size  prueba\ de\ uart.elf 
arm-none-eabi-objdump -h -S prueba\ de\ uart.elf  > "prueba de uart.list"
   text	   data	    bss	    dec	    hex	filename
  33404	    468	   4088	  37960	   9448	prueba de uart.elf
Finished building: default.size.stdout
 
Finished building: prueba de uart.list
 
20:50:13 **** Incremental Build of configuration Debug for project prueba de uart ****
make -j4 all 
arm-none-eabi-gcc "../Src/main.c" -mcpu=cortex-m4 -std=gnu11 -g3 -DDEBUG -DSTM32 -DSTM32F429ZITx -DSTM32F4 -DNUCLEO_F429ZI -DUSE_HAL_DRIVER -DSTM32F429xx -c -I../Inc -I"/home/felipe/Desktop/PdM_workspace/prueba de uart/Drivers/STM32F4xx_HAL_Driver/Inc" -I"/home/felipe/Desktop/PdM_workspace/prueba de uart/Drivers/CMSIS/Include" -I"/home/felipe/Desktop/PdM_workspace/prueba de uart/Drivers/CMSIS/Device/ST/STM32F4xx/Include" -I"/home/felipe/Desktop/PdM_workspace/prueba de uart/Drivers/BSP/STM32F4xx_Nucleo_144" -I"/home/felipe/Desktop/PdM_workspace/prueba de uart/Drivers/Core/Inc" -I"/home/felipe/Desktop/PdM_workspace/prueba de uart/Drivers/API/Inc" -O0 -ffunction-sections -fdata-sections -Wall -fstack-usage -fcyclomatic-complexity -MMD -MP -MF"Src/main.d" -MT"Src/main.o" --specs=nano.specs -mfpu=fpv4-sp-d16 -mfloat-abi=hard -mthumb -o "Src/main.o"
arm-none-eabi-gcc "../Drivers/API/Src/API_gps.c" -mcpu=cortex-m4 -std=gnu11 -g3 -DDEBUG -DSTM32 -DSTM32F429ZITx -DSTM32F4 -DNUCLEO_F429ZI -DUSE_HAL_DRIVER -DSTM32F429xx -c -I../Inc -I"/home/felipe/Desktop/PdM_workspace/prueba de uart/Drivers/STM32F4xx_HAL_Driver/Inc" -I"/home/felipe/Desktop/PdM_workspace/prueba de uart/Drivers/CMSIS/Include" -I"/home/felipe/Desktop/PdM_workspace/prueba de uart/Drivers/CMSIS/Device/ST/STM32F4xx/Include" -I"/home/felipe/Desktop/PdM_workspace/prueba de uart/Drivers/BSP/STM32F4xx_Nucleo_144" -I"/home/felipe/Desktop/PdM_workspace/prueba de uart/Drivers/Core/Inc" -I"/home/felipe/Desktop/PdM_workspace/prueba de uart/Drivers/API/Inc" -O0 -ffunction-sections -fdata-sections -Wall -fstack-usage -fcyclomatic-complexity -MMD -MP -MF"Drivers/API/Src/API_gps.d" -MT"Drivers/API/Src/API_gps.o" --specs=nano.specs -mfpu=fpv4-sp-d16 -mfloat-abi=hard -mthumb -o "Drivers/API/Src/API_gps.o"
../Src/main.c:13: warning: "DEBUG" redefined
   13 | #define DEBUG true
      | 
<command-line>: note: this is the location of the previous definition
../Src/main.c: In function 'main':
../Src/main.c:59:9: warning: implicit declaration of function 'GPS_Configure_Init' [-Wimplicit-function-declaration]
   59 |         GPS_Configure_Init()
      |         ^~~~~~~~~~~~~~~~~~
../Src/main.c:59:29: error: expected ';' before 'HD44780_Clear'
   59 |         GPS_Configure_Init()
      |                             ^
      |                             ;
   60 |         HD44780_Clear();
      |         ~~~~~~~~~~~~~        
../Src/main.c:82:42: warning: assignment discards 'const' qualifier from pointer target type [-Wdiscarded-qualifiers]
   82 |                                 nmeaData = Get_NMEA_Data();
      |                                          ^
In file included from ../Src/main.c:4:
/home/felipe/Desktop/PdM_workspace/prueba de uart/Drivers/API/Inc/API_i2c.h: At top level:
/home/felipe/Desktop/PdM_workspace/prueba de uart/Drivers/API/Inc/API_i2c.h:14:13: warning: 'I2C1_GPIO_Init' declared 'static' but never defined [-Wunused-function]
   14 | static void I2C1_GPIO_Init();
      |             ^~~~~~~~~~~~~~
make: *** [Src/subdir.mk:22: Src/main.o] Error 1
make: *** Waiting for unfinished jobs....
"make -j4 all" terminated with exit code 2. Build might be incomplete.
20:50:25 **** Incremental Build of configuration Debug for project prueba de uart ****
make -j4 all 
arm-none-eabi-gcc "../Src/main.c" -mcpu=cortex-m4 -std=gnu11 -g3 -DDEBUG -DSTM32 -DSTM32F429ZITx -DSTM32F4 -DNUCLEO_F429ZI -DUSE_HAL_DRIVER -DSTM32F429xx -c -I../Inc -I"/home/felipe/Desktop/PdM_workspace/prueba de uart/Drivers/STM32F4xx_HAL_Driver/Inc" -I"/home/felipe/Desktop/PdM_workspace/prueba de uart/Drivers/CMSIS/Include" -I"/home/felipe/Desktop/PdM_workspace/prueba de uart/Drivers/CMSIS/Device/ST/STM32F4xx/Include" -I"/home/felipe/Desktop/PdM_workspace/prueba de uart/Drivers/BSP/STM32F4xx_Nucleo_144" -I"/home/felipe/Desktop/PdM_workspace/prueba de uart/Drivers/Core/Inc" -I"/home/felipe/Desktop/PdM_workspace/prueba de uart/Drivers/API/Inc" -O0 -ffunction-sections -fdata-sections -Wall -fstack-usage -fcyclomatic-complexity -MMD -MP -MF"Src/main.d" -MT"Src/main.o" --specs=nano.specs -mfpu=fpv4-sp-d16 -mfloat-abi=hard -mthumb -o "Src/main.o"
../Src/main.c:13: warning: "DEBUG" redefined
   13 | #define DEBUG true
      | 
<command-line>: note: this is the location of the previous definition
../Src/main.c: In function 'main':
../Src/main.c:59:9: warning: implicit declaration of function 'GPS_Configure_Init' [-Wimplicit-function-declaration]
   59 |         GPS_Configure_Init();
      |         ^~~~~~~~~~~~~~~~~~
../Src/main.c:82:42: warning: assignment discards 'const' qualifier from pointer target type [-Wdiscarded-qualifiers]
   82 |                                 nmeaData = Get_NMEA_Data();
      |                                          ^
In file included from ../Src/main.c:4:
/home/felipe/Desktop/PdM_workspace/prueba de uart/Drivers/API/Inc/API_i2c.h: At top level:
/home/felipe/Desktop/PdM_workspace/prueba de uart/Drivers/API/Inc/API_i2c.h:14:13: warning: 'I2C1_GPIO_Init' declared 'static' but never defined [-Wunused-function]
   14 | static void I2C1_GPIO_Init();
      |             ^~~~~~~~~~~~~~
arm-none-eabi-gcc -o "prueba de uart.elf" @"objects.list"   -mcpu=cortex-m4 -T"/home/felipe/Desktop/PdM_workspace/prueba de uart/STM32F429ZITX_FLASH.ld" --specs=nosys.specs -Wl,-Map="prueba de uart.map" -Wl,--gc-sections -static --specs=nano.specs -mfpu=fpv4-sp-d16 -mfloat-abi=hard -mthumb -Wl,--start-group -lc -lm -Wl,--end-group
Finished building target: prueba de uart.elf
 
arm-none-eabi-size  prueba\ de\ uart.elf 
arm-none-eabi-objdump -h -S prueba\ de\ uart.elf  > "prueba de uart.list"
   text	   data	    bss	    dec	    hex	filename
  33444	    468	   4088	  38000	   9470	prueba de uart.elf
Finished building: default.size.stdout
 
Finished building: prueba de uart.list
 
20:55:42 **** Incremental Build of configuration Debug for project prueba de uart ****
make -j4 all 
arm-none-eabi-gcc "../Src/main.c" -mcpu=cortex-m4 -std=gnu11 -g3 -DDEBUG -DSTM32 -DSTM32F429ZITx -DSTM32F4 -DNUCLEO_F429ZI -DUSE_HAL_DRIVER -DSTM32F429xx -c -I../Inc -I"/home/felipe/Desktop/PdM_workspace/prueba de uart/Drivers/STM32F4xx_HAL_Driver/Inc" -I"/home/felipe/Desktop/PdM_workspace/prueba de uart/Drivers/CMSIS/Include" -I"/home/felipe/Desktop/PdM_workspace/prueba de uart/Drivers/CMSIS/Device/ST/STM32F4xx/Include" -I"/home/felipe/Desktop/PdM_workspace/prueba de uart/Drivers/BSP/STM32F4xx_Nucleo_144" -I"/home/felipe/Desktop/PdM_workspace/prueba de uart/Drivers/Core/Inc" -I"/home/felipe/Desktop/PdM_workspace/prueba de uart/Drivers/API/Inc" -O0 -ffunction-sections -fdata-sections -Wall -fstack-usage -fcyclomatic-complexity -MMD -MP -MF"Src/main.d" -MT"Src/main.o" --specs=nano.specs -mfpu=fpv4-sp-d16 -mfloat-abi=hard -mthumb -o "Src/main.o"
arm-none-eabi-gcc "../Drivers/API/Src/API_pc.c" -mcpu=cortex-m4 -std=gnu11 -g3 -DDEBUG -DSTM32 -DSTM32F429ZITx -DSTM32F4 -DNUCLEO_F429ZI -DUSE_HAL_DRIVER -DSTM32F429xx -c -I../Inc -I"/home/felipe/Desktop/PdM_workspace/prueba de uart/Drivers/STM32F4xx_HAL_Driver/Inc" -I"/home/felipe/Desktop/PdM_workspace/prueba de uart/Drivers/CMSIS/Include" -I"/home/felipe/Desktop/PdM_workspace/prueba de uart/Drivers/CMSIS/Device/ST/STM32F4xx/Include" -I"/home/felipe/Desktop/PdM_workspace/prueba de uart/Drivers/BSP/STM32F4xx_Nucleo_144" -I"/home/felipe/Desktop/PdM_workspace/prueba de uart/Drivers/Core/Inc" -I"/home/felipe/Desktop/PdM_workspace/prueba de uart/Drivers/API/Inc" -O0 -ffunction-sections -fdata-sections -Wall -fstack-usage -fcyclomatic-complexity -MMD -MP -MF"Drivers/API/Src/API_pc.d" -MT"Drivers/API/Src/API_pc.o" --specs=nano.specs -mfpu=fpv4-sp-d16 -mfloat-abi=hard -mthumb -o "Drivers/API/Src/API_pc.o"
../Src/main.c:13: warning: "DEBUG" redefined
   13 | #define DEBUG true
      | 
<command-line>: note: this is the location of the previous definition
../Drivers/API/Src/API_pc.c: In function 'Process_PC_Command':
../Drivers/API/Src/API_pc.c:15:9: warning: implicit declaration of function 'String_Compare' [-Wimplicit-function-declaration]
   15 |     if (String_Compare(pc_command, "$DUMP") == 1) {
      |         ^~~~~~~~~~~~~~
../Src/main.c: In function 'main':
../Src/main.c:59:9: warning: implicit declaration of function 'GPS_Configure_Init' [-Wimplicit-function-declaration]
   59 |         GPS_Configure_Init();
      |         ^~~~~~~~~~~~~~~~~~
../Src/main.c:82:42: warning: assignment discards 'const' qualifier from pointer target type [-Wdiscarded-qualifiers]
   82 |                                 nmeaData = Get_NMEA_Data();
      |                                          ^
In file included from ../Src/main.c:4:
/home/felipe/Desktop/PdM_workspace/prueba de uart/Drivers/API/Inc/API_i2c.h: At top level:
/home/felipe/Desktop/PdM_workspace/prueba de uart/Drivers/API/Inc/API_i2c.h:14:13: warning: 'I2C1_GPIO_Init' declared 'static' but never defined [-Wunused-function]
   14 | static void I2C1_GPIO_Init();
      |             ^~~~~~~~~~~~~~
arm-none-eabi-gcc -o "prueba de uart.elf" @"objects.list"   -mcpu=cortex-m4 -T"/home/felipe/Desktop/PdM_workspace/prueba de uart/STM32F429ZITX_FLASH.ld" --specs=nosys.specs -Wl,-Map="prueba de uart.map" -Wl,--gc-sections -static --specs=nano.specs -mfpu=fpv4-sp-d16 -mfloat-abi=hard -mthumb -Wl,--start-group -lc -lm -Wl,--end-group
Finished building target: prueba de uart.elf
 
arm-none-eabi-size  prueba\ de\ uart.elf 
arm-none-eabi-objdump -h -S prueba\ de\ uart.elf  > "prueba de uart.list"
   text	   data	    bss	    dec	    hex	filename
  33468	    468	   4088	  38024	   9488	prueba de uart.elf
Finished building: default.size.stdout
 
Finished building: prueba de uart.list
 
20:58:44 **** Incremental Build of configuration Debug for project prueba de uart ****
make -j4 all 
arm-none-eabi-size  prueba\ de\ uart.elf 
   text	   data	    bss	    dec	    hex	filename
  33468	    468	   4088	  38024	   9488	prueba de uart.elf
Finished building: default.size.stdout
 
21:00:12 **** Incremental Build of configuration Debug for project prueba de uart ****
make -j4 all 
arm-none-eabi-gcc "../Drivers/API/Src/API_pc.c" -mcpu=cortex-m4 -std=gnu11 -g3 -DDEBUG -DSTM32 -DSTM32F429ZITx -DSTM32F4 -DNUCLEO_F429ZI -DUSE_HAL_DRIVER -DSTM32F429xx -c -I../Inc -I"/home/felipe/Desktop/PdM_workspace/prueba de uart/Drivers/STM32F4xx_HAL_Driver/Inc" -I"/home/felipe/Desktop/PdM_workspace/prueba de uart/Drivers/CMSIS/Include" -I"/home/felipe/Desktop/PdM_workspace/prueba de uart/Drivers/CMSIS/Device/ST/STM32F4xx/Include" -I"/home/felipe/Desktop/PdM_workspace/prueba de uart/Drivers/BSP/STM32F4xx_Nucleo_144" -I"/home/felipe/Desktop/PdM_workspace/prueba de uart/Drivers/Core/Inc" -I"/home/felipe/Desktop/PdM_workspace/prueba de uart/Drivers/API/Inc" -O0 -ffunction-sections -fdata-sections -Wall -fstack-usage -fcyclomatic-complexity -MMD -MP -MF"Drivers/API/Src/API_pc.d" -MT"Drivers/API/Src/API_pc.o" --specs=nano.specs -mfpu=fpv4-sp-d16 -mfloat-abi=hard -mthumb -o "Drivers/API/Src/API_pc.o"
../Drivers/API/Src/API_pc.c: In function 'Process_PC_Command':
../Drivers/API/Src/API_pc.c:15:9: warning: implicit declaration of function 'String_Compare' [-Wimplicit-function-declaration]
   15 |     if (String_Compare(pc_command, "$DUMP\n\r") == 1) {
      |         ^~~~~~~~~~~~~~
arm-none-eabi-gcc -o "prueba de uart.elf" @"objects.list"   -mcpu=cortex-m4 -T"/home/felipe/Desktop/PdM_workspace/prueba de uart/STM32F429ZITX_FLASH.ld" --specs=nosys.specs -Wl,-Map="prueba de uart.map" -Wl,--gc-sections -static --specs=nano.specs -mfpu=fpv4-sp-d16 -mfloat-abi=hard -mthumb -Wl,--start-group -lc -lm -Wl,--end-group
Finished building target: prueba de uart.elf
 
arm-none-eabi-size  prueba\ de\ uart.elf 
arm-none-eabi-objdump -h -S prueba\ de\ uart.elf  > "prueba de uart.list"
   text	   data	    bss	    dec	    hex	filename
  33468	    468	   4088	  38024	   9488	prueba de uart.elf
Finished building: default.size.stdout
 
Finished building: prueba de uart.list
 
21:05:59 **** Incremental Build of configuration Debug for project prueba de uart ****
make -j4 all 
arm-none-eabi-gcc "../Src/main.c" -mcpu=cortex-m4 -std=gnu11 -g3 -DDEBUG -DSTM32 -DSTM32F429ZITx -DSTM32F4 -DNUCLEO_F429ZI -DUSE_HAL_DRIVER -DSTM32F429xx -c -I../Inc -I"/home/felipe/Desktop/PdM_workspace/prueba de uart/Drivers/STM32F4xx_HAL_Driver/Inc" -I"/home/felipe/Desktop/PdM_workspace/prueba de uart/Drivers/CMSIS/Include" -I"/home/felipe/Desktop/PdM_workspace/prueba de uart/Drivers/CMSIS/Device/ST/STM32F4xx/Include" -I"/home/felipe/Desktop/PdM_workspace/prueba de uart/Drivers/BSP/STM32F4xx_Nucleo_144" -I"/home/felipe/Desktop/PdM_workspace/prueba de uart/Drivers/Core/Inc" -I"/home/felipe/Desktop/PdM_workspace/prueba de uart/Drivers/API/Inc" -O0 -ffunction-sections -fdata-sections -Wall -fstack-usage -fcyclomatic-complexity -MMD -MP -MF"Src/main.d" -MT"Src/main.o" --specs=nano.specs -mfpu=fpv4-sp-d16 -mfloat-abi=hard -mthumb -o "Src/main.o"
arm-none-eabi-gcc "../Drivers/API/Src/API_gps.c" -mcpu=cortex-m4 -std=gnu11 -g3 -DDEBUG -DSTM32 -DSTM32F429ZITx -DSTM32F4 -DNUCLEO_F429ZI -DUSE_HAL_DRIVER -DSTM32F429xx -c -I../Inc -I"/home/felipe/Desktop/PdM_workspace/prueba de uart/Drivers/STM32F4xx_HAL_Driver/Inc" -I"/home/felipe/Desktop/PdM_workspace/prueba de uart/Drivers/CMSIS/Include" -I"/home/felipe/Desktop/PdM_workspace/prueba de uart/Drivers/CMSIS/Device/ST/STM32F4xx/Include" -I"/home/felipe/Desktop/PdM_workspace/prueba de uart/Drivers/BSP/STM32F4xx_Nucleo_144" -I"/home/felipe/Desktop/PdM_workspace/prueba de uart/Drivers/Core/Inc" -I"/home/felipe/Desktop/PdM_workspace/prueba de uart/Drivers/API/Inc" -O0 -ffunction-sections -fdata-sections -Wall -fstack-usage -fcyclomatic-complexity -MMD -MP -MF"Drivers/API/Src/API_gps.d" -MT"Drivers/API/Src/API_gps.o" --specs=nano.specs -mfpu=fpv4-sp-d16 -mfloat-abi=hard -mthumb -o "Drivers/API/Src/API_gps.o"
arm-none-eabi-gcc "../Drivers/API/Src/API_pc.c" -mcpu=cortex-m4 -std=gnu11 -g3 -DDEBUG -DSTM32 -DSTM32F429ZITx -DSTM32F4 -DNUCLEO_F429ZI -DUSE_HAL_DRIVER -DSTM32F429xx -c -I../Inc -I"/home/felipe/Desktop/PdM_workspace/prueba de uart/Drivers/STM32F4xx_HAL_Driver/Inc" -I"/home/felipe/Desktop/PdM_workspace/prueba de uart/Drivers/CMSIS/Include" -I"/home/felipe/Desktop/PdM_workspace/prueba de uart/Drivers/CMSIS/Device/ST/STM32F4xx/Include" -I"/home/felipe/Desktop/PdM_workspace/prueba de uart/Drivers/BSP/STM32F4xx_Nucleo_144" -I"/home/felipe/Desktop/PdM_workspace/prueba de uart/Drivers/Core/Inc" -I"/home/felipe/Desktop/PdM_workspace/prueba de uart/Drivers/API/Inc" -O0 -ffunction-sections -fdata-sections -Wall -fstack-usage -fcyclomatic-complexity -MMD -MP -MF"Drivers/API/Src/API_pc.d" -MT"Drivers/API/Src/API_pc.o" --specs=nano.specs -mfpu=fpv4-sp-d16 -mfloat-abi=hard -mthumb -o "Drivers/API/Src/API_pc.o"
../Src/main.c:13: warning: "DEBUG" redefined
   13 | #define DEBUG false
      | 
<command-line>: note: this is the location of the previous definition
../Src/main.c: In function 'main':
../Src/main.c:59:9: warning: implicit declaration of function 'GPS_Configure_Init' [-Wimplicit-function-declaration]
   59 |         GPS_Configure_Init();
      |         ^~~~~~~~~~~~~~~~~~
../Src/main.c:82:42: warning: assignment discards 'const' qualifier from pointer target type [-Wdiscarded-qualifiers]
   82 |                                 nmeaData = Get_NMEA_Data();
      |                                          ^
../Src/main.c:17:19: warning: variable 'nmeaData' set but not used [-Wunused-but-set-variable]
   17 |         NMEAData* nmeaData;
      |                   ^~~~~~~~
In file included from ../Src/main.c:4:
/home/felipe/Desktop/PdM_workspace/prueba de uart/Drivers/API/Inc/API_i2c.h: At top level:
/home/felipe/Desktop/PdM_workspace/prueba de uart/Drivers/API/Inc/API_i2c.h:14:13: warning: 'I2C1_GPIO_Init' declared 'static' but never defined [-Wunused-function]
   14 | static void I2C1_GPIO_Init();
      |             ^~~~~~~~~~~~~~
../Drivers/API/Src/API_pc.c: In function 'Process_PC_Command':
../Drivers/API/Src/API_pc.c:15:9: warning: implicit declaration of function 'String_Compare' [-Wimplicit-function-declaration]
   15 |     if (String_Compare(pc_command, "$DUMP\n\r") == 1) {
      |         ^~~~~~~~~~~~~~
arm-none-eabi-gcc -o "prueba de uart.elf" @"objects.list"   -mcpu=cortex-m4 -T"/home/felipe/Desktop/PdM_workspace/prueba de uart/STM32F429ZITX_FLASH.ld" --specs=nosys.specs -Wl,-Map="prueba de uart.map" -Wl,--gc-sections -static --specs=nano.specs -mfpu=fpv4-sp-d16 -mfloat-abi=hard -mthumb -Wl,--start-group -lc -lm -Wl,--end-group
Finished building target: prueba de uart.elf
 
arm-none-eabi-size  prueba\ de\ uart.elf 
arm-none-eabi-objdump -h -S prueba\ de\ uart.elf  > "prueba de uart.list"
   text	   data	    bss	    dec	    hex	filename
  33380	    468	   4088	  37936	   9430	prueba de uart.elf
Finished building: default.size.stdout
 
Finished building: prueba de uart.list
 
21:27:24 **** Incremental Build of configuration Debug for project prueba de uart ****
make -j4 all 
arm-none-eabi-gcc "../Drivers/API/Src/API_gps.c" -mcpu=cortex-m4 -std=gnu11 -g3 -DDEBUG -DSTM32 -DSTM32F429ZITx -DSTM32F4 -DNUCLEO_F429ZI -DUSE_HAL_DRIVER -DSTM32F429xx -c -I../Inc -I"/home/felipe/Desktop/PdM_workspace/prueba de uart/Drivers/STM32F4xx_HAL_Driver/Inc" -I"/home/felipe/Desktop/PdM_workspace/prueba de uart/Drivers/CMSIS/Include" -I"/home/felipe/Desktop/PdM_workspace/prueba de uart/Drivers/CMSIS/Device/ST/STM32F4xx/Include" -I"/home/felipe/Desktop/PdM_workspace/prueba de uart/Drivers/BSP/STM32F4xx_Nucleo_144" -I"/home/felipe/Desktop/PdM_workspace/prueba de uart/Drivers/Core/Inc" -I"/home/felipe/Desktop/PdM_workspace/prueba de uart/Drivers/API/Inc" -O0 -ffunction-sections -fdata-sections -Wall -fstack-usage -fcyclomatic-complexity -MMD -MP -MF"Drivers/API/Src/API_gps.d" -MT"Drivers/API/Src/API_gps.o" --specs=nano.specs -mfpu=fpv4-sp-d16 -mfloat-abi=hard -mthumb -o "Drivers/API/Src/API_gps.o"
../Drivers/API/Src/API_gps.c: In function 'Parse_NMEA_Sentence':
../Drivers/API/Src/API_gps.c:121:1: error: expected declaration or statement at end of input
  121 | }
      | ^
../Drivers/API/Src/API_gps.c: At top level:
../Drivers/API/Src/API_gps.c:118:6: warning: 'GPS_Configure_Init' defined but not used [-Wunused-function]
  118 | void GPS_Configure_Init(){
      |      ^~~~~~~~~~~~~~~~~~
../Drivers/API/Src/API_gps.c:114:6: warning: 'GPS_Query_Logging_Status' defined but not used [-Wunused-function]
  114 | void GPS_Query_Logging_Status(){
      |      ^~~~~~~~~~~~~~~~~~~~~~~~
../Drivers/API/Src/API_gps.c:110:6: warning: 'GPS_Erase_Flash_Data' defined but not used [-Wunused-function]
  110 | void GPS_Erase_Flash_Data(){
      |      ^~~~~~~~~~~~~~~~~~~~
../Drivers/API/Src/API_gps.c:106:6: warning: 'GPS_Dump_Partial_Flash_Data' defined but not used [-Wunused-function]
  106 | void GPS_Dump_Partial_Flash_Data(){
      |      ^~~~~~~~~~~~~~~~~~~~~~~~~~~
../Drivers/API/Src/API_gps.c:102:6: warning: 'GPS_Dump_Full_Flash_Data' defined but not used [-Wunused-function]
  102 | void GPS_Dump_Full_Flash_Data(){
      |      ^~~~~~~~~~~~~~~~~~~~~~~~
../Drivers/API/Src/API_gps.c:94:6: warning: 'GPS_Start_Logging' defined but not used [-Wunused-function]
   94 | void GPS_Start_Logging(){
      |      ^~~~~~~~~~~~~~~~~
../Drivers/API/Src/API_gps.c:68:17: warning: 'Get_NMEA_Data' defined but not used [-Wunused-function]
   68 | const NMEAData* Get_NMEA_Data() {
      |                 ^~~~~~~~~~~~~
make: *** [Drivers/API/Src/subdir.mk:37: Drivers/API/Src/API_gps.o] Error 1
"make -j4 all" terminated with exit code 2. Build might be incomplete.
21:28:01 **** Incremental Build of configuration Debug for project prueba de uart ****
make -j4 all 
arm-none-eabi-gcc "../Drivers/API/Src/API_gps.c" -mcpu=cortex-m4 -std=gnu11 -g3 -DDEBUG -DSTM32 -DSTM32F429ZITx -DSTM32F4 -DNUCLEO_F429ZI -DUSE_HAL_DRIVER -DSTM32F429xx -c -I../Inc -I"/home/felipe/Desktop/PdM_workspace/prueba de uart/Drivers/STM32F4xx_HAL_Driver/Inc" -I"/home/felipe/Desktop/PdM_workspace/prueba de uart/Drivers/CMSIS/Include" -I"/home/felipe/Desktop/PdM_workspace/prueba de uart/Drivers/CMSIS/Device/ST/STM32F4xx/Include" -I"/home/felipe/Desktop/PdM_workspace/prueba de uart/Drivers/BSP/STM32F4xx_Nucleo_144" -I"/home/felipe/Desktop/PdM_workspace/prueba de uart/Drivers/Core/Inc" -I"/home/felipe/Desktop/PdM_workspace/prueba de uart/Drivers/API/Inc" -O0 -ffunction-sections -fdata-sections -Wall -fstack-usage -fcyclomatic-complexity -MMD -MP -MF"Drivers/API/Src/API_gps.d" -MT"Drivers/API/Src/API_gps.o" --specs=nano.specs -mfpu=fpv4-sp-d16 -mfloat-abi=hard -mthumb -o "Drivers/API/Src/API_gps.o"
../Drivers/API/Src/API_gps.c: In function 'Parse_NMEA_Sentence':
../Drivers/API/Src/API_gps.c:121:1: error: expected declaration or statement at end of input
  121 | }
      | ^
../Drivers/API/Src/API_gps.c: At top level:
../Drivers/API/Src/API_gps.c:118:6: warning: 'GPS_Configure_Init' defined but not used [-Wunused-function]
  118 | void GPS_Configure_Init(){
      |      ^~~~~~~~~~~~~~~~~~
../Drivers/API/Src/API_gps.c:114:6: warning: 'GPS_Query_Logging_Status' defined but not used [-Wunused-function]
  114 | void GPS_Query_Logging_Status(){
      |      ^~~~~~~~~~~~~~~~~~~~~~~~
../Drivers/API/Src/API_gps.c:110:6: warning: 'GPS_Erase_Flash_Data' defined but not used [-Wunused-function]
  110 | void GPS_Erase_Flash_Data(){
      |      ^~~~~~~~~~~~~~~~~~~~
../Drivers/API/Src/API_gps.c:106:6: warning: 'GPS_Dump_Partial_Flash_Data' defined but not used [-Wunused-function]
  106 | void GPS_Dump_Partial_Flash_Data(){
      |      ^~~~~~~~~~~~~~~~~~~~~~~~~~~
../Drivers/API/Src/API_gps.c:102:6: warning: 'GPS_Dump_Full_Flash_Data' defined but not used [-Wunused-function]
  102 | void GPS_Dump_Full_Flash_Data(){
      |      ^~~~~~~~~~~~~~~~~~~~~~~~
../Drivers/API/Src/API_gps.c:94:6: warning: 'GPS_Start_Logging' defined but not used [-Wunused-function]
   94 | void GPS_Start_Logging(){
      |      ^~~~~~~~~~~~~~~~~
../Drivers/API/Src/API_gps.c:68:17: warning: 'Get_NMEA_Data' defined but not used [-Wunused-function]
   68 | const NMEAData* Get_NMEA_Data() {
      |                 ^~~~~~~~~~~~~
make: *** [Drivers/API/Src/subdir.mk:37: Drivers/API/Src/API_gps.o] Error 1
"make -j4 all" terminated with exit code 2. Build might be incomplete.
21:28:34 **** Incremental Build of configuration Debug for project prueba de uart ****
make -j4 all 
arm-none-eabi-gcc "../Src/main.c" -mcpu=cortex-m4 -std=gnu11 -g3 -DDEBUG -DSTM32 -DSTM32F429ZITx -DSTM32F4 -DNUCLEO_F429ZI -DUSE_HAL_DRIVER -DSTM32F429xx -c -I../Inc -I"/home/felipe/Desktop/PdM_workspace/prueba de uart/Drivers/STM32F4xx_HAL_Driver/Inc" -I"/home/felipe/Desktop/PdM_workspace/prueba de uart/Drivers/CMSIS/Include" -I"/home/felipe/Desktop/PdM_workspace/prueba de uart/Drivers/CMSIS/Device/ST/STM32F4xx/Include" -I"/home/felipe/Desktop/PdM_workspace/prueba de uart/Drivers/BSP/STM32F4xx_Nucleo_144" -I"/home/felipe/Desktop/PdM_workspace/prueba de uart/Drivers/Core/Inc" -I"/home/felipe/Desktop/PdM_workspace/prueba de uart/Drivers/API/Inc" -O0 -ffunction-sections -fdata-sections -Wall -fstack-usage -fcyclomatic-complexity -MMD -MP -MF"Src/main.d" -MT"Src/main.o" --specs=nano.specs -mfpu=fpv4-sp-d16 -mfloat-abi=hard -mthumb -o "Src/main.o"
arm-none-eabi-gcc "../Drivers/API/Src/API_gps.c" -mcpu=cortex-m4 -std=gnu11 -g3 -DDEBUG -DSTM32 -DSTM32F429ZITx -DSTM32F4 -DNUCLEO_F429ZI -DUSE_HAL_DRIVER -DSTM32F429xx -c -I../Inc -I"/home/felipe/Desktop/PdM_workspace/prueba de uart/Drivers/STM32F4xx_HAL_Driver/Inc" -I"/home/felipe/Desktop/PdM_workspace/prueba de uart/Drivers/CMSIS/Include" -I"/home/felipe/Desktop/PdM_workspace/prueba de uart/Drivers/CMSIS/Device/ST/STM32F4xx/Include" -I"/home/felipe/Desktop/PdM_workspace/prueba de uart/Drivers/BSP/STM32F4xx_Nucleo_144" -I"/home/felipe/Desktop/PdM_workspace/prueba de uart/Drivers/Core/Inc" -I"/home/felipe/Desktop/PdM_workspace/prueba de uart/Drivers/API/Inc" -O0 -ffunction-sections -fdata-sections -Wall -fstack-usage -fcyclomatic-complexity -MMD -MP -MF"Drivers/API/Src/API_gps.d" -MT"Drivers/API/Src/API_gps.o" --specs=nano.specs -mfpu=fpv4-sp-d16 -mfloat-abi=hard -mthumb -o "Drivers/API/Src/API_gps.o"
arm-none-eabi-gcc "../Drivers/API/Src/API_pc.c" -mcpu=cortex-m4 -std=gnu11 -g3 -DDEBUG -DSTM32 -DSTM32F429ZITx -DSTM32F4 -DNUCLEO_F429ZI -DUSE_HAL_DRIVER -DSTM32F429xx -c -I../Inc -I"/home/felipe/Desktop/PdM_workspace/prueba de uart/Drivers/STM32F4xx_HAL_Driver/Inc" -I"/home/felipe/Desktop/PdM_workspace/prueba de uart/Drivers/CMSIS/Include" -I"/home/felipe/Desktop/PdM_workspace/prueba de uart/Drivers/CMSIS/Device/ST/STM32F4xx/Include" -I"/home/felipe/Desktop/PdM_workspace/prueba de uart/Drivers/BSP/STM32F4xx_Nucleo_144" -I"/home/felipe/Desktop/PdM_workspace/prueba de uart/Drivers/Core/Inc" -I"/home/felipe/Desktop/PdM_workspace/prueba de uart/Drivers/API/Inc" -O0 -ffunction-sections -fdata-sections -Wall -fstack-usage -fcyclomatic-complexity -MMD -MP -MF"Drivers/API/Src/API_pc.d" -MT"Drivers/API/Src/API_pc.o" --specs=nano.specs -mfpu=fpv4-sp-d16 -mfloat-abi=hard -mthumb -o "Drivers/API/Src/API_pc.o"
../Src/main.c:13: warning: "DEBUG" redefined
   13 | #define DEBUG false
      | 
<command-line>: note: this is the location of the previous definition
[...]
../Drivers/API/Src/API_uart.c:148:55: note: include '<string.h>' or provide a declaration of 'strlen'
../Drivers/API/Src/API_uart.c: In function 'USART2_Send_String':
../Drivers/API/Src/API_uart.c:152:55: warning: incompatible implicit declaration of built-in function 'strlen' [-Wbuiltin-declaration-mismatch]
  152 |         HAL_UART_Transmit(&huart2,(uint8_t*) pstring, strlen((const char*) pstring), UART_MAX_TIMEOUT);
      |                                                       ^~~~~~
../Drivers/API/Src/API_uart.c:152:55: note: include '<string.h>' or provide a declaration of 'strlen'
arm-none-eabi-gcc -o "prueba de uart.elf" @"objects.list"   -mcpu=cortex-m4 -T"/home/felipe/Desktop/PdM_workspace/prueba de uart/STM32F429ZITX_FLASH.ld" --specs=nosys.specs -Wl,-Map="prueba de uart.map" -Wl,--gc-sections -static --specs=nano.specs -mfpu=fpv4-sp-d16 -mfloat-abi=hard -mthumb -Wl,--start-group -lc -lm -Wl,--end-group
Finished building target: prueba de uart.elf
 
arm-none-eabi-size  prueba\ de\ uart.elf 
arm-none-eabi-objdump -h -S prueba\ de\ uart.elf  > "prueba de uart.list"
   text	   data	    bss	    dec	    hex	filename
  33540	    468	   4352	  38360	   95d8	prueba de uart.elf
Finished building: default.size.stdout
 
Finished building: prueba de uart.list
 
22:14:32 **** Incremental Build of configuration Debug for project prueba de uart ****
make -j4 all 
arm-none-eabi-gcc "../Drivers/API/Src/API_uart.c" -mcpu=cortex-m4 -std=gnu11 -g3 -DDEBUG -DSTM32 -DSTM32F429ZITx -DSTM32F4 -DNUCLEO_F429ZI -DUSE_HAL_DRIVER -DSTM32F429xx -c -I../Inc -I"/home/felipe/Desktop/PdM_workspace/prueba de uart/Drivers/STM32F4xx_HAL_Driver/Inc" -I"/home/felipe/Desktop/PdM_workspace/prueba de uart/Drivers/CMSIS/Include" -I"/home/felipe/Desktop/PdM_workspace/prueba de uart/Drivers/CMSIS/Device/ST/STM32F4xx/Include" -I"/home/felipe/Desktop/PdM_workspace/prueba de uart/Drivers/BSP/STM32F4xx_Nucleo_144" -I"/home/felipe/Desktop/PdM_workspace/prueba de uart/Drivers/Core/Inc" -I"/home/felipe/Desktop/PdM_workspace/prueba de uart/Drivers/API/Inc" -O0 -ffunction-sections -fdata-sections -Wall -fstack-usage -fcyclomatic-complexity -MMD -MP -MF"Drivers/API/Src/API_uart.d" -MT"Drivers/API/Src/API_uart.o" --specs=nano.specs -mfpu=fpv4-sp-d16 -mfloat-abi=hard -mthumb -o "Drivers/API/Src/API_uart.o"
../Drivers/API/Src/API_uart.c: In function 'UART5_Send_String':
../Drivers/API/Src/API_uart.c:148:55: warning: implicit declaration of function 'strlen' [-Wimplicit-function-declaration]
  148 |         HAL_UART_Transmit(&huart5,(uint8_t*) pstring, strlen((const char*) pstring), UART_MAX_TIMEOUT);
      |                                                       ^~~~~~
../Drivers/API/Src/API_uart.c:11:1: note: include '<string.h>' or provide a declaration of 'strlen'
   10 | #include "main.h"
  +++ |+#include <string.h>
   11 | 
../Drivers/API/Src/API_uart.c:148:55: warning: incompatible implicit declaration of built-in function 'strlen' [-Wbuiltin-declaration-mismatch]
  148 |         HAL_UART_Transmit(&huart5,(uint8_t*) pstring, strlen((const char*) pstring), UART_MAX_TIMEOUT);
      |                                                       ^~~~~~
../Drivers/API/Src/API_uart.c:148:55: note: include '<string.h>' or provide a declaration of 'strlen'
../Drivers/API/Src/API_uart.c: In function 'USART2_Send_String':
../Drivers/API/Src/API_uart.c:152:55: warning: incompatible implicit declaration of built-in function 'strlen' [-Wbuiltin-declaration-mismatch]
  152 |         HAL_UART_Transmit(&huart2,(uint8_t*) pstring, strlen((const char*) pstring), UART_MAX_TIMEOUT);
      |                                                       ^~~~~~
../Drivers/API/Src/API_uart.c:152:55: note: include '<string.h>' or provide a declaration of 'strlen'
arm-none-eabi-gcc -o "prueba de uart.elf" @"objects.list"   -mcpu=cortex-m4 -T"/home/felipe/Desktop/PdM_workspace/prueba de uart/STM32F429ZITX_FLASH.ld" --specs=nosys.specs -Wl,-Map="prueba de uart.map" -Wl,--gc-sections -static --specs=nano.specs -mfpu=fpv4-sp-d16 -mfloat-abi=hard -mthumb -Wl,--start-group -lc -lm -Wl,--end-group
Finished building target: prueba de uart.elf
 
arm-none-eabi-size  prueba\ de\ uart.elf 
arm-none-eabi-objdump -h -S prueba\ de\ uart.elf  > "prueba de uart.list"
   text	   data	    bss	    dec	    hex	filename
  33540	    468	   4952	  38960	   9830	prueba de uart.elf
Finished building: default.size.stdout
 
Finished building: prueba de uart.list
 
22:16:22 **** Incremental Build of configuration Debug for project prueba de uart ****
make -j4 all 
arm-none-eabi-gcc "../Drivers/API/Src/API_uart.c" -mcpu=cortex-m4 -std=gnu11 -g3 -DDEBUG -DSTM32 -DSTM32F429ZITx -DSTM32F4 -DNUCLEO_F429ZI -DUSE_HAL_DRIVER -DSTM32F429xx -c -I../Inc -I"/home/felipe/Desktop/PdM_workspace/prueba de uart/Drivers/STM32F4xx_HAL_Driver/Inc" -I"/home/felipe/Desktop/PdM_workspace/prueba de uart/Drivers/CMSIS/Include" -I"/home/felipe/Desktop/PdM_workspace/prueba de uart/Drivers/CMSIS/Device/ST/STM32F4xx/Include" -I"/home/felipe/Desktop/PdM_workspace/prueba de uart/Drivers/BSP/STM32F4xx_Nucleo_144" -I"/home/felipe/Desktop/PdM_workspace/prueba de uart/Drivers/Core/Inc" -I"/home/felipe/Desktop/PdM_workspace/prueba de uart/Drivers/API/Inc" -O0 -ffunction-sections -fdata-sections -Wall -fstack-usage -fcyclomatic-complexity -MMD -MP -MF"Drivers/API/Src/API_uart.d" -MT"Drivers/API/Src/API_uart.o" --specs=nano.specs -mfpu=fpv4-sp-d16 -mfloat-abi=hard -mthumb -o "Drivers/API/Src/API_uart.o"
../Drivers/API/Src/API_uart.c: In function 'UART5_Send_String':
../Drivers/API/Src/API_uart.c:148:55: warning: implicit declaration of function 'strlen' [-Wimplicit-function-declaration]
  148 |         HAL_UART_Transmit(&huart5,(uint8_t*) pstring, strlen((const char*) pstring), UART_MAX_TIMEOUT);
      |                                                       ^~~~~~
../Drivers/API/Src/API_uart.c:11:1: note: include '<string.h>' or provide a declaration of 'strlen'
   10 | #include "main.h"
  +++ |+#include <string.h>
   11 | 
../Drivers/API/Src/API_uart.c:148:55: warning: incompatible implicit declaration of built-in function 'strlen' [-Wbuiltin-declaration-mismatch]
  148 |         HAL_UART_Transmit(&huart5,(uint8_t*) pstring, strlen((const char*) pstring), UART_MAX_TIMEOUT);
      |                                                       ^~~~~~
../Drivers/API/Src/API_uart.c:148:55: note: include '<string.h>' or provide a declaration of 'strlen'
../Drivers/API/Src/API_uart.c: In function 'USART2_Send_String':
../Drivers/API/Src/API_uart.c:152:55: warning: incompatible implicit declaration of built-in function 'strlen' [-Wbuiltin-declaration-mismatch]
  152 |         HAL_UART_Transmit(&huart2,(uint8_t*) pstring, strlen((const char*) pstring), UART_MAX_TIMEOUT);
      |                                                       ^~~~~~
../Drivers/API/Src/API_uart.c:152:55: note: include '<string.h>' or provide a declaration of 'strlen'
arm-none-eabi-gcc -o "prueba de uart.elf" @"objects.list"   -mcpu=cortex-m4 -T"/home/felipe/Desktop/PdM_workspace/prueba de uart/STM32F429ZITX_FLASH.ld" --specs=nosys.specs -Wl,-Map="prueba de uart.map" -Wl,--gc-sections -static --specs=nano.specs -mfpu=fpv4-sp-d16 -mfloat-abi=hard -mthumb -Wl,--start-group -lc -lm -Wl,--end-group
Finished building target: prueba de uart.elf
 
arm-none-eabi-size  prueba\ de\ uart.elf 
arm-none-eabi-objdump -h -S prueba\ de\ uart.elf  > "prueba de uart.list"
   text	   data	    bss	    dec	    hex	filename
  33540	    468	   5616	  39624	   9ac8	prueba de uart.elf
Finished building: default.size.stdout
 
Finished building: prueba de uart.list
 
22:20:37 **** Incremental Build of configuration Debug for project prueba de uart ****
make -j4 all 
arm-none-eabi-gcc "../Src/main.c" -mcpu=cortex-m4 -std=gnu11 -g3 -DDEBUG -DSTM32 -DSTM32F429ZITx -DSTM32F4 -DNUCLEO_F429ZI -DUSE_HAL_DRIVER -DSTM32F429xx -c -I../Inc -I"/home/felipe/Desktop/PdM_workspace/prueba de uart/Drivers/STM32F4xx_HAL_Driver/Inc" -I"/home/felipe/Desktop/PdM_workspace/prueba de uart/Drivers/CMSIS/Include" -I"/home/felipe/Desktop/PdM_workspace/prueba de uart/Drivers/CMSIS/Device/ST/STM32F4xx/Include" -I"/home/felipe/Desktop/PdM_workspace/prueba de uart/Drivers/BSP/STM32F4xx_Nucleo_144" -I"/home/felipe/Desktop/PdM_workspace/prueba de uart/Drivers/Core/Inc" -I"/home/felipe/Desktop/PdM_workspace/prueba de uart/Drivers/API/Inc" -O0 -ffunction-sections -fdata-sections -Wall -fstack-usage -fcyclomatic-complexity -MMD -MP -MF"Src/main.d" -MT"Src/main.o" --specs=nano.specs -mfpu=fpv4-sp-d16 -mfloat-abi=hard -mthumb -o "Src/main.o"
../Src/main.c:13: warning: "DEBUG" redefined
   13 | #define DEBUG true
      | 
<command-line>: note: this is the location of the previous definition
../Src/main.c: In function 'main':
../Src/main.c:82:42: warning: assignment discards 'const' qualifier from pointer target type [-Wdiscarded-qualifiers]
   82 |                                 nmeaData = Get_NMEA_Data();
      |                                          ^
In file included from ../Src/main.c:4:
/home/felipe/Desktop/PdM_workspace/prueba de uart/Drivers/API/Inc/API_i2c.h: At top level:
/home/felipe/Desktop/PdM_workspace/prueba de uart/Drivers/API/Inc/API_i2c.h:14:13: warning: 'I2C1_GPIO_Init' declared 'static' but never defined [-Wunused-function]
   14 | static void I2C1_GPIO_Init();
      |             ^~~~~~~~~~~~~~
arm-none-eabi-gcc -o "prueba de uart.elf" @"objects.list"   -mcpu=cortex-m4 -T"/home/felipe/Desktop/PdM_workspace/prueba de uart/STM32F429ZITX_FLASH.ld" --specs=nosys.specs -Wl,-Map="prueba de uart.map" -Wl,--gc-sections -static --specs=nano.specs -mfpu=fpv4-sp-d16 -mfloat-abi=hard -mthumb -Wl,--start-group -lc -lm -Wl,--end-group
Finished building target: prueba de uart.elf
 
arm-none-eabi-size  prueba\ de\ uart.elf 
arm-none-eabi-objdump -h -S prueba\ de\ uart.elf  > "prueba de uart.list"
   text	   data	    bss	    dec	    hex	filename
  33708	    468	   5616	  39792	   9b70	prueba de uart.elf
Finished building: default.size.stdout
 
Finished building: prueba de uart.list
 
22:21:24 **** Incremental Build of configuration Debug for project prueba de uart ****
make -j4 all 
arm-none-eabi-gcc "../Src/main.c" -mcpu=cortex-m4 -std=gnu11 -g3 -DDEBUG -DSTM32 -DSTM32F429ZITx -DSTM32F4 -DNUCLEO_F429ZI -DUSE_HAL_DRIVER -DSTM32F429xx -c -I../Inc -I"/home/felipe/Desktop/PdM_workspace/prueba de uart/Drivers/STM32F4xx_HAL_Driver/Inc" -I"/home/felipe/Desktop/PdM_workspace/prueba de uart/Drivers/CMSIS/Include" -I"/home/felipe/Desktop/PdM_workspace/prueba de uart/Drivers/CMSIS/Device/ST/STM32F4xx/Include" -I"/home/felipe/Desktop/PdM_workspace/prueba de uart/Drivers/BSP/STM32F4xx_Nucleo_144" -I"/home/felipe/Desktop/PdM_workspace/prueba de uart/Drivers/Core/Inc" -I"/home/felipe/Desktop/PdM_workspace/prueba de uart/Drivers/API/Inc" -O0 -ffunction-sections -fdata-sections -Wall -fstack-usage -fcyclomatic-complexity -MMD -MP -MF"Src/main.d" -MT"Src/main.o" --specs=nano.specs -mfpu=fpv4-sp-d16 -mfloat-abi=hard -mthumb -o "Src/main.o"
../Src/main.c:13: warning: "DEBUG" redefined
   13 | #define DEBUG false
      | 
<command-line>: note: this is the location of the previous definition
../Src/main.c: In function 'main':
../Src/main.c:82:42: warning: assignment discards 'const' qualifier from pointer target type [-Wdiscarded-qualifiers]
   82 |                                 nmeaData = Get_NMEA_Data();
      |                                          ^
../Src/main.c:17:19: warning: variable 'nmeaData' set but not used [-Wunused-but-set-variable]
   17 |         NMEAData* nmeaData;
      |                   ^~~~~~~~
In file included from ../Src/main.c:4:
/home/felipe/Desktop/PdM_workspace/prueba de uart/Drivers/API/Inc/API_i2c.h: At top level:
/home/felipe/Desktop/PdM_workspace/prueba de uart/Drivers/API/Inc/API_i2c.h:14:13: warning: 'I2C1_GPIO_Init' declared 'static' but never defined [-Wunused-function]
   14 | static void I2C1_GPIO_Init();
      |             ^~~~~~~~~~~~~~
arm-none-eabi-gcc -o "prueba de uart.elf" @"objects.list"   -mcpu=cortex-m4 -T"/home/felipe/Desktop/PdM_workspace/prueba de uart/STM32F429ZITX_FLASH.ld" --specs=nosys.specs -Wl,-Map="prueba de uart.map" -Wl,--gc-sections -static --specs=nano.specs -mfpu=fpv4-sp-d16 -mfloat-abi=hard -mthumb -Wl,--start-group -lc -lm -Wl,--end-group
Finished building target: prueba de uart.elf
 
arm-none-eabi-size  prueba\ de\ uart.elf 
arm-none-eabi-objdump -h -S prueba\ de\ uart.elf  > "prueba de uart.list"
   text	   data	    bss	    dec	    hex	filename
  33540	    468	   5616	  39624	   9ac8	prueba de uart.elf
Finished building: default.size.stdout
 
Finished building: prueba de uart.list
 
22:22:36 **** Incremental Build of configuration Debug for project prueba de uart ****
make -j4 all 
arm-none-eabi-gcc "../Src/main.c" -mcpu=cortex-m4 -std=gnu11 -g3 -DDEBUG -DSTM32 -DSTM32F429ZITx -DSTM32F4 -DNUCLEO_F429ZI -DUSE_HAL_DRIVER -DSTM32F429xx -c -I../Inc -I"/home/felipe/Desktop/PdM_workspace/prueba de uart/Drivers/STM32F4xx_HAL_Driver/Inc" -I"/home/felipe/Desktop/PdM_workspace/prueba de uart/Drivers/CMSIS/Include" -I"/home/felipe/Desktop/PdM_workspace/prueba de uart/Drivers/CMSIS/Device/ST/STM32F4xx/Include" -I"/home/felipe/Desktop/PdM_workspace/prueba de uart/Drivers/BSP/STM32F4xx_Nucleo_144" -I"/home/felipe/Desktop/PdM_workspace/prueba de uart/Drivers/Core/Inc" -I"/home/felipe/Desktop/PdM_workspace/prueba de uart/Drivers/API/Inc" -O0 -ffunction-sections -fdata-sections -Wall -fstack-usage -fcyclomatic-complexity -MMD -MP -MF"Src/main.d" -MT"Src/main.o" --specs=nano.specs -mfpu=fpv4-sp-d16 -mfloat-abi=hard -mthumb -o "Src/main.o"
../Src/main.c:13: warning: "DEBUG" redefined
   13 | #define DEBUG false
      | 
<command-line>: note: this is the location of the previous definition
../Src/main.c: In function 'main':
../Src/main.c:82:42: warning: assignment discards 'const' qualifier from pointer target type [-Wdiscarded-qualifiers]
   82 |                                 nmeaData = Get_NMEA_Data();
      |                                          ^
../Src/main.c:17:19: warning: variable 'nmeaData' set but not used [-Wunused-but-set-variable]
   17 |         NMEAData* nmeaData;
      |                   ^~~~~~~~
In file included from ../Src/main.c:4:
/home/felipe/Desktop/PdM_workspace/prueba de uart/Drivers/API/Inc/API_i2c.h: At top level:
/home/felipe/Desktop/PdM_workspace/prueba de uart/Drivers/API/Inc/API_i2c.h:14:13: warning: 'I2C1_GPIO_Init' declared 'static' but never defined [-Wunused-function]
   14 | static void I2C1_GPIO_Init();
      |             ^~~~~~~~~~~~~~
arm-none-eabi-gcc -o "prueba de uart.elf" @"objects.list"   -mcpu=cortex-m4 -T"/home/felipe/Desktop/PdM_workspace/prueba de uart/STM32F429ZITX_FLASH.ld" --specs=nosys.specs -Wl,-Map="prueba de uart.map" -Wl,--gc-sections -static --specs=nano.specs -mfpu=fpv4-sp-d16 -mfloat-abi=hard -mthumb -Wl,--start-group -lc -lm -Wl,--end-group
Finished building target: prueba de uart.elf
 
arm-none-eabi-size  prueba\ de\ uart.elf 
arm-none-eabi-objdump -h -S prueba\ de\ uart.elf  > "prueba de uart.list"
   text	   data	    bss	    dec	    hex	filename
  33564	    468	   5616	  39648	   9ae0	prueba de uart.elf
Finished building: default.size.stdout
 
Finished building: prueba de uart.list
 
23:33:23 **** Incremental Build of configuration Debug for project prueba de uart ****
make -j4 all 
arm-none-eabi-gcc "../Src/main.c" -mcpu=cortex-m4 -std=gnu11 -g3 -DDEBUG -DSTM32 -DSTM32F429ZITx -DSTM32F4 -DNUCLEO_F429ZI -DUSE_HAL_DRIVER -DSTM32F429xx -c -I../Inc -I"/home/felipe/Desktop/PdM_workspace/prueba de uart/Drivers/STM32F4xx_HAL_Driver/Inc" -I"/home/felipe/Desktop/PdM_workspace/prueba de uart/Drivers/CMSIS/Include" -I"/home/felipe/Desktop/PdM_workspace/prueba de uart/Drivers/CMSIS/Device/ST/STM32F4xx/Include" -I"/home/felipe/Desktop/PdM_workspace/prueba de uart/Drivers/BSP/STM32F4xx_Nucleo_144" -I"/home/felipe/Desktop/PdM_workspace/prueba de uart/Drivers/Core/Inc" -I"/home/felipe/Desktop/PdM_workspace/prueba de uart/Drivers/API/Inc" -O0 -ffunction-sections -fdata-sections -Wall -fstack-usage -fcyclomatic-complexity -MMD -MP -MF"Src/main.d" -MT"Src/main.o" --specs=nano.specs -mfpu=fpv4-sp-d16 -mfloat-abi=hard -mthumb -o "Src/main.o"
arm-none-eabi-gcc "../Drivers/API/Src/API_gps.c" -mcpu=cortex-m4 -std=gnu11 -g3 -DDEBUG -DSTM32 -DSTM32F429ZITx -DSTM32F4 -DNUCLEO_F429ZI -DUSE_HAL_DRIVER -DSTM32F429xx -c -I../Inc -I"/home/felipe/Desktop/PdM_workspace/prueba de uart/Drivers/STM32F4xx_HAL_Driver/Inc" -I"/home/felipe/Desktop/PdM_workspace/prueba de uart/Drivers/CMSIS/Include" -I"/home/felipe/Desktop/PdM_workspace/prueba de uart/Drivers/CMSIS/Device/ST/STM32F4xx/Include" -I"/home/felipe/Desktop/PdM_workspace/prueba de uart/Drivers/BSP/STM32F4xx_Nucleo_144" -I"/home/felipe/Desktop/PdM_workspace/prueba de uart/Drivers/Core/Inc" -I"/home/felipe/Desktop/PdM_workspace/prueba de uart/Drivers/API/Inc" -O0 -ffunction-sections -fdata-sections -Wall -fstack-usage -fcyclomatic-complexity -MMD -MP -MF"Drivers/API/Src/API_gps.d" -MT"Drivers/API/Src/API_gps.o" --specs=nano.specs -mfpu=fpv4-sp-d16 -mfloat-abi=hard -mthumb -o "Drivers/API/Src/API_gps.o"
arm-none-eabi-gcc "../Drivers/API/Src/API_pc.c" -mcpu=cortex-m4 -std=gnu11 -g3 -DDEBUG -DSTM32 -DSTM32F429ZITx -DSTM32F4 -DNUCLEO_F429ZI -DUSE_HAL_DRIVER -DSTM32F429xx -c -I../Inc -I"/home/felipe/Desktop/PdM_workspace/prueba de uart/Drivers/STM32F4xx_HAL_Driver/Inc" -I"/home/felipe/Desktop/PdM_workspace/prueba de uart/Drivers/CMSIS/Include" -I"/home/felipe/Desktop/PdM_workspace/prueba de uart/Drivers/CMSIS/Device/ST/STM32F4xx/Include" -I"/home/felipe/Desktop/PdM_workspace/prueba de uart/Drivers/BSP/STM32F4xx_Nucleo_144" -I"/home/felipe/Desktop/PdM_workspace/prueba de uart/Drivers/Core/Inc" -I"/home/felipe/Desktop/PdM_workspace/prueba de uart/Drivers/API/Inc" -O0 -ffunction-sections -fdata-sections -Wall -fstack-usage -fcyclomatic-complexity -MMD -MP -MF"Drivers/API/Src/API_pc.d" -MT"Drivers/API/Src/API_pc.o" --specs=nano.specs -mfpu=fpv4-sp-d16 -mfloat-abi=hard -mthumb -o "Drivers/API/Src/API_pc.o"
../Src/main.c:13: warning: "DEBUG" redefined
   13 | #define DEBUG false
      | 
<command-line>: note: this is the location of the previous definition
../Src/main.c: In function 'main':
../Src/main.c:84:42: warning: assignment discards 'const' qualifier from pointer target type [-Wdiscarded-qualifiers]
   84 |                                 nmeaData = Get_NMEA_Data();
      |                                          ^
../Src/main.c:17:19: warning: variable 'nmeaData' set but not used [-Wunused-but-set-variable]
   17 |         NMEAData* nmeaData;
      |                   ^~~~~~~~
In file included from ../Src/main.c:4:
/home/felipe/Desktop/PdM_workspace/prueba de uart/Drivers/API/Inc/API_i2c.h: At top level:
/home/felipe/Desktop/PdM_workspace/prueba de uart/Drivers/API/Inc/API_i2c.h:14:13: warning: 'I2C1_GPIO_Init' declared 'static' but never defined [-Wunused-function]
   14 | static void I2C1_GPIO_Init();
      |             ^~~~~~~~~~~~~~
../Drivers/API/Src/API_pc.c: In function 'Process_PC_Command':
../Drivers/API/Src/API_pc.c:15:9: warning: implicit declaration of function 'String_Compare' [-Wimplicit-function-declaration]
   15 |     if (String_Compare(pc_command, "$DUMP\n\r") == 1) {
      |         ^~~~~~~~~~~~~~
arm-none-eabi-gcc -o "prueba de uart.elf" @"objects.list"   -mcpu=cortex-m4 -T"/home/felipe/Desktop/PdM_workspace/prueba de uart/STM32F429ZITX_FLASH.ld" --specs=nosys.specs -Wl,-Map="prueba de uart.map" -Wl,--gc-sections -static --specs=nano.specs -mfpu=fpv4-sp-d16 -mfloat-abi=hard -mthumb -Wl,--start-group -lc -lm -Wl,--end-group
Finished building target: prueba de uart.elf
 
arm-none-eabi-size  prueba\ de\ uart.elf 
arm-none-eabi-objdump -h -S prueba\ de\ uart.elf  > "prueba de uart.list"
   text	   data	    bss	    dec	    hex	filename
  33668	    468	   5616	  39752	   9b48	prueba de uart.elf
Finished building: default.size.stdout
 
Finished building: prueba de uart.list
 
