10:27:57 **** Incremental Build of configuration Debug for project prueba de uart ****
make -j4 all 
arm-none-eabi-gcc "../Src/main.c" -mcpu=cortex-m4 -std=gnu11 -g3 -DDEBUG -DSTM32 -DSTM32F429ZITx -DSTM32F4 -DNUCLEO_F429ZI -DUSE_HAL_DRIVER -DSTM32F429xx -c -I../Inc -I"/home/felipe/Desktop/PdM_workspace/prueba de uart/Drivers/STM32F4xx_HAL_Driver/Inc" -I"/home/felipe/Desktop/PdM_workspace/prueba de uart/Drivers/CMSIS/Include" -I"/home/felipe/Desktop/PdM_workspace/prueba de uart/Drivers/CMSIS/Device/ST/STM32F4xx/Include" -I"/home/felipe/Desktop/PdM_workspace/prueba de uart/Drivers/BSP/STM32F4xx_Nucleo_144" -I"/home/felipe/Desktop/PdM_workspace/prueba de uart/Drivers/Core/Inc" -I"/home/felipe/Desktop/PdM_workspace/prueba de uart/Drivers/API/Inc" -O0 -ffunction-sections -fdata-sections -Wall -fstack-usage -fcyclomatic-complexity -MMD -MP -MF"Src/main.d" -MT"Src/main.o" --specs=nano.specs -mfpu=fpv4-sp-d16 -mfloat-abi=hard -mthumb -o "Src/main.o"
../Src/main.c:12: warning: "DEBUG" redefined
   12 | #define DEBUG true
      | 
<command-line>: note: this is the location of the previous definition
../Src/main.c: In function 'main':
../Src/main.c:58:23: warning: implicit declaration of function 'itoa' [-Wimplicit-function-declaration]
   58 |     const char *src = itoa(1000);
      |                       ^~~~
../Src/main.c:58:23: warning: initialization of 'const char *' from 'int' makes pointer from integer without a cast [-Wint-conversion]
../Src/main.c:78:42: warning: assignment discards 'const' qualifier from pointer target type [-Wdiscarded-qualifiers]
   78 |                                 nmeaData = Get_NMEA_Data();
      |                                          ^
In file included from ../Src/main.c:4:
/home/felipe/Desktop/PdM_workspace/prueba de uart/Drivers/API/Inc/API_i2c.h: At top level:
/home/felipe/Desktop/PdM_workspace/prueba de uart/Drivers/API/Inc/API_i2c.h:14:13: warning: 'I2C1_GPIO_Init' declared 'static' but never defined [-Wunused-function]
   14 | static void I2C1_GPIO_Init();
      |             ^~~~~~~~~~~~~~
arm-none-eabi-gcc -o "prueba de uart.elf" @"objects.list"   -mcpu=cortex-m4 -T"/home/felipe/Desktop/PdM_workspace/prueba de uart/STM32F429ZITX_FLASH.ld" --specs=nosys.specs -Wl,-Map="prueba de uart.map" -Wl,--gc-sections -static --specs=nano.specs -mfpu=fpv4-sp-d16 -mfloat-abi=hard -mthumb -Wl,--start-group -lc -lm -Wl,--end-group
Finished building target: prueba de uart.elf
 
arm-none-eabi-size  prueba\ de\ uart.elf 
arm-none-eabi-objdump -h -S prueba\ de\ uart.elf  > "prueba de uart.list"
   text	   data	    bss	    dec	    hex	filename
  32260	    468	   2544	  35272	   89c8	prueba de uart.elf
Finished building: default.size.stdout
 
Finished building: prueba de uart.list
 
10:28:58 **** Incremental Build of configuration Debug for project prueba de uart ****
make -j4 all 
arm-none-eabi-gcc "../Src/main.c" -mcpu=cortex-m4 -std=gnu11 -g3 -DDEBUG -DSTM32 -DSTM32F429ZITx -DSTM32F4 -DNUCLEO_F429ZI -DUSE_HAL_DRIVER -DSTM32F429xx -c -I../Inc -I"/home/felipe/Desktop/PdM_workspace/prueba de uart/Drivers/STM32F4xx_HAL_Driver/Inc" -I"/home/felipe/Desktop/PdM_workspace/prueba de uart/Drivers/CMSIS/Include" -I"/home/felipe/Desktop/PdM_workspace/prueba de uart/Drivers/CMSIS/Device/ST/STM32F4xx/Include" -I"/home/felipe/Desktop/PdM_workspace/prueba de uart/Drivers/BSP/STM32F4xx_Nucleo_144" -I"/home/felipe/Desktop/PdM_workspace/prueba de uart/Drivers/Core/Inc" -I"/home/felipe/Desktop/PdM_workspace/prueba de uart/Drivers/API/Inc" -O0 -ffunction-sections -fdata-sections -Wall -fstack-usage -fcyclomatic-complexity -MMD -MP -MF"Src/main.d" -MT"Src/main.o" --specs=nano.specs -mfpu=fpv4-sp-d16 -mfloat-abi=hard -mthumb -o "Src/main.o"
../Src/main.c:12: warning: "DEBUG" redefined
   12 | #define DEBUG true
      | 
<command-line>: note: this is the location of the previous definition
../Src/main.c: In function 'main':
../Src/main.c:78:42: warning: assignment discards 'const' qualifier from pointer target type [-Wdiscarded-qualifiers]
   78 |                                 nmeaData = Get_NMEA_Data();
      |                                          ^
In file included from ../Src/main.c:4:
/home/felipe/Desktop/PdM_workspace/prueba de uart/Drivers/API/Inc/API_i2c.h: At top level:
/home/felipe/Desktop/PdM_workspace/prueba de uart/Drivers/API/Inc/API_i2c.h:14:13: warning: 'I2C1_GPIO_Init' declared 'static' but never defined [-Wunused-function]
   14 | static void I2C1_GPIO_Init();
      |             ^~~~~~~~~~~~~~
arm-none-eabi-gcc -o "prueba de uart.elf" @"objects.list"   -mcpu=cortex-m4 -T"/home/felipe/Desktop/PdM_workspace/prueba de uart/STM32F429ZITX_FLASH.ld" --specs=nosys.specs -Wl,-Map="prueba de uart.map" -Wl,--gc-sections -static --specs=nano.specs -mfpu=fpv4-sp-d16 -mfloat-abi=hard -mthumb -Wl,--start-group -lc -lm -Wl,--end-group
Finished building target: prueba de uart.elf
 
arm-none-eabi-size  prueba\ de\ uart.elf 
arm-none-eabi-objdump -h -S prueba\ de\ uart.elf  > "prueba de uart.list"
   text	   data	    bss	    dec	    hex	filename
  31852	    468	   2544	  34864	   8830	prueba de uart.elf
Finished building: default.size.stdout
 
Finished building: prueba de uart.list
 
10:29:54 **** Incremental Build of configuration Debug for project prueba de uart ****
make -j4 all 
arm-none-eabi-gcc "../Src/main.c" -mcpu=cortex-m4 -std=gnu11 -g3 -DDEBUG -DSTM32 -DSTM32F429ZITx -DSTM32F4 -DNUCLEO_F429ZI -DUSE_HAL_DRIVER -DSTM32F429xx -c -I../Inc -I"/home/felipe/Desktop/PdM_workspace/prueba de uart/Drivers/STM32F4xx_HAL_Driver/Inc" -I"/home/felipe/Desktop/PdM_workspace/prueba de uart/Drivers/CMSIS/Include" -I"/home/felipe/Desktop/PdM_workspace/prueba de uart/Drivers/CMSIS/Device/ST/STM32F4xx/Include" -I"/home/felipe/Desktop/PdM_workspace/prueba de uart/Drivers/BSP/STM32F4xx_Nucleo_144" -I"/home/felipe/Desktop/PdM_workspace/prueba de uart/Drivers/Core/Inc" -I"/home/felipe/Desktop/PdM_workspace/prueba de uart/Drivers/API/Inc" -O0 -ffunction-sections -fdata-sections -Wall -fstack-usage -fcyclomatic-complexity -MMD -MP -MF"Src/main.d" -MT"Src/main.o" --specs=nano.specs -mfpu=fpv4-sp-d16 -mfloat-abi=hard -mthumb -o "Src/main.o"
../Src/main.c:12: warning: "DEBUG" redefined
   12 | #define DEBUG true
      | 
<command-line>: note: this is the location of the previous definition
../Src/main.c: In function 'main':
../Src/main.c:58:23: warning: implicit declaration of function 'itoa' [-Wimplicit-function-declaration]
   58 |     const char *src = itoa(1000);
      |                       ^~~~
../Src/main.c:58:23: warning: initialization of 'const char *' from 'int' makes pointer from integer without a cast [-Wint-conversion]
../Src/main.c:78:42: warning: assignment discards 'const' qualifier from pointer target type [-Wdiscarded-qualifiers]
   78 |                                 nmeaData = Get_NMEA_Data();
      |                                          ^
In file included from ../Src/main.c:4:
/home/felipe/Desktop/PdM_workspace/prueba de uart/Drivers/API/Inc/API_i2c.h: At top level:
/home/felipe/Desktop/PdM_workspace/prueba de uart/Drivers/API/Inc/API_i2c.h:14:13: warning: 'I2C1_GPIO_Init' declared 'static' but never defined [-Wunused-function]
   14 | static void I2C1_GPIO_Init();
      |             ^~~~~~~~~~~~~~
arm-none-eabi-gcc -o "prueba de uart.elf" @"objects.list"   -mcpu=cortex-m4 -T"/home/felipe/Desktop/PdM_workspace/prueba de uart/STM32F429ZITX_FLASH.ld" --specs=nosys.specs -Wl,-Map="prueba de uart.map" -Wl,--gc-sections -static --specs=nano.specs -mfpu=fpv4-sp-d16 -mfloat-abi=hard -mthumb -Wl,--start-group -lc -lm -Wl,--end-group
Finished building target: prueba de uart.elf
 
arm-none-eabi-size  prueba\ de\ uart.elf 
arm-none-eabi-objdump -h -S prueba\ de\ uart.elf  > "prueba de uart.list"
   text	   data	    bss	    dec	    hex	filename
  32236	    468	   2544	  35248	   89b0	prueba de uart.elf
Finished building: default.size.stdout
 
Finished building: prueba de uart.list
 
10:30:31 **** Incremental Build of configuration Debug for project prueba de uart ****
make -j4 all 
arm-none-eabi-size  prueba\ de\ uart.elf 
   text	   data	    bss	    dec	    hex	filename
  32236	    468	   2544	  35248	   89b0	prueba de uart.elf
Finished building: default.size.stdout
 
10:30:36 **** Incremental Build of configuration Debug for project prueba de uart ****
make -j4 all 
arm-none-eabi-size  prueba\ de\ uart.elf 
   text	   data	    bss	    dec	    hex	filename
  32236	    468	   2544	  35248	   89b0	prueba de uart.elf
Finished building: default.size.stdout
 
10:30:42 **** Incremental Build of configuration Debug for project prueba de uart ****
make -j4 all 
arm-none-eabi-size  prueba\ de\ uart.elf 
   text	   data	    bss	    dec	    hex	filename
  32236	    468	   2544	  35248	   89b0	prueba de uart.elf
Finished building: default.size.stdout
 
10:30:55 **** Incremental Build of configuration Debug for project prueba de uart ****
make -j4 all 
arm-none-eabi-size  prueba\ de\ uart.elf 
   text	   data	    bss	    dec	    hex	filename
  32236	    468	   2544	  35248	   89b0	prueba de uart.elf
Finished building: default.size.stdout
 
10:34:12 **** Incremental Build of configuration Debug for project prueba de uart ****
make -j4 all 
arm-none-eabi-gcc "../Src/main.c" -mcpu=cortex-m4 -std=gnu11 -g3 -DDEBUG -DSTM32 -DSTM32F429ZITx -DSTM32F4 -DNUCLEO_F429ZI -DUSE_HAL_DRIVER -DSTM32F429xx -c -I../Inc -I"/home/felipe/Desktop/PdM_workspace/prueba de uart/Drivers/STM32F4xx_HAL_Driver/Inc" -I"/home/felipe/Desktop/PdM_workspace/prueba de uart/Drivers/CMSIS/Include" -I"/home/felipe/Desktop/PdM_workspace/prueba de uart/Drivers/CMSIS/Device/ST/STM32F4xx/Include" -I"/home/felipe/Desktop/PdM_workspace/prueba de uart/Drivers/BSP/STM32F4xx_Nucleo_144" -I"/home/felipe/Desktop/PdM_workspace/prueba de uart/Drivers/Core/Inc" -I"/home/felipe/Desktop/PdM_workspace/prueba de uart/Drivers/API/Inc" -O0 -ffunction-sections -fdata-sections -Wall -fstack-usage -fcyclomatic-complexity -MMD -MP -MF"Src/main.d" -MT"Src/main.o" --specs=nano.specs -mfpu=fpv4-sp-d16 -mfloat-abi=hard -mthumb -o "Src/main.o"
../Src/main.c:12: warning: "DEBUG" redefined
   12 | #define DEBUG true
      | 
<command-line>: note: this is the location of the previous definition
../Src/main.c: In function 'main':
../Src/main.c:59:5: warning: implicit declaration of function 'itoa' [-Wimplicit-function-declaration]
   59 |     itoa(1000, src, 10);
      |     ^~~~
../Src/main.c:79:42: warning: assignment discards 'const' qualifier from pointer target type [-Wdiscarded-qualifiers]
   79 |                                 nmeaData = Get_NMEA_Data();
      |                                          ^
In file included from ../Src/main.c:4:
/home/felipe/Desktop/PdM_workspace/prueba de uart/Drivers/API/Inc/API_i2c.h: At top level:
/home/felipe/Desktop/PdM_workspace/prueba de uart/Drivers/API/Inc/API_i2c.h:14:13: warning: 'I2C1_GPIO_Init' declared 'static' but never defined [-Wunused-function]
   14 | static void I2C1_GPIO_Init();
      |             ^~~~~~~~~~~~~~
../Src/main.c: In function 'main':
../Src/main.c:59:5: warning: 'src' is used uninitialized [-Wuninitialized]
   59 |     itoa(1000, src, 10);
      |     ^~~~~~~~~~~~~~~~~~~
../Src/main.c:58:17: note: 'src' was declared here
   58 |     const char *src;
      |                 ^~~
arm-none-eabi-gcc -o "prueba de uart.elf" @"objects.list"   -mcpu=cortex-m4 -T"/home/felipe/Desktop/PdM_workspace/prueba de uart/STM32F429ZITX_FLASH.ld" --specs=nosys.specs -Wl,-Map="prueba de uart.map" -Wl,--gc-sections -static --specs=nano.specs -mfpu=fpv4-sp-d16 -mfloat-abi=hard -mthumb -Wl,--start-group -lc -lm -Wl,--end-group
Finished building target: prueba de uart.elf
 
arm-none-eabi-size  prueba\ de\ uart.elf 
arm-none-eabi-objdump -h -S prueba\ de\ uart.elf  > "prueba de uart.list"
   text	   data	    bss	    dec	    hex	filename
  32236	    468	   2544	  35248	   89b0	prueba de uart.elf
Finished building: default.size.stdout
 
Finished building: prueba de uart.list
 
10:35:10 **** Incremental Build of configuration Debug for project prueba de uart ****
make -j4 all 
arm-none-eabi-gcc "../Src/main.c" -mcpu=cortex-m4 -std=gnu11 -g3 -DDEBUG -DSTM32 -DSTM32F429ZITx -DSTM32F4 -DNUCLEO_F429ZI -DUSE_HAL_DRIVER -DSTM32F429xx -c -I../Inc -I"/home/felipe/Desktop/PdM_workspace/prueba de uart/Drivers/STM32F4xx_HAL_Driver/Inc" -I"/home/felipe/Desktop/PdM_workspace/prueba de uart/Drivers/CMSIS/Include" -I"/home/felipe/Desktop/PdM_workspace/prueba de uart/Drivers/CMSIS/Device/ST/STM32F4xx/Include" -I"/home/felipe/Desktop/PdM_workspace/prueba de uart/Drivers/BSP/STM32F4xx_Nucleo_144" -I"/home/felipe/Desktop/PdM_workspace/prueba de uart/Drivers/Core/Inc" -I"/home/felipe/Desktop/PdM_workspace/prueba de uart/Drivers/API/Inc" -O0 -ffunction-sections -fdata-sections -Wall -fstack-usage -fcyclomatic-complexity -MMD -MP -MF"Src/main.d" -MT"Src/main.o" --specs=nano.specs -mfpu=fpv4-sp-d16 -mfloat-abi=hard -mthumb -o "Src/main.o"
../Src/main.c:12: warning: "DEBUG" redefined
   12 | #define DEBUG true
      | 
<command-line>: note: this is the location of the previous definition
../Src/main.c: In function 'main':
../Src/main.c:59:5: warning: implicit declaration of function 'itoa' [-Wimplicit-function-declaration]
   59 |     itoa(1000, src, 10);
      |     ^~~~
../Src/main.c:79:42: warning: assignment discards 'const' qualifier from pointer target type [-Wdiscarded-qualifiers]
   79 |                                 nmeaData = Get_NMEA_Data();
      |                                          ^
In file included from ../Src/main.c:4:
/home/felipe/Desktop/PdM_workspace/prueba de uart/Drivers/API/Inc/API_i2c.h: At top level:
/home/felipe/Desktop/PdM_workspace/prueba de uart/Drivers/API/Inc/API_i2c.h:14:13: warning: 'I2C1_GPIO_Init' declared 'static' but never defined [-Wunused-function]
   14 | static void I2C1_GPIO_Init();
      |             ^~~~~~~~~~~~~~
arm-none-eabi-gcc -o "prueba de uart.elf" @"objects.list"   -mcpu=cortex-m4 -T"/home/felipe/Desktop/PdM_workspace/prueba de uart/STM32F429ZITX_FLASH.ld" --specs=nosys.specs -Wl,-Map="prueba de uart.map" -Wl,--gc-sections -static --specs=nano.specs -mfpu=fpv4-sp-d16 -mfloat-abi=hard -mthumb -Wl,--start-group -lc -lm -Wl,--end-group
Finished building target: prueba de uart.elf
 
arm-none-eabi-size  prueba\ de\ uart.elf 
arm-none-eabi-objdump -h -S prueba\ de\ uart.elf  > "prueba de uart.list"
   text	   data	    bss	    dec	    hex	filename
  32244	    468	   2544	  35256	   89b8	prueba de uart.elf
Finished building: default.size.stdout
 
Finished building: prueba de uart.list
 
10:35:43 **** Incremental Build of configuration Debug for project prueba de uart ****
make -j4 all 
arm-none-eabi-gcc "../Src/main.c" -mcpu=cortex-m4 -std=gnu11 -g3 -DDEBUG -DSTM32 -DSTM32F429ZITx -DSTM32F4 -DNUCLEO_F429ZI -DUSE_HAL_DRIVER -DSTM32F429xx -c -I../Inc -I"/home/felipe/Desktop/PdM_workspace/prueba de uart/Drivers/STM32F4xx_HAL_Driver/Inc" -I"/home/felipe/Desktop/PdM_workspace/prueba de uart/Drivers/CMSIS/Include" -I"/home/felipe/Desktop/PdM_workspace/prueba de uart/Drivers/CMSIS/Device/ST/STM32F4xx/Include" -I"/home/felipe/Desktop/PdM_workspace/prueba de uart/Drivers/BSP/STM32F4xx_Nucleo_144" -I"/home/felipe/Desktop/PdM_workspace/prueba de uart/Drivers/Core/Inc" -I"/home/felipe/Desktop/PdM_workspace/prueba de uart/Drivers/API/Inc" -O0 -ffunction-sections -fdata-sections -Wall -fstack-usage -fcyclomatic-complexity -MMD -MP -MF"Src/main.d" -MT"Src/main.o" --specs=nano.specs -mfpu=fpv4-sp-d16 -mfloat-abi=hard -mthumb -o "Src/main.o"
../Src/main.c:12: warning: "DEBUG" redefined
   12 | #define DEBUG true
      | 
<command-line>: note: this is the location of the previous definition
../Src/main.c: In function 'main':
../Src/main.c:59:5: warning: implicit declaration of function 'itoa' [-Wimplicit-function-declaration]
   59 |     itoa(2000, src, 10);
      |     ^~~~
../Src/main.c:79:42: warning: assignment discards 'const' qualifier from pointer target type [-Wdiscarded-qualifiers]
   79 |                                 nmeaData = Get_NMEA_Data();
      |                                          ^
In file included from ../Src/main.c:4:
/home/felipe/Desktop/PdM_workspace/prueba de uart/Drivers/API/Inc/API_i2c.h: At top level:
/home/felipe/Desktop/PdM_workspace/prueba de uart/Drivers/API/Inc/API_i2c.h:14:13: warning: 'I2C1_GPIO_Init' declared 'static' but never defined [-Wunused-function]
   14 | static void I2C1_GPIO_Init();
      |             ^~~~~~~~~~~~~~
arm-none-eabi-gcc -o "prueba de uart.elf" @"objects.list"   -mcpu=cortex-m4 -T"/home/felipe/Desktop/PdM_workspace/prueba de uart/STM32F429ZITX_FLASH.ld" --specs=nosys.specs -Wl,-Map="prueba de uart.map" -Wl,--gc-sections -static --specs=nano.specs -mfpu=fpv4-sp-d16 -mfloat-abi=hard -mthumb -Wl,--start-group -lc -lm -Wl,--end-group
Finished building target: prueba de uart.elf
 
arm-none-eabi-size  prueba\ de\ uart.elf 
arm-none-eabi-objdump -h -S prueba\ de\ uart.elf  > "prueba de uart.list"
   text	   data	    bss	    dec	    hex	filename
  32244	    468	   2544	  35256	   89b8	prueba de uart.elf
Finished building: default.size.stdout
 
Finished building: prueba de uart.list
 
10:38:02 **** Incremental Build of configuration Debug for project prueba de uart ****
make -j4 all 
arm-none-eabi-gcc "../Src/main.c" -mcpu=cortex-m4 -std=gnu11 -g3 -DDEBUG -DSTM32 -DSTM32F429ZITx -DSTM32F4 -DNUCLEO_F429ZI -DUSE_HAL_DRIVER -DSTM32F429xx -c -I../Inc -I"/home/felipe/Desktop/PdM_workspace/prueba de uart/Drivers/STM32F4xx_HAL_Driver/Inc" -I"/home/felipe/Desktop/PdM_workspace/prueba de uart/Drivers/CMSIS/Include" -I"/home/felipe/Desktop/PdM_workspace/prueba de uart/Drivers/CMSIS/Device/ST/STM32F4xx/Include" -I"/home/felipe/Desktop/PdM_workspace/prueba de uart/Drivers/BSP/STM32F4xx_Nucleo_144" -I"/home/felipe/Desktop/PdM_workspace/prueba de uart/Drivers/Core/Inc" -I"/home/felipe/Desktop/PdM_workspace/prueba de uart/Drivers/API/Inc" -O0 -ffunction-sections -fdata-sections -Wall -fstack-usage -fcyclomatic-complexity -MMD -MP -MF"Src/main.d" -MT"Src/main.o" --specs=nano.specs -mfpu=fpv4-sp-d16 -mfloat-abi=hard -mthumb -o "Src/main.o"
arm-none-eabi-gcc "../Src/utils.c" -mcpu=cortex-m4 -std=gnu11 -g3 -DDEBUG -DSTM32 -DSTM32F429ZITx -DSTM32F4 -DNUCLEO_F429ZI -DUSE_HAL_DRIVER -DSTM32F429xx -c -I../Inc -I"/home/felipe/Desktop/PdM_workspace/prueba de uart/Drivers/STM32F4xx_HAL_Driver/Inc" -I"/home/felipe/Desktop/PdM_workspace/prueba de uart/Drivers/CMSIS/Include" -I"/home/felipe/Desktop/PdM_workspace/prueba de uart/Drivers/CMSIS/Device/ST/STM32F4xx/Include" -I"/home/felipe/Desktop/PdM_workspace/prueba de uart/Drivers/BSP/STM32F4xx_Nucleo_144" -I"/home/felipe/Desktop/PdM_workspace/prueba de uart/Drivers/Core/Inc" -I"/home/felipe/Desktop/PdM_workspace/prueba de uart/Drivers/API/Inc" -O0 -ffunction-sections -fdata-sections -Wall -fstack-usage -fcyclomatic-complexity -MMD -MP -MF"Src/utils.d" -MT"Src/utils.o" --specs=nano.specs -mfpu=fpv4-sp-d16 -mfloat-abi=hard -mthumb -o "Src/utils.o"
arm-none-eabi-gcc "../Drivers/API/Src/API_gps.c" -mcpu=cortex-m4 -std=gnu11 -g3 -DDEBUG -DSTM32 -DSTM32F429ZITx -DSTM32F4 -DNUCLEO_F429ZI -DUSE_HAL_DRIVER -DSTM32F429xx -c -I../Inc -I"/home/felipe/Desktop/PdM_workspace/prueba de uart/Drivers/STM32F4xx_HAL_Driver/Inc" -I"/home/felipe/Desktop/PdM_workspace/prueba de uart/Drivers/CMSIS/Include" -I"/home/felipe/Desktop/PdM_workspace/prueba de uart/Drivers/CMSIS/Device/ST/STM32F4xx/Include" -I"/home/felipe/Desktop/PdM_workspace/prueba de uart/Drivers/BSP/STM32F4xx_Nucleo_144" -I"/home/felipe/Desktop/PdM_workspace/prueba de uart/Drivers/Core/Inc" -I"/home/felipe/Desktop/PdM_workspace/prueba de uart/Drivers/API/Inc" -O0 -ffunction-sections -fdata-sections -Wall -fstack-usage -fcyclomatic-complexity -MMD -MP -MF"Drivers/API/Src/API_gps.d" -MT"Drivers/API/Src/API_gps.o" --specs=nano.specs -mfpu=fpv4-sp-d16 -mfloat-abi=hard -mthumb -o "Drivers/API/Src/API_gps.o"
../Src/main.c:12: warning: "DEBUG" redefined
   12 | #define DEBUG true
      | 
<command-line>: note: this is the location of the previous definition
../Src/main.c: In function 'main':
../Src/main.c:59:5: warning: implicit declaration of function 'itoa' [-Wimplicit-function-declaration]
   59 |     itoa(2000, src, 10);
      |     ^~~~
../Src/main.c:79:42: warning: assignment discards 'const' qualifier from pointer target type [-Wdiscarded-qualifiers]
   79 |                                 nmeaData = Get_NMEA_Data();
      |                                          ^
In file included from ../Src/main.c:4:
/home/felipe/Desktop/PdM_workspace/prueba de uart/Drivers/API/Inc/API_i2c.h: At top level:
/home/felipe/Desktop/PdM_workspace/prueba de uart/Drivers/API/Inc/API_i2c.h:14:13: warning: 'I2C1_GPIO_Init' declared 'static' but never defined [-Wunused-function]
   14 | static void I2C1_GPIO_Init();
      |             ^~~~~~~~~~~~~~
../Src/utils.c:41:64: error: 'MAX_FIELDS' undeclared here (not in a function)
   41 | void String_Split(const char* str, char delimiter, char fields[MAX_FIELDS][MAX_FIELDS_LENGTH], int* fieldCount) {
      |                                                                ^~~~~~~~~~
../Src/utils.c:41:76: error: 'MAX_FIELDS_LENGTH' undeclared here (not in a function)
   41 | void String_Split(const char* str, char delimiter, char fields[MAX_FIELDS][MAX_FIELDS_LENGTH], int* fieldCount) {
      |                                                                            ^~~~~~~~~~~~~~~~~
../Src/utils.c: In function 'String_Split':
../Src/utils.c:43:18: warning: implicit declaration of function 'strlen' [-Wimplicit-function-declaration]
   43 |     int length = strlen(str);
      |                  ^~~~~~
../Src/utils.c:9:1: note: include '<string.h>' or provide a declaration of 'strlen'
    8 | #include "API_delay.h"
  +++ |+#include <string.h>
    9 | 
../Src/utils.c:43:18: warning: incompatible implicit declaration of built-in function 'strlen' [-Wbuiltin-declaration-mismatch]
   43 |     int length = strlen(str);
      |                  ^~~~~~
../Src/utils.c:43:18: note: include '<string.h>' or provide a declaration of 'strlen'
../Src/utils.c:52:31: error: 'MAX_FIELDS' undeclared (first use in this function)
   52 |             if (fieldIndex >= MAX_FIELDS) break;
      |                               ^~~~~~~~~~
../Src/utils.c:52:31: note: each undeclared identifier is reported only once for each function it appears in
../Src/utils.c:55:30: error: 'MAX_FIELDS_LENGTH' undeclared (first use in this function)
   55 |             if (charIndex >= MAX_FIELDS_LENGTH - 1) {
      |                              ^~~~~~~~~~~~~~~~~
make: *** [Src/subdir.mk:22: Src/utils.o] Error 1
make: *** Waiting for unfinished jobs....
"make -j4 all" terminated with exit code 2. Build might be incomplete.
10:38:44 **** Incremental Build of configuration Debug for project prueba de uart ****
make -j4 all 
arm-none-eabi-gcc "../Src/main.c" -mcpu=cortex-m4 -std=gnu11 -g3 -DDEBUG -DSTM32 -DSTM32F429ZITx -DSTM32F4 -DNUCLEO_F429ZI -DUSE_HAL_DRIVER -DSTM32F429xx -c -I../Inc -I"/home/felipe/Desktop/PdM_workspace/prueba de uart/Drivers/STM32F4xx_HAL_Driver/Inc" -I"/home/felipe/Desktop/PdM_workspace/prueba de uart/Drivers/CMSIS/Include" -I"/home/felipe/Desktop/PdM_workspace/prueba de uart/Drivers/CMSIS/Device/ST/STM32F4xx/Include" -I"/home/felipe/Desktop/PdM_workspace/prueba de uart/Drivers/BSP/STM32F4xx_Nucleo_144" -I"/home/felipe/Desktop/PdM_workspace/prueba de uart/Drivers/Core/Inc" -I"/home/felipe/Desktop/PdM_workspace/prueba de uart/Drivers/API/Inc" -O0 -ffunction-sections -fdata-sections -Wall -fstack-usage -fcyclomatic-complexity -MMD -MP -MF"Src/main.d" -MT"Src/main.o" --specs=nano.specs -mfpu=fpv4-sp-d16 -mfloat-abi=hard -mthumb -o "Src/main.o"
arm-none-eabi-gcc "../Src/utils.c" -mcpu=cortex-m4 -std=gnu11 -g3 -DDEBUG -DSTM32 -DSTM32F429ZITx -DSTM32F4 -DNUCLEO_F429ZI -DUSE_HAL_DRIVER -DSTM32F429xx -c -I../Inc -I"/home/felipe/Desktop/PdM_workspace/prueba de uart/Drivers/STM32F4xx_HAL_Driver/Inc" -I"/home/felipe/Desktop/PdM_workspace/prueba de uart/Drivers/CMSIS/Include" -I"/home/felipe/Desktop/PdM_workspace/prueba de uart/Drivers/CMSIS/Device/ST/STM32F4xx/Include" -I"/home/felipe/Desktop/PdM_workspace/prueba de uart/Drivers/BSP/STM32F4xx_Nucleo_144" -I"/home/felipe/Desktop/PdM_workspace/prueba de uart/Drivers/Core/Inc" -I"/home/felipe/Desktop/PdM_workspace/prueba de uart/Drivers/API/Inc" -O0 -ffunction-sections -fdata-sections -Wall -fstack-usage -fcyclomatic-complexity -MMD -MP -MF"Src/utils.d" -MT"Src/utils.o" --specs=nano.specs -mfpu=fpv4-sp-d16 -mfloat-abi=hard -mthumb -o "Src/utils.o"
arm-none-eabi-gcc "../Drivers/API/Src/API_gps.c" -mcpu=cortex-m4 -std=gnu11 -g3 -DDEBUG -DSTM32 -DSTM32F429ZITx -DSTM32F4 -DNUCLEO_F429ZI -DUSE_HAL_DRIVER -DSTM32F429xx -c -I../Inc -I"/home/felipe/Desktop/PdM_workspace/prueba de uart/Drivers/STM32F4xx_HAL_Driver/Inc" -I"/home/felipe/Desktop/PdM_workspace/prueba de uart/Drivers/CMSIS/Include" -I"/home/felipe/Desktop/PdM_workspace/prueba de uart/Drivers/CMSIS/Device/ST/STM32F4xx/Include" -I"/home/felipe/Desktop/PdM_workspace/prueba de uart/Drivers/BSP/STM32F4xx_Nucleo_144" -I"/home/felipe/Desktop/PdM_workspace/prueba de uart/Drivers/Core/Inc" -I"/home/felipe/Desktop/PdM_workspace/prueba de uart/Drivers/API/Inc" -O0 -ffunction-sections -fdata-sections -Wall -fstack-usage -fcyclomatic-complexity -MMD -MP -MF"Drivers/API/Src/API_gps.d" -MT"Drivers/API/Src/API_gps.o" --specs=nano.specs -mfpu=fpv4-sp-d16 -mfloat-abi=hard -mthumb -o "Drivers/API/Src/API_gps.o"
../Src/utils.c:41:64: error: 'MAX_FIELDS' undeclared here (not in a function)
   41 | void String_Split(const char* str, char delimiter, char fields[MAX_FIELDS][MAX_FIELDS_LENGTH], int* fieldCount) {
      |                                                                ^~~~~~~~~~
In file included from ../Src/main.c:3:
/home/felipe/Desktop/PdM_workspace/prueba de uart/Drivers/API/Inc/API_gps.h:65:64: error: 'MAX_FIELDS' undeclared here (not in a function)
   65 | void String_Split(const char* str, char delimiter, char fields[MAX_FIELDS][MAX_FIELDS_LENGTH], int* fieldCount);
      |                                                                ^~~~~~~~~~
In file included from ../Drivers/API/Src/API_gps.c:13:
/home/felipe/Desktop/PdM_workspace/prueba de uart/Drivers/API/Inc/API_gps.h:65:64: error: 'MAX_FIELDS' undeclared here (not in a function)
   65 | void String_Split(const char* str, char delimiter, char fields[MAX_FIELDS][MAX_FIELDS_LENGTH], int* fieldCount);
      |                                                                ^~~~~~~~~~
/home/felipe/Desktop/PdM_workspace/prueba de uart/Drivers/API/Inc/API_gps.h:65:76: error: 'MAX_FIELDS_LENGTH' undeclared here (not in a function)
   65 | void String_Split(const char* str, char delimiter, char fields[MAX_FIELDS][MAX_FIELDS_LENGTH], int* fieldCount);
      |                                                                            ^~~~~~~~~~~~~~~~~
../Src/main.c:12: warning: "DEBUG" redefined
   12 | #define DEBUG true
      | 
<command-line>: note: this is the location of the previous definition
../Src/utils.c:41:76: error: 'MAX_FIELDS_LENGTH' undeclared here (not in a function)
   41 | void String_Split(const char* str, char delimiter, char fields[MAX_FIELDS][MAX_FIELDS_LENGTH], int* fieldCount) {
      |                                                                            ^~~~~~~~~~~~~~~~~
../Src/utils.c: In function 'String_Split':
../Src/utils.c:43:18: warning: implicit declaration of function 'strlen' [-Wimplicit-function-declaration]
   43 |     int length = strlen(str);
      |                  ^~~~~~
../Src/utils.c:9:1: note: include '<string.h>' or provide a declaration of 'strlen'
    8 | #include "API_delay.h"
  +++ |+#include <string.h>
    9 | 
../Src/utils.c:43:18: warning: incompatible implicit declaration of built-in function 'strlen' [-Wbuiltin-declaration-mismatch]
   43 |     int length = strlen(str);
      |                  ^~~~~~
../Src/utils.c:43:18: note: include '<string.h>' or provide a declaration of 'strlen'
../Src/main.c: In function 'main':
../Src/main.c:59:5: warning: implicit declaration of function 'itoa' [-Wimplicit-function-declaration]
   59 |     itoa(2000, src, 10);
      |     ^~~~
../Src/main.c:79:42: warning: assignment discards 'const' qualifier from pointer target type [-Wdiscarded-qualifiers]
   79 |                                 nmeaData = Get_NMEA_Data();
      |                                          ^
In file included from ../Src/main.c:4:
/home/felipe/Desktop/PdM_workspace/prueba de uart/Drivers/API/Inc/API_i2c.h: At top level:
/home/felipe/Desktop/PdM_workspace/prueba de uart/Drivers/API/Inc/API_i2c.h:14:13: warning: 'I2C1_GPIO_Init' declared 'static' but never defined [-Wunused-function]
   14 | static void I2C1_GPIO_Init();
      |             ^~~~~~~~~~~~~~
make: *** [Src/subdir.mk:22: Src/main.o] Error 1
make: *** Waiting for unfinished jobs....
../Src/utils.c:52:31: error: 'MAX_FIELDS' undeclared (first use in this function)
   52 |             if (fieldIndex >= MAX_FIELDS) break;
      |                               ^~~~~~~~~~
../Src/utils.c:52:31: note: each undeclared identifier is reported only once for each function it appears in
/home/felipe/Desktop/PdM_workspace/prueba de uart/Drivers/API/Inc/API_gps.h:65:76: error: 'MAX_FIELDS_LENGTH' undeclared here (not in a function)
   65 | void String_Split(const char* str, char delimiter, char fields[MAX_FIELDS][MAX_FIELDS_LENGTH], int* fieldCount);
      |                                                                            ^~~~~~~~~~~~~~~~~
make: *** [Drivers/API/Src/subdir.mk:34: Drivers/API/Src/API_gps.o] Error 1
../Src/utils.c:55:30: error: 'MAX_FIELDS_LENGTH' undeclared (first use in this function)
   55 |             if (charIndex >= MAX_FIELDS_LENGTH - 1) {
      |                              ^~~~~~~~~~~~~~~~~
make: *** [Src/subdir.mk:22: Src/utils.o] Error 1
"make -j4 all" terminated with exit code 2. Build might be incomplete.
10:39:00 **** Incremental Build of configuration Debug for project prueba de uart ****
make -j4 all 
arm-none-eabi-gcc "../Src/main.c" -mcpu=cortex-m4 -std=gnu11 -g3 -DDEBUG -DSTM32 -DSTM32F429ZITx -DSTM32F4 -DNUCLEO_F429ZI -DUSE_HAL_DRIVER -DSTM32F429xx -c -I../Inc -I"/home/felipe/Desktop/PdM_workspace/prueba de uart/Drivers/STM32F4xx_HAL_Driver/Inc" -I"/home/felipe/Desktop/PdM_workspace/prueba de uart/Drivers/CMSIS/Include" -I"/home/felipe/Desktop/PdM_workspace/prueba de uart/Drivers/CMSIS/Device/ST/STM32F4xx/Include" -I"/home/felipe/Desktop/PdM_workspace/prueba de uart/Drivers/BSP/STM32F4xx_Nucleo_144" -I"/home/felipe/Desktop/PdM_workspace/prueba de uart/Drivers/Core/Inc" -I"/home/felipe/Desktop/PdM_workspace/prueba de uart/Drivers/API/Inc" -O0 -ffunction-sections -fdata-sections -Wall -fstack-usage -fcyclomatic-complexity -MMD -MP -MF"Src/main.d" -MT"Src/main.o" --specs=nano.specs -mfpu=fpv4-sp-d16 -mfloat-abi=hard -mthumb -o "Src/main.o"
arm-none-eabi-gcc "../Src/utils.c" -mcpu=cortex-m4 -std=gnu11 -g3 -DDEBUG -DSTM32 -DSTM32F429ZITx -DSTM32F4 -DNUCLEO_F429ZI -DUSE_HAL_DRIVER -DSTM32F429xx -c -I../Inc -I"/home/felipe/Desktop/PdM_workspace/prueba de uart/Drivers/STM32F4xx_HAL_Driver/Inc" -I"/home/felipe/Desktop/PdM_workspace/prueba de uart/Drivers/CMSIS/Include" -I"/home/felipe/Desktop/PdM_workspace/prueba de uart/Drivers/CMSIS/Device/ST/STM32F4xx/Include" -I"/home/felipe/Desktop/PdM_workspace/prueba de uart/Drivers/BSP/STM32F4xx_Nucleo_144" -I"/home/felipe/Desktop/PdM_workspace/prueba de uart/Drivers/Core/Inc" -I"/home/felipe/Desktop/PdM_workspace/prueba de uart/Drivers/API/Inc" -O0 -ffunction-sections -fdata-sections -Wall -fstack-usage -fcyclomatic-complexity -MMD -MP -MF"Src/utils.d" -MT"Src/utils.o" --specs=nano.specs -mfpu=fpv4-sp-d16 -mfloat-abi=hard -mthumb -o "Src/utils.o"
arm-none-eabi-gcc "../Drivers/API/Src/API_gps.c" -mcpu=cortex-m4 -std=gnu11 -g3 -DDEBUG -DSTM32 -DSTM32F429ZITx -DSTM32F4 -DNUCLEO_F429ZI -DUSE_HAL_DRIVER -DSTM32F429xx -c -I../Inc -I"/home/felipe/Desktop/PdM_workspace/prueba de uart/Drivers/STM32F4xx_HAL_Driver/Inc" -I"/home/felipe/Desktop/PdM_workspace/prueba de uart/Drivers/CMSIS/Include" -I"/home/felipe/Desktop/PdM_workspace/prueba de uart/Drivers/CMSIS/Device/ST/STM32F4xx/Include" -I"/home/felipe/Desktop/PdM_workspace/prueba de uart/Drivers/BSP/STM32F4xx_Nucleo_144" -I"/home/felipe/Desktop/PdM_workspace/prueba de uart/Drivers/Core/Inc" -I"/home/felipe/Desktop/PdM_workspace/prueba de uart/Drivers/API/Inc" -O0 -ffunction-sections -fdata-sections -Wall -fstack-usage -fcyclomatic-complexity -MMD -MP -MF"Drivers/API/Src/API_gps.d" -MT"Drivers/API/Src/API_gps.o" --specs=nano.specs -mfpu=fpv4-sp-d16 -mfloat-abi=hard -mthumb -o "Drivers/API/Src/API_gps.o"
../Src/utils.c: In function 'String_Split':
../Src/utils.c:44:18: warning: implicit declaration of function 'strlen' [-Wimplicit-function-declaration]
   44 |     int length = strlen(str);
      |                  ^~~~~~
../Src/utils.c:10:1: note: include '<string.h>' or provide a declaration of 'strlen'
    9 | #include "utils.h"
  +++ |+#include <string.h>
   10 | 
../Src/utils.c:44:18: warning: incompatible implicit declaration of built-in function 'strlen' [-Wbuiltin-declaration-mismatch]
   44 |     int length = strlen(str);
      |                  ^~~~~~
../Src/utils.c:44:18: note: include '<string.h>' or provide a declaration of 'strlen'
In file included from ../Src/main.c:3:
/home/felipe/Desktop/PdM_workspace/prueba de uart/Drivers/API/Inc/API_gps.h:65:64: error: 'MAX_FIELDS' undeclared here (not in a function)
   65 | void String_Split(const char* str, char delimiter, char fields[MAX_FIELDS][MAX_FIELDS_LENGTH], int* fieldCount);
      |                                                                ^~~~~~~~~~
In file included from ../Drivers/API/Src/API_gps.c:13:
/home/felipe/Desktop/PdM_workspace/prueba de uart/Drivers/API/Inc/API_gps.h:65:64: error: 'MAX_FIELDS' undeclared here (not in a function)
   65 | void String_Split(const char* str, char delimiter, char fields[MAX_FIELDS][MAX_FIELDS_LENGTH], int* fieldCount);
      |                                                                ^~~~~~~~~~
/home/felipe/Desktop/PdM_workspace/prueba de uart/Drivers/API/Inc/API_gps.h:65:76: error: 'MAX_FIELDS_LENGTH' undeclared here (not in a function)
   65 | void String_Split(const char* str, char delimiter, char fields[MAX_FIELDS][MAX_FIELDS_LENGTH], int* fieldCount);
      |                                                                            ^~~~~~~~~~~~~~~~~
../Src/main.c:12: warning: "DEBUG" redefined
   12 | #define DEBUG true
      | 
<command-line>: note: this is the location of the previous definition
../Src/main.c: In function 'main':
../Src/main.c:59:5: warning: implicit declaration of function 'itoa' [-Wimplicit-function-declaration]
   59 |     itoa(2000, src, 10);
      |     ^~~~
../Src/main.c:79:42: warning: assignment discards 'const' qualifier from pointer target type [-Wdiscarded-qualifiers]
   79 |                                 nmeaData = Get_NMEA_Data();
      |                                          ^
In file included from ../Src/main.c:4:
/home/felipe/Desktop/PdM_workspace/prueba de uart/Drivers/API/Inc/API_i2c.h: At top level:
/home/felipe/Desktop/PdM_workspace/prueba de uart/Drivers/API/Inc/API_i2c.h:14:13: warning: 'I2C1_GPIO_Init' declared 'static' but never defined [-Wunused-function]
   14 | static void I2C1_GPIO_Init();
      |             ^~~~~~~~~~~~~~
make: *** [Src/subdir.mk:22: Src/main.o] Error 1
make: *** Waiting for unfinished jobs....
/home/felipe/Desktop/PdM_workspace/prueba de uart/Drivers/API/Inc/API_gps.h:65:76: error: 'MAX_FIELDS_LENGTH' undeclared here (not in a function)
   65 | void String_Split(const char* str, char delimiter, char fields[MAX_FIELDS][MAX_FIELDS_LENGTH], int* fieldCount);
      |                                                                            ^~~~~~~~~~~~~~~~~
make: *** [Drivers/API/Src/subdir.mk:34: Drivers/API/Src/API_gps.o] Error 1
"make -j4 all" terminated with exit code 2. Build might be incomplete.
10:39:18 **** Incremental Build of configuration Debug for project prueba de uart ****
make -j4 all 
arm-none-eabi-gcc "../Src/main.c" -mcpu=cortex-m4 -std=gnu11 -g3 -DDEBUG -DSTM32 -DSTM32F429ZITx -DSTM32F4 -DNUCLEO_F429ZI -DUSE_HAL_DRIVER -DSTM32F429xx -c -I../Inc -I"/home/felipe/Desktop/PdM_workspace/prueba de uart/Drivers/STM32F4xx_HAL_Driver/Inc" -I"/home/felipe/Desktop/PdM_workspace/prueba de uart/Drivers/CMSIS/Include" -I"/home/felipe/Desktop/PdM_workspace/prueba de uart/Drivers/CMSIS/Device/ST/STM32F4xx/Include" -I"/home/felipe/Desktop/PdM_workspace/prueba de uart/Drivers/BSP/STM32F4xx_Nucleo_144" -I"/home/felipe/Desktop/PdM_workspace/prueba de uart/Drivers/Core/Inc" -I"/home/felipe/Desktop/PdM_workspace/prueba de uart/Drivers/API/Inc" -O0 -ffunction-sections -fdata-sections -Wall -fstack-usage -fcyclomatic-complexity -MMD -MP -MF"Src/main.d" -MT"Src/main.o" --specs=nano.specs -mfpu=fpv4-sp-d16 -mfloat-abi=hard -mthumb -o "Src/main.o"
arm-none-eabi-gcc "../Drivers/API/Src/API_gps.c" -mcpu=cortex-m4 -std=gnu11 -g3 -DDEBUG -DSTM32 -DSTM32F429ZITx -DSTM32F4 -DNUCLEO_F429ZI -DUSE_HAL_DRIVER -DSTM32F429xx -c -I../Inc -I"/home/felipe/Desktop/PdM_workspace/prueba de uart/Drivers/STM32F4xx_HAL_Driver/Inc" -I"/home/felipe/Desktop/PdM_workspace/prueba de uart/Drivers/CMSIS/Include" -I"/home/felipe/Desktop/PdM_workspace/prueba de uart/Drivers/CMSIS/Device/ST/STM32F4xx/Include" -I"/home/felipe/Desktop/PdM_workspace/prueba de uart/Drivers/BSP/STM32F4xx_Nucleo_144" -I"/home/felipe/Desktop/PdM_workspace/prueba de uart/Drivers/Core/Inc" -I"/home/felipe/Desktop/PdM_workspace/prueba de uart/Drivers/API/Inc" -O0 -ffunction-sections -fdata-sections -Wall -fstack-usage -fcyclomatic-complexity -MMD -MP -MF"Drivers/API/Src/API_gps.d" -MT"Drivers/API/Src/API_gps.o" --specs=nano.specs -mfpu=fpv4-sp-d16 -mfloat-abi=hard -mthumb -o "Drivers/API/Src/API_gps.o"
../Src/main.c:12: warning: "DEBUG" redefined
   12 | #define DEBUG true
      | 
<command-line>: note: this is the location of the previous definition
../Src/main.c: In function 'main':
../Src/main.c:59:5: warning: implicit declaration of function 'itoa' [-Wimplicit-function-declaration]
   59 |     itoa(2000, src, 10);
      |     ^~~~
../Src/main.c:79:42: warning: assignment discards 'const' qualifier from pointer target type [-Wdiscarded-qualifiers]
   79 |                                 nmeaData = Get_NMEA_Data();
      |                                          ^
In file included from ../Src/main.c:4:
/home/felipe/Desktop/PdM_workspace/prueba de uart/Drivers/API/Inc/API_i2c.h: At top level:
/home/felipe/Desktop/PdM_workspace/prueba de uart/Drivers/API/Inc/API_i2c.h:14:13: warning: 'I2C1_GPIO_Init' declared 'static' but never defined [-Wunused-function]
   14 | static void I2C1_GPIO_Init();
      |             ^~~~~~~~~~~~~~
arm-none-eabi-gcc -o "prueba de uart.elf" @"objects.list"   -mcpu=cortex-m4 -T"/home/felipe/Desktop/PdM_workspace/prueba de uart/STM32F429ZITX_FLASH.ld" --specs=nosys.specs -Wl,-Map="prueba de uart.map" -Wl,--gc-sections -static --specs=nano.specs -mfpu=fpv4-sp-d16 -mfloat-abi=hard -mthumb -Wl,--start-group -lc -lm -Wl,--end-group
Finished building target: prueba de uart.elf
 
arm-none-eabi-size  prueba\ de\ uart.elf 
arm-none-eabi-objdump -h -S prueba\ de\ uart.elf  > "prueba de uart.list"
   text	   data	    bss	    dec	    hex	filename
  32244	    468	   2544	  35256	   89b8	prueba de uart.elf
Finished building: default.size.stdout
 
Finished building: prueba de uart.list
 
10:48:04 **** Incremental Build of configuration Debug for project prueba de uart ****
make -j4 all 
arm-none-eabi-gcc "../Src/main.c" -mcpu=cortex-m4 -std=gnu11 -g3 -DDEBUG -DSTM32 -DSTM32F429ZITx -DSTM32F4 -DNUCLEO_F429ZI -DUSE_HAL_DRIVER -DSTM32F429xx -c -I../Inc -I"/home/felipe/Desktop/PdM_workspace/prueba de uart/Drivers/STM32F4xx_HAL_Driver/Inc" -I"/home/felipe/Desktop/PdM_workspace/prueba de uart/Drivers/CMSIS/Include" -I"/home/felipe/Desktop/PdM_workspace/prueba de uart/Drivers/CMSIS/Device/ST/STM32F4xx/Include" -I"/home/felipe/Desktop/PdM_workspace/prueba de uart/Drivers/BSP/STM32F4xx_Nucleo_144" -I"/home/felipe/Desktop/PdM_workspace/prueba de uart/Drivers/Core/Inc" -I"/home/felipe/Desktop/PdM_workspace/prueba de uart/Drivers/API/Inc" -O0 -ffunction-sections -fdata-sections -Wall -fstack-usage -fcyclomatic-complexity -MMD -MP -MF"Src/main.d" -MT"Src/main.o" --specs=nano.specs -mfpu=fpv4-sp-d16 -mfloat-abi=hard -mthumb -o "Src/main.o"
arm-none-eabi-gcc "../Src/utils.c" -mcpu=cortex-m4 -std=gnu11 -g3 -DDEBUG -DSTM32 -DSTM32F429ZITx -DSTM32F4 -DNUCLEO_F429ZI -DUSE_HAL_DRIVER -DSTM32F429xx -c -I../Inc -I"/home/felipe/Desktop/PdM_workspace/prueba de uart/Drivers/STM32F4xx_HAL_Driver/Inc" -I"/home/felipe/Desktop/PdM_workspace/prueba de uart/Drivers/CMSIS/Include" -I"/home/felipe/Desktop/PdM_workspace/prueba de uart/Drivers/CMSIS/Device/ST/STM32F4xx/Include" -I"/home/felipe/Desktop/PdM_workspace/prueba de uart/Drivers/BSP/STM32F4xx_Nucleo_144" -I"/home/felipe/Desktop/PdM_workspace/prueba de uart/Drivers/Core/Inc" -I"/home/felipe/Desktop/PdM_workspace/prueba de uart/Drivers/API/Inc" -O0 -ffunction-sections -fdata-sections -Wall -fstack-usage -fcyclomatic-complexity -MMD -MP -MF"Src/utils.d" -MT"Src/utils.o" --specs=nano.specs -mfpu=fpv4-sp-d16 -mfloat-abi=hard -mthumb -o "Src/utils.o"
arm-none-eabi-gcc "../Drivers/API/Src/API_gps.c" -mcpu=cortex-m4 -std=gnu11 -g3 -DDEBUG -DSTM32 -DSTM32F429ZITx -DSTM32F4 -DNUCLEO_F429ZI -DUSE_HAL_DRIVER -DSTM32F429xx -c -I../Inc -I"/home/felipe/Desktop/PdM_workspace/prueba de uart/Drivers/STM32F4xx_HAL_Driver/Inc" -I"/home/felipe/Desktop/PdM_workspace/prueba de uart/Drivers/CMSIS/Include" -I"/home/felipe/Desktop/PdM_workspace/prueba de uart/Drivers/CMSIS/Device/ST/STM32F4xx/Include" -I"/home/felipe/Desktop/PdM_workspace/prueba de uart/Drivers/BSP/STM32F4xx_Nucleo_144" -I"/home/felipe/Desktop/PdM_workspace/prueba de uart/Drivers/Core/Inc" -I"/home/felipe/Desktop/PdM_workspace/prueba de uart/Drivers/API/Inc" -O0 -ffunction-sections -fdata-sections -Wall -fstack-usage -fcyclomatic-complexity -MMD -MP -MF"Drivers/API/Src/API_gps.d" -MT"Drivers/API/Src/API_gps.o" --specs=nano.specs -mfpu=fpv4-sp-d16 -mfloat-abi=hard -mthumb -o "Drivers/API/Src/API_gps.o"
../Src/main.c:12: warning: "DEBUG" redefined
   12 | #define DEBUG true
      | 
<command-line>: note: this is the location of the previous definition
../Src/main.c: In function 'main':
../Src/main.c:68:42: warning: assignment discards 'const' qualifier from pointer target type [-Wdiscarded-qualifiers]
   68 |                                 nmeaData = Get_NMEA_Data();
      |                                          ^
In file included from ../Src/main.c:4:
/home/felipe/Desktop/PdM_workspace/prueba de uart/Drivers/API/Inc/API_i2c.h: At top level:
../Src/utils.c: In function 'String_Split':
../Src/utils.c:44:18: warning: implicit declaration of function 'strlen' [-Wimplicit-function-declaration]
   44 |     int length = strlen(str);
      |                  ^~~~~~
../Src/utils.c:10:1: note: include '<string.h>' or provide a declaration of 'strlen'
    9 | #include "utils.h"
  +++ |+#include <string.h>
   10 | 
../Src/utils.c:44:18: warning: incompatible implicit declaration of built-in function 'strlen' [-Wbuiltin-declaration-mismatch]
   44 |     int length = strlen(str);
      |                  ^~~~~~
../Src/utils.c:44:18: note: include '<string.h>' or provide a declaration of 'strlen'
/home/felipe/Desktop/PdM_workspace/prueba de uart/Drivers/API/Inc/API_i2c.h:14:13: warning: 'I2C1_GPIO_Init' declared 'static' but never defined [-Wunused-function]
   14 | static void I2C1_GPIO_Init();
      |             ^~~~~~~~~~~~~~
../Drivers/API/Src/API_gps.c:70:1: warning: return type defaults to 'int' [-Wimplicit-int]
   70 | GPS_Set_Update_Rate(uint8_t rate){
      | ^~~~~~~~~~~~~~~~~~~
../Drivers/API/Src/API_gps.c: In function 'GPS_Set_Update_Rate':
../Drivers/API/Src/API_gps.c:78:1: warning: control reaches end of non-void function [-Wreturn-type]
   78 | }
      | ^
arm-none-eabi-gcc -o "prueba de uart.elf" @"objects.list"   -mcpu=cortex-m4 -T"/home/felipe/Desktop/PdM_workspace/prueba de uart/STM32F429ZITX_FLASH.ld" --specs=nosys.specs -Wl,-Map="prueba de uart.map" -Wl,--gc-sections -static --specs=nano.specs -mfpu=fpv4-sp-d16 -mfloat-abi=hard -mthumb -Wl,--start-group -lc -lm -Wl,--end-group
Finished building target: prueba de uart.elf
 
arm-none-eabi-size  prueba\ de\ uart.elf 
arm-none-eabi-objdump -h -S prueba\ de\ uart.elf  > "prueba de uart.list"
   text	   data	    bss	    dec	    hex	filename
  31804	    468	   2544	  34816	   8800	prueba de uart.elf
Finished building: default.size.stdout
 
Finished building: prueba de uart.list
 
10:49:18 **** Incremental Build of configuration Debug for project prueba de uart ****
make -j4 all 
arm-none-eabi-gcc "../Drivers/API/Src/API_gps.c" -mcpu=cortex-m4 -std=gnu11 -g3 -DDEBUG -DSTM32 -DSTM32F429ZITx -DSTM32F4 -DNUCLEO_F429ZI -DUSE_HAL_DRIVER -DSTM32F429xx -c -I../Inc -I"/home/felipe/Desktop/PdM_workspace/prueba de uart/Drivers/STM32F4xx_HAL_Driver/Inc" -I"/home/felipe/Desktop/PdM_workspace/prueba de uart/Drivers/CMSIS/Include" -I"/home/felipe/Desktop/PdM_workspace/prueba de uart/Drivers/CMSIS/Device/ST/STM32F4xx/Include" -I"/home/felipe/Desktop/PdM_workspace/prueba de uart/Drivers/BSP/STM32F4xx_Nucleo_144" -I"/home/felipe/Desktop/PdM_workspace/prueba de uart/Drivers/Core/Inc" -I"/home/felipe/Desktop/PdM_workspace/prueba de uart/Drivers/API/Inc" -O0 -ffunction-sections -fdata-sections -Wall -fstack-usage -fcyclomatic-complexity -MMD -MP -MF"Drivers/API/Src/API_gps.d" -MT"Drivers/API/Src/API_gps.o" --specs=nano.specs -mfpu=fpv4-sp-d16 -mfloat-abi=hard -mthumb -o "Drivers/API/Src/API_gps.o"
../Drivers/API/Src/API_gps.c:70:1: warning: return type defaults to 'int' [-Wimplicit-int]
   70 | GPS_Set_Update_Rate(uint8_t rate){
      | ^~~~~~~~~~~~~~~~~~~
../Drivers/API/Src/API_gps.c: In function 'GPS_Set_Update_Rate':
../Drivers/API/Src/API_gps.c:76:23: warning: unused variable 'checksum' [-Wunused-variable]
   76 |         unsigned char checksum = String_XOR_Checksum(dest);
      |                       ^~~~~~~~
../Drivers/API/Src/API_gps.c:83:1: warning: control reaches end of non-void function [-Wreturn-type]
   83 | }
      | ^
arm-none-eabi-gcc -o "prueba de uart.elf" @"objects.list"   -mcpu=cortex-m4 -T"/home/felipe/Desktop/PdM_workspace/prueba de uart/STM32F429ZITX_FLASH.ld" --specs=nosys.specs -Wl,-Map="prueba de uart.map" -Wl,--gc-sections -static --specs=nano.specs -mfpu=fpv4-sp-d16 -mfloat-abi=hard -mthumb -Wl,--start-group -lc -lm -Wl,--end-group
Finished building target: prueba de uart.elf
 
arm-none-eabi-size  prueba\ de\ uart.elf 
arm-none-eabi-objdump -h -S prueba\ de\ uart.elf  > "prueba de uart.list"
   text	   data	    bss	    dec	    hex	filename
  31804	    468	   2544	  34816	   8800	prueba de uart.elf
Finished building: default.size.stdout
 
Finished building: prueba de uart.list
 
10:49:32 **** Incremental Build of configuration Debug for project prueba de uart ****
make -j4 all 
arm-none-eabi-size  prueba\ de\ uart.elf 
   text	   data	    bss	    dec	    hex	filename
  31804	    468	   2544	  34816	   8800	prueba de uart.elf
Finished building: default.size.stdout
 
10:50:12 **** Incremental Build of configuration Debug for project prueba de uart ****
make -j4 all 
arm-none-eabi-gcc "../Src/main.c" -mcpu=cortex-m4 -std=gnu11 -g3 -DDEBUG -DSTM32 -DSTM32F429ZITx -DSTM32F4 -DNUCLEO_F429ZI -DUSE_HAL_DRIVER -DSTM32F429xx -c -I../Inc -I"/home/felipe/Desktop/PdM_workspace/prueba de uart/Drivers/STM32F4xx_HAL_Driver/Inc" -I"/home/felipe/Desktop/PdM_workspace/prueba de uart/Drivers/CMSIS/Include" -I"/home/felipe/Desktop/PdM_workspace/prueba de uart/Drivers/CMSIS/Device/ST/STM32F4xx/Include" -I"/home/felipe/Desktop/PdM_workspace/prueba de uart/Drivers/BSP/STM32F4xx_Nucleo_144" -I"/home/felipe/Desktop/PdM_workspace/prueba de uart/Drivers/Core/Inc" -I"/home/felipe/Desktop/PdM_workspace/prueba de uart/Drivers/API/Inc" -O0 -ffunction-sections -fdata-sections -Wall -fstack-usage -fcyclomatic-complexity -MMD -MP -MF"Src/main.d" -MT"Src/main.o" --specs=nano.specs -mfpu=fpv4-sp-d16 -mfloat-abi=hard -mthumb -o "Src/main.o"
../Src/main.c:12: warning: "DEBUG" redefined
   12 | #define DEBUG true
      | 
<command-line>: note: this is the location of the previous definition
../Src/main.c: In function 'main':
../Src/main.c:56:5: warning: implicit declaration of function 'GPS_Set_Update_Rate' [-Wimplicit-function-declaration]
   56 |     GPS_Set_Update_Rate(1000);
      |     ^~~~~~~~~~~~~~~~~~~
../Src/main.c:69:42: warning: assignment discards 'const' qualifier from pointer target type [-Wdiscarded-qualifiers]
   69 |                                 nmeaData = Get_NMEA_Data();
      |                                          ^
In file included from ../Src/main.c:4:
/home/felipe/Desktop/PdM_workspace/prueba de uart/Drivers/API/Inc/API_i2c.h: At top level:
/home/felipe/Desktop/PdM_workspace/prueba de uart/Drivers/API/Inc/API_i2c.h:14:13: warning: 'I2C1_GPIO_Init' declared 'static' but never defined [-Wunused-function]
   14 | static void I2C1_GPIO_Init();
      |             ^~~~~~~~~~~~~~
arm-none-eabi-gcc -o "prueba de uart.elf" @"objects.list"   -mcpu=cortex-m4 -T"/home/felipe/Desktop/PdM_workspace/prueba de uart/STM32F429ZITX_FLASH.ld" --specs=nosys.specs -Wl,-Map="prueba de uart.map" -Wl,--gc-sections -static --specs=nano.specs -mfpu=fpv4-sp-d16 -mfloat-abi=hard -mthumb -Wl,--start-group -lc -lm -Wl,--end-group
Finished building target: prueba de uart.elf
 
arm-none-eabi-size  prueba\ de\ uart.elf 
arm-none-eabi-objdump -h -S prueba\ de\ uart.elf  > "prueba de uart.list"
   text	   data	    bss	    dec	    hex	filename
  32348	    468	   2544	  35360	   8a20	prueba de uart.elf
Finished building: default.size.stdout
 
Finished building: prueba de uart.list
 
11:12:20 **** Incremental Build of configuration Debug for project prueba de uart ****
make -j4 all 
arm-none-eabi-size  prueba\ de\ uart.elf 
   text	   data	    bss	    dec	    hex	filename
  32348	    468	   2544	  35360	   8a20	prueba de uart.elf
Finished building: default.size.stdout
 
11:15:13 **** Incremental Build of configuration Debug for project prueba de uart ****
make -j4 all 
arm-none-eabi-gcc "../Drivers/API/Src/API_gps.c" -mcpu=cortex-m4 -std=gnu11 -g3 -DDEBUG -DSTM32 -DSTM32F429ZITx -DSTM32F4 -DNUCLEO_F429ZI -DUSE_HAL_DRIVER -DSTM32F429xx -c -I../Inc -I"/home/felipe/Desktop/PdM_workspace/prueba de uart/Drivers/STM32F4xx_HAL_Driver/Inc" -I"/home/felipe/Desktop/PdM_workspace/prueba de uart/Drivers/CMSIS/Include" -I"/home/felipe/Desktop/PdM_workspace/prueba de uart/Drivers/CMSIS/Device/ST/STM32F4xx/Include" -I"/home/felipe/Desktop/PdM_workspace/prueba de uart/Drivers/BSP/STM32F4xx_Nucleo_144" -I"/home/felipe/Desktop/PdM_workspace/prueba de uart/Drivers/Core/Inc" -I"/home/felipe/Desktop/PdM_workspace/prueba de uart/Drivers/API/Inc" -O0 -ffunction-sections -fdata-sections -Wall -fstack-usage -fcyclomatic-complexity -MMD -MP -MF"Drivers/API/Src/API_gps.d" -MT"Drivers/API/Src/API_gps.o" --specs=nano.specs -mfpu=fpv4-sp-d16 -mfloat-abi=hard -mthumb -o "Drivers/API/Src/API_gps.o"
../Drivers/API/Src/API_gps.c:70:1: warning: return type defaults to 'int' [-Wimplicit-int]
   70 | GPS_Set_Update_Rate(uint8_t rate){
      | ^~~~~~~~~~~~~~~~~~~
../Drivers/API/Src/API_gps.c: In function 'GPS_Set_Update_Rate':
../Drivers/API/Src/API_gps.c:76:23: warning: unused variable 'checksum' [-Wunused-variable]
   76 |         unsigned char checksum = String_XOR_Checksum(dest);
      |                       ^~~~~~~~
../Drivers/API/Src/API_gps.c:83:1: warning: control reaches end of non-void function [-Wreturn-type]
   83 | }
      | ^
arm-none-eabi-gcc -o "prueba de uart.elf" @"objects.list"   -mcpu=cortex-m4 -T"/home/felipe/Desktop/PdM_workspace/prueba de uart/STM32F429ZITX_FLASH.ld" --specs=nosys.specs -Wl,-Map="prueba de uart.map" -Wl,--gc-sections -static --specs=nano.specs -mfpu=fpv4-sp-d16 -mfloat-abi=hard -mthumb -Wl,--start-group -lc -lm -Wl,--end-group
Finished building target: prueba de uart.elf
 
arm-none-eabi-size  prueba\ de\ uart.elf 
arm-none-eabi-objdump -h -S prueba\ de\ uart.elf  > "prueba de uart.list"
   text	   data	    bss	    dec	    hex	filename
  32124	    468	   2544	  35136	   8940	prueba de uart.elf
Finished building: default.size.stdout
 
Finished building: prueba de uart.list
 
11:16:11 **** Incremental Build of configuration Debug for project prueba de uart ****
make -j4 all 
arm-none-eabi-gcc "../Drivers/API/Src/API_gps.c" -mcpu=cortex-m4 -std=gnu11 -g3 -DDEBUG -DSTM32 -DSTM32F429ZITx -DSTM32F4 -DNUCLEO_F429ZI -DUSE_HAL_DRIVER -DSTM32F429xx -c -I../Inc -I"/home/felipe/Desktop/PdM_workspace/prueba de uart/Drivers/STM32F4xx_HAL_Driver/Inc" -I"/home/felipe/Desktop/PdM_workspace/prueba de uart/Drivers/CMSIS/Include" -I"/home/felipe/Desktop/PdM_workspace/prueba de uart/Drivers/CMSIS/Device/ST/STM32F4xx/Include" -I"/home/felipe/Desktop/PdM_workspace/prueba de uart/Drivers/BSP/STM32F4xx_Nucleo_144" -I"/home/felipe/Desktop/PdM_workspace/prueba de uart/Drivers/Core/Inc" -I"/home/felipe/Desktop/PdM_workspace/prueba de uart/Drivers/API/Inc" -O0 -ffunction-sections -fdata-sections -Wall -fstack-usage -fcyclomatic-complexity -MMD -MP -MF"Drivers/API/Src/API_gps.d" -MT"Drivers/API/Src/API_gps.o" --specs=nano.specs -mfpu=fpv4-sp-d16 -mfloat-abi=hard -mthumb -o "Drivers/API/Src/API_gps.o"
../Drivers/API/Src/API_gps.c:70:1: warning: return type defaults to 'int' [-Wimplicit-int]
   70 | GPS_Set_Update_Rate(uint8_t rate){
      | ^~~~~~~~~~~~~~~~~~~
../Drivers/API/Src/API_gps.c: In function 'GPS_Set_Update_Rate':
../Drivers/API/Src/API_gps.c:76:23: warning: unused variable 'checksum' [-Wunused-variable]
   76 |         unsigned char checksum = String_XOR_Checksum(dest);
      |                       ^~~~~~~~
../Drivers/API/Src/API_gps.c:83:1: warning: control reaches end of non-void function [-Wreturn-type]
   83 | }
      | ^
arm-none-eabi-gcc -o "prueba de uart.elf" @"objects.list"   -mcpu=cortex-m4 -T"/home/felipe/Desktop/PdM_workspace/prueba de uart/STM32F429ZITX_FLASH.ld" --specs=nosys.specs -Wl,-Map="prueba de uart.map" -Wl,--gc-sections -static --specs=nano.specs -mfpu=fpv4-sp-d16 -mfloat-abi=hard -mthumb -Wl,--start-group -lc -lm -Wl,--end-group
Finished building target: prueba de uart.elf
 
arm-none-eabi-size  prueba\ de\ uart.elf 
arm-none-eabi-objdump -h -S prueba\ de\ uart.elf  > "prueba de uart.list"
   text	   data	    bss	    dec	    hex	filename
  32124	    468	   2544	  35136	   8940	prueba de uart.elf
Finished building: default.size.stdout
 
Finished building: prueba de uart.list
 
11:16:48 **** Incremental Build of configuration Debug for project prueba de uart ****
make -j4 all 
arm-none-eabi-gcc "../Src/main.c" -mcpu=cortex-m4 -std=gnu11 -g3 -DDEBUG -DSTM32 -DSTM32F429ZITx -DSTM32F4 -DNUCLEO_F429ZI -DUSE_HAL_DRIVER -DSTM32F429xx -c -I../Inc -I"/home/felipe/Desktop/PdM_workspace/prueba de uart/Drivers/STM32F4xx_HAL_Driver/Inc" -I"/home/felipe/Desktop/PdM_workspace/prueba de uart/Drivers/CMSIS/Include" -I"/home/felipe/Desktop/PdM_workspace/prueba de uart/Drivers/CMSIS/Device/ST/STM32F4xx/Include" -I"/home/felipe/Desktop/PdM_workspace/prueba de uart/Drivers/BSP/STM32F4xx_Nucleo_144" -I"/home/felipe/Desktop/PdM_workspace/prueba de uart/Drivers/Core/Inc" -I"/home/felipe/Desktop/PdM_workspace/prueba de uart/Drivers/API/Inc" -O0 -ffunction-sections -fdata-sections -Wall -fstack-usage -fcyclomatic-complexity -MMD -MP -MF"Src/main.d" -MT"Src/main.o" --specs=nano.specs -mfpu=fpv4-sp-d16 -mfloat-abi=hard -mthumb -o "Src/main.o"
arm-none-eabi-gcc "../Drivers/API/Src/API_gps.c" -mcpu=cortex-m4 -std=gnu11 -g3 -DDEBUG -DSTM32 -DSTM32F429ZITx -DSTM32F4 -DNUCLEO_F429ZI -DUSE_HAL_DRIVER -DSTM32F429xx -c -I../Inc -I"/home/felipe/Desktop/PdM_workspace/prueba de uart/Drivers/STM32F4xx_HAL_Driver/Inc" -I"/home/felipe/Desktop/PdM_workspace/prueba de uart/Drivers/CMSIS/Include" -I"/home/felipe/Desktop/PdM_workspace/prueba de uart/Drivers/CMSIS/Device/ST/STM32F4xx/Include" -I"/home/felipe/Desktop/PdM_workspace/prueba de uart/Drivers/BSP/STM32F4xx_Nucleo_144" -I"/home/felipe/Desktop/PdM_workspace/prueba de uart/Drivers/Core/Inc" -I"/home/felipe/Desktop/PdM_workspace/prueba de uart/Drivers/API/Inc" -O0 -ffunction-sections -fdata-sections -Wall -fstack-usage -fcyclomatic-complexity -MMD -MP -MF"Drivers/API/Src/API_gps.d" -MT"Drivers/API/Src/API_gps.o" --specs=nano.specs -mfpu=fpv4-sp-d16 -mfloat-abi=hard -mthumb -o "Drivers/API/Src/API_gps.o"
../Src/main.c:12: warning: "DEBUG" redefined
   12 | #define DEBUG true
      | 
<command-line>: note: this is the location of the previous definition
../Drivers/API/Src/API_gps.c:70:1: warning: return type defaults to 'int' [-Wimplicit-int]
   70 | GPS_Set_Update_Rate(uint8_t rate){
      | ^~~~~~~~~~~~~~~~~~~
../Drivers/API/Src/API_gps.c: In function 'GPS_Set_Update_Rate':
../Drivers/API/Src/API_gps.c:76:23: warning: unused variable 'checksum' [-Wunused-variable]
   76 |         unsigned char checksum = String_XOR_Checksum(dest);
      |                       ^~~~~~~~
../Drivers/API/Src/API_gps.c:83:1: warning: control reaches end of non-void function [-Wreturn-type]
   83 | }
      | ^
../Src/main.c: In function 'main':
../Src/main.c:56:5: warning: implicit declaration of function 'GPS_Set_Update_Rate' [-Wimplicit-function-declaration]
   56 |     GPS_Set_Update_Rate((uint8_t)1000);
      |     ^~~~~~~~~~~~~~~~~~~
../Src/main.c:69:42: warning: assignment discards 'const' qualifier from pointer target type [-Wdiscarded-qualifiers]
   69 |                                 nmeaData = Get_NMEA_Data();
      |                                          ^
In file included from ../Src/main.c:4:
/home/felipe/Desktop/PdM_workspace/prueba de uart/Drivers/API/Inc/API_i2c.h: At top level:
/home/felipe/Desktop/PdM_workspace/prueba de uart/Drivers/API/Inc/API_i2c.h:14:13: warning: 'I2C1_GPIO_Init' declared 'static' but never defined [-Wunused-function]
   14 | static void I2C1_GPIO_Init();
      |             ^~~~~~~~~~~~~~
arm-none-eabi-gcc -o "prueba de uart.elf" @"objects.list"   -mcpu=cortex-m4 -T"/home/felipe/Desktop/PdM_workspace/prueba de uart/STM32F429ZITX_FLASH.ld" --specs=nosys.specs -Wl,-Map="prueba de uart.map" -Wl,--gc-sections -static --specs=nano.specs -mfpu=fpv4-sp-d16 -mfloat-abi=hard -mthumb -Wl,--start-group -lc -lm -Wl,--end-group
Finished building target: prueba de uart.elf
 
arm-none-eabi-size  prueba\ de\ uart.elf 
arm-none-eabi-objdump -h -S prueba\ de\ uart.elf  > "prueba de uart.list"
   text	   data	    bss	    dec	    hex	filename
  32116	    468	   2544	  35128	   8938	prueba de uart.elf
Finished building: default.size.stdout
 
Finished building: prueba de uart.list
 
11:17:34 **** Incremental Build of configuration Debug for project prueba de uart ****
make -j4 all 
arm-none-eabi-gcc "../Src/main.c" -mcpu=cortex-m4 -std=gnu11 -g3 -DDEBUG -DSTM32 -DSTM32F429ZITx -DSTM32F4 -DNUCLEO_F429ZI -DUSE_HAL_DRIVER -DSTM32F429xx -c -I../Inc -I"/home/felipe/Desktop/PdM_workspace/prueba de uart/Drivers/STM32F4xx_HAL_Driver/Inc" -I"/home/felipe/Desktop/PdM_workspace/prueba de uart/Drivers/CMSIS/Include" -I"/home/felipe/Desktop/PdM_workspace/prueba de uart/Drivers/CMSIS/Device/ST/STM32F4xx/Include" -I"/home/felipe/Desktop/PdM_workspace/prueba de uart/Drivers/BSP/STM32F4xx_Nucleo_144" -I"/home/felipe/Desktop/PdM_workspace/prueba de uart/Drivers/Core/Inc" -I"/home/felipe/Desktop/PdM_workspace/prueba de uart/Drivers/API/Inc" -O0 -ffunction-sections -fdata-sections -Wall -fstack-usage -fcyclomatic-complexity -MMD -MP -MF"Src/main.d" -MT"Src/main.o" --specs=nano.specs -mfpu=fpv4-sp-d16 -mfloat-abi=hard -mthumb -o "Src/main.o"
arm-none-eabi-gcc "../Drivers/API/Src/API_gps.c" -mcpu=cortex-m4 -std=gnu11 -g3 -DDEBUG -DSTM32 -DSTM32F429ZITx -DSTM32F4 -DNUCLEO_F429ZI -DUSE_HAL_DRIVER -DSTM32F429xx -c -I../Inc -I"/home/felipe/Desktop/PdM_workspace/prueba de uart/Drivers/STM32F4xx_HAL_Driver/Inc" -I"/home/felipe/Desktop/PdM_workspace/prueba de uart/Drivers/CMSIS/Include" -I"/home/felipe/Desktop/PdM_workspace/prueba de uart/Drivers/CMSIS/Device/ST/STM32F4xx/Include" -I"/home/felipe/Desktop/PdM_workspace/prueba de uart/Drivers/BSP/STM32F4xx_Nucleo_144" -I"/home/felipe/Desktop/PdM_workspace/prueba de uart/Drivers/Core/Inc" -I"/home/felipe/Desktop/PdM_workspace/prueba de uart/Drivers/API/Inc" -O0 -ffunction-sections -fdata-sections -Wall -fstack-usage -fcyclomatic-complexity -MMD -MP -MF"Drivers/API/Src/API_gps.d" -MT"Drivers/API/Src/API_gps.o" --specs=nano.specs -mfpu=fpv4-sp-d16 -mfloat-abi=hard -mthumb -o "Drivers/API/Src/API_gps.o"
../Src/main.c:12: warning: "DEBUG" redefined
   12 | #define DEBUG true
      | 
<command-line>: note: this is the location of the previous definition
../Drivers/API/Src/API_gps.c:70:1: warning: return type defaults to 'int' [-Wimplicit-int]
   70 | GPS_Set_Update_Rate(uint16_t rate){
      | ^~~~~~~~~~~~~~~~~~~
../Drivers/API/Src/API_gps.c: In function 'GPS_Set_Update_Rate':
../Drivers/API/Src/API_gps.c:76:23: warning: unused variable 'checksum' [-Wunused-variable]
   76 |         unsigned char checksum = String_XOR_Checksum(dest);
      |                       ^~~~~~~~
../Drivers/API/Src/API_gps.c:83:1: warning: control reaches end of non-void function [-Wreturn-type]
   83 | }
      | ^
../Src/main.c: In function 'main':
../Src/main.c:56:5: warning: implicit declaration of function 'GPS_Set_Update_Rate' [-Wimplicit-function-declaration]
   56 |     GPS_Set_Update_Rate((uint16_t)1000);
      |     ^~~~~~~~~~~~~~~~~~~
../Src/main.c:69:42: warning: assignment discards 'const' qualifier from pointer target type [-Wdiscarded-qualifiers]
   69 |                                 nmeaData = Get_NMEA_Data();
      |                                          ^
In file included from ../Src/main.c:4:
/home/felipe/Desktop/PdM_workspace/prueba de uart/Drivers/API/Inc/API_i2c.h: At top level:
/home/felipe/Desktop/PdM_workspace/prueba de uart/Drivers/API/Inc/API_i2c.h:14:13: warning: 'I2C1_GPIO_Init' declared 'static' but never defined [-Wunused-function]
   14 | static void I2C1_GPIO_Init();
      |             ^~~~~~~~~~~~~~
arm-none-eabi-gcc -o "prueba de uart.elf" @"objects.list"   -mcpu=cortex-m4 -T"/home/felipe/Desktop/PdM_workspace/prueba de uart/STM32F429ZITX_FLASH.ld" --specs=nosys.specs -Wl,-Map="prueba de uart.map" -Wl,--gc-sections -static --specs=nano.specs -mfpu=fpv4-sp-d16 -mfloat-abi=hard -mthumb -Wl,--start-group -lc -lm -Wl,--end-group
Finished building target: prueba de uart.elf
 
arm-none-eabi-size  prueba\ de\ uart.elf 
arm-none-eabi-objdump -h -S prueba\ de\ uart.elf  > "prueba de uart.list"
   text	   data	    bss	    dec	    hex	filename
  32124	    468	   2544	  35136	   8940	prueba de uart.elf
Finished building: default.size.stdout
 
Finished building: prueba de uart.list
 
11:18:17 **** Incremental Build of configuration Debug for project prueba de uart ****
make -j4 all 
arm-none-eabi-gcc "../Src/main.c" -mcpu=cortex-m4 -std=gnu11 -g3 -DDEBUG -DSTM32 -DSTM32F429ZITx -DSTM32F4 -DNUCLEO_F429ZI -DUSE_HAL_DRIVER -DSTM32F429xx -c -I../Inc -I"/home/felipe/Desktop/PdM_workspace/prueba de uart/Drivers/STM32F4xx_HAL_Driver/Inc" -I"/home/felipe/Desktop/PdM_workspace/prueba de uart/Drivers/CMSIS/Include" -I"/home/felipe/Desktop/PdM_workspace/prueba de uart/Drivers/CMSIS/Device/ST/STM32F4xx/Include" -I"/home/felipe/Desktop/PdM_workspace/prueba de uart/Drivers/BSP/STM32F4xx_Nucleo_144" -I"/home/felipe/Desktop/PdM_workspace/prueba de uart/Drivers/Core/Inc" -I"/home/felipe/Desktop/PdM_workspace/prueba de uart/Drivers/API/Inc" -O0 -ffunction-sections -fdata-sections -Wall -fstack-usage -fcyclomatic-complexity -MMD -MP -MF"Src/main.d" -MT"Src/main.o" --specs=nano.specs -mfpu=fpv4-sp-d16 -mfloat-abi=hard -mthumb -o "Src/main.o"
arm-none-eabi-gcc "../Drivers/API/Src/API_gps.c" -mcpu=cortex-m4 -std=gnu11 -g3 -DDEBUG -DSTM32 -DSTM32F429ZITx -DSTM32F4 -DNUCLEO_F429ZI -DUSE_HAL_DRIVER -DSTM32F429xx -c -I../Inc -I"/home/felipe/Desktop/PdM_workspace/prueba de uart/Drivers/STM32F4xx_HAL_Driver/Inc" -I"/home/felipe/Desktop/PdM_workspace/prueba de uart/Drivers/CMSIS/Include" -I"/home/felipe/Desktop/PdM_workspace/prueba de uart/Drivers/CMSIS/Device/ST/STM32F4xx/Include" -I"/home/felipe/Desktop/PdM_workspace/prueba de uart/Drivers/BSP/STM32F4xx_Nucleo_144" -I"/home/felipe/Desktop/PdM_workspace/prueba de uart/Drivers/Core/Inc" -I"/home/felipe/Desktop/PdM_workspace/prueba de uart/Drivers/API/Inc" -O0 -ffunction-sections -fdata-sections -Wall -fstack-usage -fcyclomatic-complexity -MMD -MP -MF"Drivers/API/Src/API_gps.d" -MT"Drivers/API/Src/API_gps.o" --specs=nano.specs -mfpu=fpv4-sp-d16 -mfloat-abi=hard -mthumb -o "Drivers/API/Src/API_gps.o"
../Src/main.c:12: warning: "DEBUG" redefined
   12 | #define DEBUG true
      | 
<command-line>: note: this is the location of the previous definition
../Drivers/API/Src/API_gps.c:70:1: warning: return type defaults to 'int' [-Wimplicit-int]
   70 | GPS_Set_Update_Rate(uint16_t rate){
      | ^~~~~~~~~~~~~~~~~~~
../Drivers/API/Src/API_gps.c: In function 'GPS_Set_Update_Rate':
../Drivers/API/Src/API_gps.c:76:23: warning: unused variable 'checksum' [-Wunused-variable]
   76 |         unsigned char checksum = String_XOR_Checksum(dest);
      |                       ^~~~~~~~
../Drivers/API/Src/API_gps.c:83:1: warning: control reaches end of non-void function [-Wreturn-type]
   83 | }
      | ^
../Src/main.c: In function 'main':
../Src/main.c:56:5: warning: implicit declaration of function 'GPS_Set_Update_Rate' [-Wimplicit-function-declaration]
   56 |     GPS_Set_Update_Rate(1000);
      |     ^~~~~~~~~~~~~~~~~~~
../Src/main.c:69:42: warning: assignment discards 'const' qualifier from pointer target type [-Wdiscarded-qualifiers]
   69 |                                 nmeaData = Get_NMEA_Data();
      |                                          ^
In file included from ../Src/main.c:4:
/home/felipe/Desktop/PdM_workspace/prueba de uart/Drivers/API/Inc/API_i2c.h: At top level:
/home/felipe/Desktop/PdM_workspace/prueba de uart/Drivers/API/Inc/API_i2c.h:14:13: warning: 'I2C1_GPIO_Init' declared 'static' but never defined [-Wunused-function]
   14 | static void I2C1_GPIO_Init();
      |             ^~~~~~~~~~~~~~
arm-none-eabi-gcc -o "prueba de uart.elf" @"objects.list"   -mcpu=cortex-m4 -T"/home/felipe/Desktop/PdM_workspace/prueba de uart/STM32F429ZITX_FLASH.ld" --specs=nosys.specs -Wl,-Map="prueba de uart.map" -Wl,--gc-sections -static --specs=nano.specs -mfpu=fpv4-sp-d16 -mfloat-abi=hard -mthumb -Wl,--start-group -lc -lm -Wl,--end-group
Finished building target: prueba de uart.elf
 
arm-none-eabi-size  prueba\ de\ uart.elf 
arm-none-eabi-objdump -h -S prueba\ de\ uart.elf  > "prueba de uart.list"
   text	   data	    bss	    dec	    hex	filename
  32348	    468	   2544	  35360	   8a20	prueba de uart.elf
Finished building: default.size.stdout
 
Finished building: prueba de uart.list
 
11:20:25 **** Incremental Build of configuration Debug for project prueba de uart ****
make -j4 all 
arm-none-eabi-gcc "../Drivers/API/Src/API_gps.c" -mcpu=cortex-m4 -std=gnu11 -g3 -DDEBUG -DSTM32 -DSTM32F429ZITx -DSTM32F4 -DNUCLEO_F429ZI -DUSE_HAL_DRIVER -DSTM32F429xx -c -I../Inc -I"/home/felipe/Desktop/PdM_workspace/prueba de uart/Drivers/STM32F4xx_HAL_Driver/Inc" -I"/home/felipe/Desktop/PdM_workspace/prueba de uart/Drivers/CMSIS/Include" -I"/home/felipe/Desktop/PdM_workspace/prueba de uart/Drivers/CMSIS/Device/ST/STM32F4xx/Include" -I"/home/felipe/Desktop/PdM_workspace/prueba de uart/Drivers/BSP/STM32F4xx_Nucleo_144" -I"/home/felipe/Desktop/PdM_workspace/prueba de uart/Drivers/Core/Inc" -I"/home/felipe/Desktop/PdM_workspace/prueba de uart/Drivers/API/Inc" -O0 -ffunction-sections -fdata-sections -Wall -fstack-usage -fcyclomatic-complexity -MMD -MP -MF"Drivers/API/Src/API_gps.d" -MT"Drivers/API/Src/API_gps.o" --specs=nano.specs -mfpu=fpv4-sp-d16 -mfloat-abi=hard -mthumb -o "Drivers/API/Src/API_gps.o"
../Drivers/API/Src/API_gps.c:70:1: warning: return type defaults to 'int' [-Wimplicit-int]
   70 | GPS_Set_Update_Rate(uint16_t rate){
      | ^~~~~~~~~~~~~~~~~~~
../Drivers/API/Src/API_gps.c: In function 'GPS_Set_Update_Rate':
../Drivers/API/Src/API_gps.c:78:29: warning: passing argument 2 of 'String_Concat' makes pointer from integer without a cast [-Wint-conversion]
   78 |         String_Concat(dest, checksum);
      |                             ^~~~~~~~
      |                             |
      |                             unsigned char
In file included from ../Drivers/API/Src/API_gps.c:15:
../Inc/utils.h:16:45: note: expected 'const char *' but argument is of type 'unsigned char'
   16 | char *String_Concat(char *dest, const char *src);
      |                                 ~~~~~~~~~~~~^~~
../Drivers/API/Src/API_gps.c:84:1: warning: control reaches end of non-void function [-Wreturn-type]
   84 | }
      | ^
arm-none-eabi-gcc -o "prueba de uart.elf" @"objects.list"   -mcpu=cortex-m4 -T"/home/felipe/Desktop/PdM_workspace/prueba de uart/STM32F429ZITX_FLASH.ld" --specs=nosys.specs -Wl,-Map="prueba de uart.map" -Wl,--gc-sections -static --specs=nano.specs -mfpu=fpv4-sp-d16 -mfloat-abi=hard -mthumb -Wl,--start-group -lc -lm -Wl,--end-group
Finished building target: prueba de uart.elf
 
arm-none-eabi-size  prueba\ de\ uart.elf 
arm-none-eabi-objdump -h -S prueba\ de\ uart.elf  > "prueba de uart.list"
   text	   data	    bss	    dec	    hex	filename
  32388	    468	   2544	  35400	   8a48	prueba de uart.elf
Finished building: default.size.stdout
 
Finished building: prueba de uart.list
 
11:21:36 **** Incremental Build of configuration Debug for project prueba de uart ****
make -j4 all 
arm-none-eabi-gcc "../Drivers/API/Src/API_gps.c" -mcpu=cortex-m4 -std=gnu11 -g3 -DDEBUG -DSTM32 -DSTM32F429ZITx -DSTM32F4 -DNUCLEO_F429ZI -DUSE_HAL_DRIVER -DSTM32F429xx -c -I../Inc -I"/home/felipe/Desktop/PdM_workspace/prueba de uart/Drivers/STM32F4xx_HAL_Driver/Inc" -I"/home/felipe/Desktop/PdM_workspace/prueba de uart/Drivers/CMSIS/Include" -I"/home/felipe/Desktop/PdM_workspace/prueba de uart/Drivers/CMSIS/Device/ST/STM32F4xx/Include" -I"/home/felipe/Desktop/PdM_workspace/prueba de uart/Drivers/BSP/STM32F4xx_Nucleo_144" -I"/home/felipe/Desktop/PdM_workspace/prueba de uart/Drivers/Core/Inc" -I"/home/felipe/Desktop/PdM_workspace/prueba de uart/Drivers/API/Inc" -O0 -ffunction-sections -fdata-sections -Wall -fstack-usage -fcyclomatic-complexity -MMD -MP -MF"Drivers/API/Src/API_gps.d" -MT"Drivers/API/Src/API_gps.o" --specs=nano.specs -mfpu=fpv4-sp-d16 -mfloat-abi=hard -mthumb -o "Drivers/API/Src/API_gps.o"
../Drivers/API/Src/API_gps.c:70:1: warning: return type defaults to 'int' [-Wimplicit-int]
   70 | GPS_Set_Update_Rate(uint16_t rate){
      | ^~~~~~~~~~~~~~~~~~~
../Drivers/API/Src/API_gps.c: In function 'GPS_Set_Update_Rate':
../Drivers/API/Src/API_gps.c:78:29: warning: passing argument 2 of 'String_Concat' makes pointer from integer without a cast [-Wint-conversion]
   78 |         String_Concat(dest, checksum);
      |                             ^~~~~~~~
      |                             |
      |                             unsigned char
In file included from ../Drivers/API/Src/API_gps.c:15:
../Inc/utils.h:16:45: note: expected 'const char *' but argument is of type 'unsigned char'
   16 | char *String_Concat(char *dest, const char *src);
      |                                 ~~~~~~~~~~~~^~~
../Drivers/API/Src/API_gps.c:84:1: warning: control reaches end of non-void function [-Wreturn-type]
   84 | }
      | ^
arm-none-eabi-gcc -o "prueba de uart.elf" @"objects.list"   -mcpu=cortex-m4 -T"/home/felipe/Desktop/PdM_workspace/prueba de uart/STM32F429ZITX_FLASH.ld" --specs=nosys.specs -Wl,-Map="prueba de uart.map" -Wl,--gc-sections -static --specs=nano.specs -mfpu=fpv4-sp-d16 -mfloat-abi=hard -mthumb -Wl,--start-group -lc -lm -Wl,--end-group
Finished building target: prueba de uart.elf
 
arm-none-eabi-size  prueba\ de\ uart.elf 
arm-none-eabi-objdump -h -S prueba\ de\ uart.elf  > "prueba de uart.list"
   text	   data	    bss	    dec	    hex	filename
  32388	    468	   2544	  35400	   8a48	prueba de uart.elf
Finished building: default.size.stdout
 
Finished building: prueba de uart.list
 
11:39:05 **** Incremental Build of configuration Debug for project prueba de uart ****
make -j4 all 
arm-none-eabi-gcc "../Src/main.c" -mcpu=cortex-m4 -std=gnu11 -g3 -DDEBUG -DSTM32 -DSTM32F429ZITx -DSTM32F4 -DNUCLEO_F429ZI -DUSE_HAL_DRIVER -DSTM32F429xx -c -I../Inc -I"/home/felipe/Desktop/PdM_workspace/prueba de uart/Drivers/STM32F4xx_HAL_Driver/Inc" -I"/home/felipe/Desktop/PdM_workspace/prueba de uart/Drivers/CMSIS/Include" -I"/home/felipe/Desktop/PdM_workspace/prueba de uart/Drivers/CMSIS/Device/ST/STM32F4xx/Include" -I"/home/felipe/Desktop/PdM_workspace/prueba de uart/Drivers/BSP/STM32F4xx_Nucleo_144" -I"/home/felipe/Desktop/PdM_workspace/prueba de uart/Drivers/Core/Inc" -I"/home/felipe/Desktop/PdM_workspace/prueba de uart/Drivers/API/Inc" -O0 -ffunction-sections -fdata-sections -Wall -fstack-usage -fcyclomatic-complexity -MMD -MP -MF"Src/main.d" -MT"Src/main.o" --specs=nano.specs -mfpu=fpv4-sp-d16 -mfloat-abi=hard -mthumb -o "Src/main.o"
arm-none-eabi-gcc "../Src/utils.c" -mcpu=cortex-m4 -std=gnu11 -g3 -DDEBUG -DSTM32 -DSTM32F429ZITx -DSTM32F4 -DNUCLEO_F429ZI -DUSE_HAL_DRIVER -DSTM32F429xx -c -I../Inc -I"/home/felipe/Desktop/PdM_workspace/prueba de uart/Drivers/STM32F4xx_HAL_Driver/Inc" -I"/home/felipe/Desktop/PdM_workspace/prueba de uart/Drivers/CMSIS/Include" -I"/home/felipe/Desktop/PdM_workspace/prueba de uart/Drivers/CMSIS/Device/ST/STM32F4xx/Include" -I"/home/felipe/Desktop/PdM_workspace/prueba de uart/Drivers/BSP/STM32F4xx_Nucleo_144" -I"/home/felipe/Desktop/PdM_workspace/prueba de uart/Drivers/Core/Inc" -I"/home/felipe/Desktop/PdM_workspace/prueba de uart/Drivers/API/Inc" -O0 -ffunction-sections -fdata-sections -Wall -fstack-usage -fcyclomatic-complexity -MMD -MP -MF"Src/utils.d" -MT"Src/utils.o" --specs=nano.specs -mfpu=fpv4-sp-d16 -mfloat-abi=hard -mthumb -o "Src/utils.o"
arm-none-eabi-gcc "../Drivers/API/Src/API_gps.c" -mcpu=cortex-m4 -std=gnu11 -g3 -DDEBUG -DSTM32 -DSTM32F429ZITx -DSTM32F4 -DNUCLEO_F429ZI -DUSE_HAL_DRIVER -DSTM32F429xx -c -I../Inc -I"/home/felipe/Desktop/PdM_workspace/prueba de uart/Drivers/STM32F4xx_HAL_Driver/Inc" -I"/home/felipe/Desktop/PdM_workspace/prueba de uart/Drivers/CMSIS/Include" -I"/home/felipe/Desktop/PdM_workspace/prueba de uart/Drivers/CMSIS/Device/ST/STM32F4xx/Include" -I"/home/felipe/Desktop/PdM_workspace/prueba de uart/Drivers/BSP/STM32F4xx_Nucleo_144" -I"/home/felipe/Desktop/PdM_workspace/prueba de uart/Drivers/Core/Inc" -I"/home/felipe/Desktop/PdM_workspace/prueba de uart/Drivers/API/Inc" -O0 -ffunction-sections -fdata-sections -Wall -fstack-usage -fcyclomatic-complexity -MMD -MP -MF"Drivers/API/Src/API_gps.d" -MT"Drivers/API/Src/API_gps.o" --specs=nano.specs -mfpu=fpv4-sp-d16 -mfloat-abi=hard -mthumb -o "Drivers/API/Src/API_gps.o"
../Src/main.c:12: warning: "DEBUG" redefined
   12 | #define DEBUG true
      | 
<command-line>: note: this is the location of the previous definition
../Src/utils.c: In function 'String_Split':
../Src/utils.c:45:18: warning: implicit declaration of function 'strlen' [-Wimplicit-function-declaration]
   45 |     int length = strlen(str);
      |                  ^~~~~~
../Src/utils.c:10:1: note: include '<string.h>' or provide a declaration of 'strlen'
    9 | #include "utils.h"
  +++ |+#include <string.h>
   10 | 
../Src/utils.c:45:18: warning: incompatible implicit declaration of built-in function 'strlen' [-Wbuiltin-declaration-mismatch]
   45 |     int length = strlen(str);
      |                  ^~~~~~
../Drivers/API/Src/API_gps.c:70:1: warning: return type defaults to 'int' [-Wimplicit-int]
   70 | GPS_Set_Update_Rate(uint16_t rate){
      | ^~~~~~~~~~~~~~~~~~~
../Drivers/API/Src/API_gps.c: In function 'GPS_Set_Update_Rate':
../Src/utils.c:45:18: note: include '<string.h>' or provide a declaration of 'strlen'
../Drivers/API/Src/API_gps.c:89:1: warning: control reaches end of non-void function [-Wreturn-type]
   89 | }
      | ^
../Src/main.c: In function 'main':
../Src/main.c:56:5: warning: implicit declaration of function 'GPS_Set_Update_Rate' [-Wimplicit-function-declaration]
   56 |     GPS_Set_Update_Rate(1000);
      |     ^~~~~~~~~~~~~~~~~~~
../Src/main.c:69:42: warning: assignment discards 'const' qualifier from pointer target type [-Wdiscarded-qualifiers]
   69 |                                 nmeaData = Get_NMEA_Data();
      |                                          ^
In file included from ../Src/main.c:4:
/home/felipe/Desktop/PdM_workspace/prueba de uart/Drivers/API/Inc/API_i2c.h: At top level:
/home/felipe/Desktop/PdM_workspace/prueba de uart/Drivers/API/Inc/API_i2c.h:14:13: warning: 'I2C1_GPIO_Init' declared 'static' but never defined [-Wunused-function]
   14 | static void I2C1_GPIO_Init();
      |             ^~~~~~~~~~~~~~
arm-none-eabi-gcc -o "prueba de uart.elf" @"objects.list"   -mcpu=cortex-m4 -T"/home/felipe/Desktop/PdM_workspace/prueba de uart/STM32F429ZITX_FLASH.ld" --specs=nosys.specs -Wl,-Map="prueba de uart.map" -Wl,--gc-sections -static --specs=nano.specs -mfpu=fpv4-sp-d16 -mfloat-abi=hard -mthumb -Wl,--start-group -lc -lm -Wl,--end-group
Finished building target: prueba de uart.elf
 
arm-none-eabi-size  prueba\ de\ uart.elf 
arm-none-eabi-objdump -h -S prueba\ de\ uart.elf  > "prueba de uart.list"
   text	   data	    bss	    dec	    hex	filename
  32524	    468	   2544	  35536	   8ad0	prueba de uart.elf
Finished building: default.size.stdout
 
Finished building: prueba de uart.list
 
11:39:22 **** Incremental Build of configuration Debug for project prueba de uart ****
make -j4 all 
arm-none-eabi-size  prueba\ de\ uart.elf 
   text	   data	    bss	    dec	    hex	filename
  32524	    468	   2544	  35536	   8ad0	prueba de uart.elf
Finished building: default.size.stdout
 
11:56:13 **** Incremental Build of configuration Debug for project prueba de uart ****
make -j4 all 
arm-none-eabi-gcc "../Drivers/API/Src/API_gps.c" -mcpu=cortex-m4 -std=gnu11 -g3 -DDEBUG -DSTM32 -DSTM32F429ZITx -DSTM32F4 -DNUCLEO_F429ZI -DUSE_HAL_DRIVER -DSTM32F429xx -c -I../Inc -I"/home/felipe/Desktop/PdM_workspace/prueba de uart/Drivers/STM32F4xx_HAL_Driver/Inc" -I"/home/felipe/Desktop/PdM_workspace/prueba de uart/Drivers/CMSIS/Include" -I"/home/felipe/Desktop/PdM_workspace/prueba de uart/Drivers/CMSIS/Device/ST/STM32F4xx/Include" -I"/home/felipe/Desktop/PdM_workspace/prueba de uart/Drivers/BSP/STM32F4xx_Nucleo_144" -I"/home/felipe/Desktop/PdM_workspace/prueba de uart/Drivers/Core/Inc" -I"/home/felipe/Desktop/PdM_workspace/prueba de uart/Drivers/API/Inc" -O0 -ffunction-sections -fdata-sections -Wall -fstack-usage -fcyclomatic-complexity -MMD -MP -MF"Drivers/API/Src/API_gps.d" -MT"Drivers/API/Src/API_gps.o" --specs=nano.specs -mfpu=fpv4-sp-d16 -mfloat-abi=hard -mthumb -o "Drivers/API/Src/API_gps.o"
../Drivers/API/Src/API_gps.c:70:1: warning: return type defaults to 'int' [-Wimplicit-int]
   70 | GPS_Set_Update_Rate(uint16_t rate){
      | ^~~~~~~~~~~~~~~~~~~
../Drivers/API/Src/API_gps.c: In function 'GPS_Set_Update_Rate':
../Drivers/API/Src/API_gps.c:88:23: warning: passing argument 1 of 'String_Concat' makes pointer from integer without a cast [-Wint-conversion]
   88 |         String_Concat('$', dest);
      |                       ^~~
      |                       |
      |                       int
In file included from ../Drivers/API/Src/API_gps.c:15:
../Inc/utils.h:16:27: note: expected 'char *' but argument is of type 'int'
   16 | char *String_Concat(char *dest, const char *src);
      |                     ~~~~~~^~~~
../Drivers/API/Src/API_gps.c:92:1: warning: control reaches end of non-void function [-Wreturn-type]
   92 | }
      | ^
[...]
../Src/main.c:72:42: warning: assignment discards 'const' qualifier from pointer target type [-Wdiscarded-qualifiers]
   72 |                                 nmeaData = Get_NMEA_Data();
      |                                          ^
In file included from ../Src/main.c:4:
/home/felipe/Desktop/PdM_workspace/prueba de uart/Drivers/API/Inc/API_i2c.h: At top level:
/home/felipe/Desktop/PdM_workspace/prueba de uart/Drivers/API/Inc/API_i2c.h:14:13: warning: 'I2C1_GPIO_Init' declared 'static' but never defined [-Wunused-function]
   14 | static void I2C1_GPIO_Init();
      |             ^~~~~~~~~~~~~~
arm-none-eabi-gcc -o "prueba de uart.elf" @"objects.list"   -mcpu=cortex-m4 -T"/home/felipe/Desktop/PdM_workspace/prueba de uart/STM32F429ZITX_FLASH.ld" --specs=nosys.specs -Wl,-Map="prueba de uart.map" -Wl,--gc-sections -static --specs=nano.specs -mfpu=fpv4-sp-d16 -mfloat-abi=hard -mthumb -Wl,--start-group -lc -lm -Wl,--end-group
Finished building target: prueba de uart.elf
 
arm-none-eabi-size  prueba\ de\ uart.elf 
arm-none-eabi-objdump -h -S prueba\ de\ uart.elf  > "prueba de uart.list"
   text	   data	    bss	    dec	    hex	filename
  32588	    468	   2544	  35600	   8b10	prueba de uart.elf
Finished building: default.size.stdout
 
Finished building: prueba de uart.list
 
12:48:47 **** Incremental Build of configuration Debug for project prueba de uart ****
make -j4 all 
arm-none-eabi-gcc "../Drivers/API/Src/API_uart.c" -mcpu=cortex-m4 -std=gnu11 -g3 -DDEBUG -DSTM32 -DSTM32F429ZITx -DSTM32F4 -DNUCLEO_F429ZI -DUSE_HAL_DRIVER -DSTM32F429xx -c -I../Inc -I"/home/felipe/Desktop/PdM_workspace/prueba de uart/Drivers/STM32F4xx_HAL_Driver/Inc" -I"/home/felipe/Desktop/PdM_workspace/prueba de uart/Drivers/CMSIS/Include" -I"/home/felipe/Desktop/PdM_workspace/prueba de uart/Drivers/CMSIS/Device/ST/STM32F4xx/Include" -I"/home/felipe/Desktop/PdM_workspace/prueba de uart/Drivers/BSP/STM32F4xx_Nucleo_144" -I"/home/felipe/Desktop/PdM_workspace/prueba de uart/Drivers/Core/Inc" -I"/home/felipe/Desktop/PdM_workspace/prueba de uart/Drivers/API/Inc" -O0 -ffunction-sections -fdata-sections -Wall -fstack-usage -fcyclomatic-complexity -MMD -MP -MF"Drivers/API/Src/API_uart.d" -MT"Drivers/API/Src/API_uart.o" --specs=nano.specs -mfpu=fpv4-sp-d16 -mfloat-abi=hard -mthumb -o "Drivers/API/Src/API_uart.o"
../Drivers/API/Src/API_uart.c: In function 'UART5_Send_String':
../Drivers/API/Src/API_uart.c:130:55: warning: implicit declaration of function 'strlen' [-Wimplicit-function-declaration]
  130 |         HAL_UART_Transmit(&huart5,(uint8_t*) pstring, strlen((const char*) pstring), UART_MAX_TIMEOUT);
      |                                                       ^~~~~~
../Drivers/API/Src/API_uart.c:11:1: note: include '<string.h>' or provide a declaration of 'strlen'
   10 | #include "main.h"
  +++ |+#include <string.h>
   11 | 
../Drivers/API/Src/API_uart.c:130:55: warning: incompatible implicit declaration of built-in function 'strlen' [-Wbuiltin-declaration-mismatch]
  130 |         HAL_UART_Transmit(&huart5,(uint8_t*) pstring, strlen((const char*) pstring), UART_MAX_TIMEOUT);
      |                                                       ^~~~~~
../Drivers/API/Src/API_uart.c:130:55: note: include '<string.h>' or provide a declaration of 'strlen'
../Drivers/API/Src/API_uart.c: In function 'USART2_Send_String':
../Drivers/API/Src/API_uart.c:134:55: warning: incompatible implicit declaration of built-in function 'strlen' [-Wbuiltin-declaration-mismatch]
  134 |         HAL_UART_Transmit(&huart2,(uint8_t*) pstring, strlen((const char*) pstring), UART_MAX_TIMEOUT);
      |                                                       ^~~~~~
../Drivers/API/Src/API_uart.c:134:55: note: include '<string.h>' or provide a declaration of 'strlen'
arm-none-eabi-gcc -o "prueba de uart.elf" @"objects.list"   -mcpu=cortex-m4 -T"/home/felipe/Desktop/PdM_workspace/prueba de uart/STM32F429ZITX_FLASH.ld" --specs=nosys.specs -Wl,-Map="prueba de uart.map" -Wl,--gc-sections -static --specs=nano.specs -mfpu=fpv4-sp-d16 -mfloat-abi=hard -mthumb -Wl,--start-group -lc -lm -Wl,--end-group
Finished building target: prueba de uart.elf
 
arm-none-eabi-size  prueba\ de\ uart.elf 
arm-none-eabi-objdump -h -S prueba\ de\ uart.elf  > "prueba de uart.list"
   text	   data	    bss	    dec	    hex	filename
  32588	    468	   2544	  35600	   8b10	prueba de uart.elf
Finished building: default.size.stdout
 
Finished building: prueba de uart.list
 
12:49:52 **** Incremental Build of configuration Debug for project prueba de uart ****
make -j4 all 
arm-none-eabi-gcc "../Src/main.c" -mcpu=cortex-m4 -std=gnu11 -g3 -DDEBUG -DSTM32 -DSTM32F429ZITx -DSTM32F4 -DNUCLEO_F429ZI -DUSE_HAL_DRIVER -DSTM32F429xx -c -I../Inc -I"/home/felipe/Desktop/PdM_workspace/prueba de uart/Drivers/STM32F4xx_HAL_Driver/Inc" -I"/home/felipe/Desktop/PdM_workspace/prueba de uart/Drivers/CMSIS/Include" -I"/home/felipe/Desktop/PdM_workspace/prueba de uart/Drivers/CMSIS/Device/ST/STM32F4xx/Include" -I"/home/felipe/Desktop/PdM_workspace/prueba de uart/Drivers/BSP/STM32F4xx_Nucleo_144" -I"/home/felipe/Desktop/PdM_workspace/prueba de uart/Drivers/Core/Inc" -I"/home/felipe/Desktop/PdM_workspace/prueba de uart/Drivers/API/Inc" -O0 -ffunction-sections -fdata-sections -Wall -fstack-usage -fcyclomatic-complexity -MMD -MP -MF"Src/main.d" -MT"Src/main.o" --specs=nano.specs -mfpu=fpv4-sp-d16 -mfloat-abi=hard -mthumb -o "Src/main.o"
../Src/main.c:12: warning: "DEBUG" redefined
   12 | #define DEBUG false
      | 
<command-line>: note: this is the location of the previous definition
../Src/main.c: In function 'main':
../Src/main.c:72:42: warning: assignment discards 'const' qualifier from pointer target type [-Wdiscarded-qualifiers]
   72 |                                 nmeaData = Get_NMEA_Data();
      |                                          ^
../Src/main.c:16:19: warning: variable 'nmeaData' set but not used [-Wunused-but-set-variable]
   16 |         NMEAData* nmeaData;
      |                   ^~~~~~~~
In file included from ../Src/main.c:4:
/home/felipe/Desktop/PdM_workspace/prueba de uart/Drivers/API/Inc/API_i2c.h: At top level:
/home/felipe/Desktop/PdM_workspace/prueba de uart/Drivers/API/Inc/API_i2c.h:14:13: warning: 'I2C1_GPIO_Init' declared 'static' but never defined [-Wunused-function]
   14 | static void I2C1_GPIO_Init();
      |             ^~~~~~~~~~~~~~
arm-none-eabi-gcc -o "prueba de uart.elf" @"objects.list"   -mcpu=cortex-m4 -T"/home/felipe/Desktop/PdM_workspace/prueba de uart/STM32F429ZITX_FLASH.ld" --specs=nosys.specs -Wl,-Map="prueba de uart.map" -Wl,--gc-sections -static --specs=nano.specs -mfpu=fpv4-sp-d16 -mfloat-abi=hard -mthumb -Wl,--start-group -lc -lm -Wl,--end-group
Finished building target: prueba de uart.elf
 
arm-none-eabi-size  prueba\ de\ uart.elf 
arm-none-eabi-objdump -h -S prueba\ de\ uart.elf  > "prueba de uart.list"
   text	   data	    bss	    dec	    hex	filename
  32476	    468	   2544	  35488	   8aa0	prueba de uart.elf
Finished building: default.size.stdout
 
Finished building: prueba de uart.list
 
12:50:57 **** Incremental Build of configuration Debug for project prueba de uart ****
make -j4 all 
arm-none-eabi-gcc "../Src/main.c" -mcpu=cortex-m4 -std=gnu11 -g3 -DDEBUG -DSTM32 -DSTM32F429ZITx -DSTM32F4 -DNUCLEO_F429ZI -DUSE_HAL_DRIVER -DSTM32F429xx -c -I../Inc -I"/home/felipe/Desktop/PdM_workspace/prueba de uart/Drivers/STM32F4xx_HAL_Driver/Inc" -I"/home/felipe/Desktop/PdM_workspace/prueba de uart/Drivers/CMSIS/Include" -I"/home/felipe/Desktop/PdM_workspace/prueba de uart/Drivers/CMSIS/Device/ST/STM32F4xx/Include" -I"/home/felipe/Desktop/PdM_workspace/prueba de uart/Drivers/BSP/STM32F4xx_Nucleo_144" -I"/home/felipe/Desktop/PdM_workspace/prueba de uart/Drivers/Core/Inc" -I"/home/felipe/Desktop/PdM_workspace/prueba de uart/Drivers/API/Inc" -O0 -ffunction-sections -fdata-sections -Wall -fstack-usage -fcyclomatic-complexity -MMD -MP -MF"Src/main.d" -MT"Src/main.o" --specs=nano.specs -mfpu=fpv4-sp-d16 -mfloat-abi=hard -mthumb -o "Src/main.o"
../Src/main.c:12: warning: "DEBUG" redefined
   12 | #define DEBUG false
      | 
<command-line>: note: this is the location of the previous definition
../Src/main.c: In function 'main':
../Src/main.c:72:42: warning: assignment discards 'const' qualifier from pointer target type [-Wdiscarded-qualifiers]
   72 |                                 nmeaData = Get_NMEA_Data();
      |                                          ^
../Src/main.c:16:19: warning: variable 'nmeaData' set but not used [-Wunused-but-set-variable]
   16 |         NMEAData* nmeaData;
      |                   ^~~~~~~~
In file included from ../Src/main.c:4:
/home/felipe/Desktop/PdM_workspace/prueba de uart/Drivers/API/Inc/API_i2c.h: At top level:
/home/felipe/Desktop/PdM_workspace/prueba de uart/Drivers/API/Inc/API_i2c.h:14:13: warning: 'I2C1_GPIO_Init' declared 'static' but never defined [-Wunused-function]
   14 | static void I2C1_GPIO_Init();
      |             ^~~~~~~~~~~~~~
arm-none-eabi-gcc -o "prueba de uart.elf" @"objects.list"   -mcpu=cortex-m4 -T"/home/felipe/Desktop/PdM_workspace/prueba de uart/STM32F429ZITX_FLASH.ld" --specs=nosys.specs -Wl,-Map="prueba de uart.map" -Wl,--gc-sections -static --specs=nano.specs -mfpu=fpv4-sp-d16 -mfloat-abi=hard -mthumb -Wl,--start-group -lc -lm -Wl,--end-group
Finished building target: prueba de uart.elf
 
arm-none-eabi-size  prueba\ de\ uart.elf 
arm-none-eabi-objdump -h -S prueba\ de\ uart.elf  > "prueba de uart.list"
   text	   data	    bss	    dec	    hex	filename
  32452	    468	   2544	  35464	   8a88	prueba de uart.elf
Finished building: default.size.stdout
 
Finished building: prueba de uart.list
 
12:54:01 **** Incremental Build of configuration Debug for project prueba de uart ****
make -j4 all 
arm-none-eabi-gcc "../Src/main.c" -mcpu=cortex-m4 -std=gnu11 -g3 -DDEBUG -DSTM32 -DSTM32F429ZITx -DSTM32F4 -DNUCLEO_F429ZI -DUSE_HAL_DRIVER -DSTM32F429xx -c -I../Inc -I"/home/felipe/Desktop/PdM_workspace/prueba de uart/Drivers/STM32F4xx_HAL_Driver/Inc" -I"/home/felipe/Desktop/PdM_workspace/prueba de uart/Drivers/CMSIS/Include" -I"/home/felipe/Desktop/PdM_workspace/prueba de uart/Drivers/CMSIS/Device/ST/STM32F4xx/Include" -I"/home/felipe/Desktop/PdM_workspace/prueba de uart/Drivers/BSP/STM32F4xx_Nucleo_144" -I"/home/felipe/Desktop/PdM_workspace/prueba de uart/Drivers/Core/Inc" -I"/home/felipe/Desktop/PdM_workspace/prueba de uart/Drivers/API/Inc" -O0 -ffunction-sections -fdata-sections -Wall -fstack-usage -fcyclomatic-complexity -MMD -MP -MF"Src/main.d" -MT"Src/main.o" --specs=nano.specs -mfpu=fpv4-sp-d16 -mfloat-abi=hard -mthumb -o "Src/main.o"
arm-none-eabi-gcc "../Drivers/API/Src/API_gps.c" -mcpu=cortex-m4 -std=gnu11 -g3 -DDEBUG -DSTM32 -DSTM32F429ZITx -DSTM32F4 -DNUCLEO_F429ZI -DUSE_HAL_DRIVER -DSTM32F429xx -c -I../Inc -I"/home/felipe/Desktop/PdM_workspace/prueba de uart/Drivers/STM32F4xx_HAL_Driver/Inc" -I"/home/felipe/Desktop/PdM_workspace/prueba de uart/Drivers/CMSIS/Include" -I"/home/felipe/Desktop/PdM_workspace/prueba de uart/Drivers/CMSIS/Device/ST/STM32F4xx/Include" -I"/home/felipe/Desktop/PdM_workspace/prueba de uart/Drivers/BSP/STM32F4xx_Nucleo_144" -I"/home/felipe/Desktop/PdM_workspace/prueba de uart/Drivers/Core/Inc" -I"/home/felipe/Desktop/PdM_workspace/prueba de uart/Drivers/API/Inc" -O0 -ffunction-sections -fdata-sections -Wall -fstack-usage -fcyclomatic-complexity -MMD -MP -MF"Drivers/API/Src/API_gps.d" -MT"Drivers/API/Src/API_gps.o" --specs=nano.specs -mfpu=fpv4-sp-d16 -mfloat-abi=hard -mthumb -o "Drivers/API/Src/API_gps.o"
../Src/main.c:12: warning: "DEBUG" redefined
   12 | #define DEBUG false
      | 
<command-line>: note: this is the location of the previous definition
../Src/main.c: In function 'main':
../Src/main.c:72:42: warning: assignment discards 'const' qualifier from pointer target type [-Wdiscarded-qualifiers]
   72 |                                 nmeaData = Get_NMEA_Data();
      |                                          ^
../Src/main.c:16:19: warning: variable 'nmeaData' set but not used [-Wunused-but-set-variable]
   16 |         NMEAData* nmeaData;
      |                   ^~~~~~~~
In file included from ../Src/main.c:4:
/home/felipe/Desktop/PdM_workspace/prueba de uart/Drivers/API/Inc/API_i2c.h: At top level:
/home/felipe/Desktop/PdM_workspace/prueba de uart/Drivers/API/Inc/API_i2c.h:14:13: warning: 'I2C1_GPIO_Init' declared 'static' but never defined [-Wunused-function]
   14 | static void I2C1_GPIO_Init();
      |             ^~~~~~~~~~~~~~
arm-none-eabi-gcc -o "prueba de uart.elf" @"objects.list"   -mcpu=cortex-m4 -T"/home/felipe/Desktop/PdM_workspace/prueba de uart/STM32F429ZITX_FLASH.ld" --specs=nosys.specs -Wl,-Map="prueba de uart.map" -Wl,--gc-sections -static --specs=nano.specs -mfpu=fpv4-sp-d16 -mfloat-abi=hard -mthumb -Wl,--start-group -lc -lm -Wl,--end-group
Finished building target: prueba de uart.elf
 
arm-none-eabi-size  prueba\ de\ uart.elf 
arm-none-eabi-objdump -h -S prueba\ de\ uart.elf  > "prueba de uart.list"
   text	   data	    bss	    dec	    hex	filename
  32468	    468	   2544	  35480	   8a98	prueba de uart.elf
Finished building: default.size.stdout
 
Finished building: prueba de uart.list
 
12:55:53 **** Incremental Build of configuration Debug for project prueba de uart ****
make -j4 all 
arm-none-eabi-gcc "../Drivers/API/Src/API_gps.c" -mcpu=cortex-m4 -std=gnu11 -g3 -DDEBUG -DSTM32 -DSTM32F429ZITx -DSTM32F4 -DNUCLEO_F429ZI -DUSE_HAL_DRIVER -DSTM32F429xx -c -I../Inc -I"/home/felipe/Desktop/PdM_workspace/prueba de uart/Drivers/STM32F4xx_HAL_Driver/Inc" -I"/home/felipe/Desktop/PdM_workspace/prueba de uart/Drivers/CMSIS/Include" -I"/home/felipe/Desktop/PdM_workspace/prueba de uart/Drivers/CMSIS/Device/ST/STM32F4xx/Include" -I"/home/felipe/Desktop/PdM_workspace/prueba de uart/Drivers/BSP/STM32F4xx_Nucleo_144" -I"/home/felipe/Desktop/PdM_workspace/prueba de uart/Drivers/Core/Inc" -I"/home/felipe/Desktop/PdM_workspace/prueba de uart/Drivers/API/Inc" -O0 -ffunction-sections -fdata-sections -Wall -fstack-usage -fcyclomatic-complexity -MMD -MP -MF"Drivers/API/Src/API_gps.d" -MT"Drivers/API/Src/API_gps.o" --specs=nano.specs -mfpu=fpv4-sp-d16 -mfloat-abi=hard -mthumb -o "Drivers/API/Src/API_gps.o"
arm-none-eabi-gcc -o "prueba de uart.elf" @"objects.list"   -mcpu=cortex-m4 -T"/home/felipe/Desktop/PdM_workspace/prueba de uart/STM32F429ZITX_FLASH.ld" --specs=nosys.specs -Wl,-Map="prueba de uart.map" -Wl,--gc-sections -static --specs=nano.specs -mfpu=fpv4-sp-d16 -mfloat-abi=hard -mthumb -Wl,--start-group -lc -lm -Wl,--end-group
Finished building target: prueba de uart.elf
 
arm-none-eabi-size  prueba\ de\ uart.elf 
arm-none-eabi-objdump -h -S prueba\ de\ uart.elf  > "prueba de uart.list"
   text	   data	    bss	    dec	    hex	filename
  32468	    468	   2544	  35480	   8a98	prueba de uart.elf
Finished building: default.size.stdout
 
Finished building: prueba de uart.list
 
16:52:15 **** Incremental Build of configuration Debug for project prueba de uart ****
make -j4 all 
arm-none-eabi-size  prueba\ de\ uart.elf 
   text	   data	    bss	    dec	    hex	filename
  32468	    468	   2544	  35480	   8a98	prueba de uart.elf
Finished building: default.size.stdout
 
16:53:17 **** Incremental Build of configuration Debug for project prueba de uart ****
make -j4 all 
arm-none-eabi-gcc "../Src/main.c" -mcpu=cortex-m4 -std=gnu11 -g3 -DDEBUG -DSTM32 -DSTM32F429ZITx -DSTM32F4 -DNUCLEO_F429ZI -DUSE_HAL_DRIVER -DSTM32F429xx -c -I../Inc -I"/home/felipe/Desktop/PdM_workspace/prueba de uart/Drivers/STM32F4xx_HAL_Driver/Inc" -I"/home/felipe/Desktop/PdM_workspace/prueba de uart/Drivers/CMSIS/Include" -I"/home/felipe/Desktop/PdM_workspace/prueba de uart/Drivers/CMSIS/Device/ST/STM32F4xx/Include" -I"/home/felipe/Desktop/PdM_workspace/prueba de uart/Drivers/BSP/STM32F4xx_Nucleo_144" -I"/home/felipe/Desktop/PdM_workspace/prueba de uart/Drivers/Core/Inc" -I"/home/felipe/Desktop/PdM_workspace/prueba de uart/Drivers/API/Inc" -O0 -ffunction-sections -fdata-sections -Wall -fstack-usage -fcyclomatic-complexity -MMD -MP -MF"Src/main.d" -MT"Src/main.o" --specs=nano.specs -mfpu=fpv4-sp-d16 -mfloat-abi=hard -mthumb -o "Src/main.o"
arm-none-eabi-gcc "../Drivers/API/Src/API_uart.c" -mcpu=cortex-m4 -std=gnu11 -g3 -DDEBUG -DSTM32 -DSTM32F429ZITx -DSTM32F4 -DNUCLEO_F429ZI -DUSE_HAL_DRIVER -DSTM32F429xx -c -I../Inc -I"/home/felipe/Desktop/PdM_workspace/prueba de uart/Drivers/STM32F4xx_HAL_Driver/Inc" -I"/home/felipe/Desktop/PdM_workspace/prueba de uart/Drivers/CMSIS/Include" -I"/home/felipe/Desktop/PdM_workspace/prueba de uart/Drivers/CMSIS/Device/ST/STM32F4xx/Include" -I"/home/felipe/Desktop/PdM_workspace/prueba de uart/Drivers/BSP/STM32F4xx_Nucleo_144" -I"/home/felipe/Desktop/PdM_workspace/prueba de uart/Drivers/Core/Inc" -I"/home/felipe/Desktop/PdM_workspace/prueba de uart/Drivers/API/Inc" -O0 -ffunction-sections -fdata-sections -Wall -fstack-usage -fcyclomatic-complexity -MMD -MP -MF"Drivers/API/Src/API_uart.d" -MT"Drivers/API/Src/API_uart.o" --specs=nano.specs -mfpu=fpv4-sp-d16 -mfloat-abi=hard -mthumb -o "Drivers/API/Src/API_uart.o"
../Src/main.c:12: warning: "DEBUG" redefined
   12 | #define DEBUG true
      | 
<command-line>: note: this is the location of the previous definition
../Src/main.c: In function 'main':
../Src/main.c:72:42: warning: assignment discards 'const' qualifier from pointer target type [-Wdiscarded-qualifiers]
   72 |                                 nmeaData = Get_NMEA_Data();
      |                                          ^
In file included from ../Src/main.c:4:
/home/felipe/Desktop/PdM_workspace/prueba de uart/Drivers/API/Inc/API_i2c.h: At top level:
/home/felipe/Desktop/PdM_workspace/prueba de uart/Drivers/API/Inc/API_i2c.h:14:13: warning: 'I2C1_GPIO_Init' declared 'static' but never defined [-Wunused-function]
   14 | static void I2C1_GPIO_Init();
      |             ^~~~~~~~~~~~~~
../Drivers/API/Src/API_uart.c: In function 'UART5_Send_String':
../Drivers/API/Src/API_uart.c:130:55: warning: implicit declaration of function 'strlen' [-Wimplicit-function-declaration]
  130 |         HAL_UART_Transmit(&huart5,(uint8_t*) pstring, strlen((const char*) pstring), UART_MAX_TIMEOUT);
      |                                                       ^~~~~~
../Drivers/API/Src/API_uart.c:11:1: note: include '<string.h>' or provide a declaration of 'strlen'
   10 | #include "main.h"
  +++ |+#include <string.h>
   11 | 
../Drivers/API/Src/API_uart.c:130:55: warning: incompatible implicit declaration of built-in function 'strlen' [-Wbuiltin-declaration-mismatch]
  130 |         HAL_UART_Transmit(&huart5,(uint8_t*) pstring, strlen((const char*) pstring), UART_MAX_TIMEOUT);
      |                                                       ^~~~~~
../Drivers/API/Src/API_uart.c:130:55: note: include '<string.h>' or provide a declaration of 'strlen'
../Drivers/API/Src/API_uart.c: In function 'USART2_Send_String':
../Drivers/API/Src/API_uart.c:134:55: warning: incompatible implicit declaration of built-in function 'strlen' [-Wbuiltin-declaration-mismatch]
  134 |         HAL_UART_Transmit(&huart2,(uint8_t*) pstring, strlen((const char*) pstring), UART_MAX_TIMEOUT);
      |                                                       ^~~~~~
../Drivers/API/Src/API_uart.c:134:55: note: include '<string.h>' or provide a declaration of 'strlen'
arm-none-eabi-gcc -o "prueba de uart.elf" @"objects.list"   -mcpu=cortex-m4 -T"/home/felipe/Desktop/PdM_workspace/prueba de uart/STM32F429ZITX_FLASH.ld" --specs=nosys.specs -Wl,-Map="prueba de uart.map" -Wl,--gc-sections -static --specs=nano.specs -mfpu=fpv4-sp-d16 -mfloat-abi=hard -mthumb -Wl,--start-group -lc -lm -Wl,--end-group
Finished building target: prueba de uart.elf
 
arm-none-eabi-size  prueba\ de\ uart.elf 
arm-none-eabi-objdump -h -S prueba\ de\ uart.elf  > "prueba de uart.list"
   text	   data	    bss	    dec	    hex	filename
  32580	    468	   2544	  35592	   8b08	prueba de uart.elf
Finished building: default.size.stdout
 
Finished building: prueba de uart.list
 
