17:50:12 **** Incremental Build of configuration Debug for project Practica 4.2 ****
make -j4 all 
arm-none-eabi-gcc "../Src/main.c" -mcpu=cortex-m4 -std=gnu11 -g3 -DDEBUG -DSTM32 -DSTM32F429ZITx -DSTM32F4 -DNUCLEO_F429ZI -DUSE_HAL_DRIVER -DSTM32F429xx -c -I../Inc -I"/home/felipe/Desktop/PdM_workspace/Practica 4.2/Drivers/STM32F4xx_HAL_Driver/Inc" -I"/home/felipe/Desktop/PdM_workspace/Practica 4.2/Drivers/CMSIS/Include" -I"/home/felipe/Desktop/PdM_workspace/Practica 4.2/Drivers/CMSIS/Device/ST/STM32F4xx/Include" -I"/home/felipe/Desktop/PdM_workspace/Practica 4.2/Drivers/BSP/STM32F4xx_Nucleo_144" -I"/home/felipe/Desktop/PdM_workspace/Practica 4.2/Drivers/Core/Inc" -I"/home/felipe/Desktop/PdM_workspace/Practica 4.2/Drivers/API/Inc" -O0 -ffunction-sections -fdata-sections -Wall -fstack-usage -fcyclomatic-complexity -MMD -MP -MF"Src/main.d" -MT"Src/main.o" --specs=nano.specs -mfpu=fpv4-sp-d16 -mfloat-abi=hard -mthumb -o "Src/main.o"
arm-none-eabi-gcc "../Drivers/API/Src/API_debounce.c" -mcpu=cortex-m4 -std=gnu11 -g3 -DDEBUG -DSTM32 -DSTM32F429ZITx -DSTM32F4 -DNUCLEO_F429ZI -DUSE_HAL_DRIVER -DSTM32F429xx -c -I../Inc -I"/home/felipe/Desktop/PdM_workspace/Practica 4.2/Drivers/STM32F4xx_HAL_Driver/Inc" -I"/home/felipe/Desktop/PdM_workspace/Practica 4.2/Drivers/CMSIS/Include" -I"/home/felipe/Desktop/PdM_workspace/Practica 4.2/Drivers/CMSIS/Device/ST/STM32F4xx/Include" -I"/home/felipe/Desktop/PdM_workspace/Practica 4.2/Drivers/BSP/STM32F4xx_Nucleo_144" -I"/home/felipe/Desktop/PdM_workspace/Practica 4.2/Drivers/Core/Inc" -I"/home/felipe/Desktop/PdM_workspace/Practica 4.2/Drivers/API/Inc" -O0 -ffunction-sections -fdata-sections -Wall -fstack-usage -fcyclomatic-complexity -MMD -MP -MF"Drivers/API/Src/API_debounce.d" -MT"Drivers/API/Src/API_debounce.o" --specs=nano.specs -mfpu=fpv4-sp-d16 -mfloat-abi=hard -mthumb -o "Drivers/API/Src/API_debounce.o"
../Drivers/API/Src/API_debounce.c: In function 'debounceFSM_update':
../Drivers/API/Src/API_debounce.c:64:25: warning: implicit declaration of function 'Error_Handler' [-Wimplicit-function-declaration]
   64 |                         Error_Handler();
      |                         ^~~~~~~~~~~~~
../Src/main.c: In function 'main':
../Src/main.c:92:17: warning: implicit declaration of function 'debounceFSM_update' [-Wimplicit-function-declaration]
   92 |                 debounceFSM_update();
      |                 ^~~~~~~~~~~~~~~~~~
../Src/main.c:95:21: warning: implicit declaration of function 'readKey' [-Wimplicit-function-declaration]
   95 |                 if (readKey()){
      |                     ^~~~~~~
arm-none-eabi-gcc -o "Practica 4.2.elf" @"objects.list"   -mcpu=cortex-m4 -T"/home/felipe/Desktop/PdM_workspace/Practica 4.2/STM32F429ZITX_FLASH.ld" --specs=nosys.specs -Wl,-Map="Practica 4.2.map" -Wl,--gc-sections -static --specs=nano.specs -mfpu=fpv4-sp-d16 -mfloat-abi=hard -mthumb -Wl,--start-group -lc -lm -Wl,--end-group
Finished building target: Practica 4.2.elf
 
arm-none-eabi-size  Practica\ 4.2.elf 
arm-none-eabi-objdump -h -S Practica\ 4.2.elf  > "Practica 4.2.list"
   text	   data	    bss	    dec	    hex	filename
   7184	     28	   1588	   8800	   2260	Practica 4.2.elf
Finished building: default.size.stdout
 
Finished building: Practica 4.2.list
 

17:50:13 Build Finished. 0 errors, 3 warnings. (took 919ms)

