16:53:17 **** Incremental Build of configuration Debug for project prueba de uart ****
make -j4 all 
arm-none-eabi-gcc "../Src/main.c" -mcpu=cortex-m4 -std=gnu11 -g3 -DDEBUG -DSTM32 -DSTM32F429ZITx -DSTM32F4 -DNUCLEO_F429ZI -DUSE_HAL_DRIVER -DSTM32F429xx -c -I../Inc -I"/home/felipe/Desktop/PdM_workspace/prueba de uart/Drivers/STM32F4xx_HAL_Driver/Inc" -I"/home/felipe/Desktop/PdM_workspace/prueba de uart/Drivers/CMSIS/Include" -I"/home/felipe/Desktop/PdM_workspace/prueba de uart/Drivers/CMSIS/Device/ST/STM32F4xx/Include" -I"/home/felipe/Desktop/PdM_workspace/prueba de uart/Drivers/BSP/STM32F4xx_Nucleo_144" -I"/home/felipe/Desktop/PdM_workspace/prueba de uart/Drivers/Core/Inc" -I"/home/felipe/Desktop/PdM_workspace/prueba de uart/Drivers/API/Inc" -O0 -ffunction-sections -fdata-sections -Wall -fstack-usage -fcyclomatic-complexity -MMD -MP -MF"Src/main.d" -MT"Src/main.o" --specs=nano.specs -mfpu=fpv4-sp-d16 -mfloat-abi=hard -mthumb -o "Src/main.o"
arm-none-eabi-gcc "../Drivers/API/Src/API_uart.c" -mcpu=cortex-m4 -std=gnu11 -g3 -DDEBUG -DSTM32 -DSTM32F429ZITx -DSTM32F4 -DNUCLEO_F429ZI -DUSE_HAL_DRIVER -DSTM32F429xx -c -I../Inc -I"/home/felipe/Desktop/PdM_workspace/prueba de uart/Drivers/STM32F4xx_HAL_Driver/Inc" -I"/home/felipe/Desktop/PdM_workspace/prueba de uart/Drivers/CMSIS/Include" -I"/home/felipe/Desktop/PdM_workspace/prueba de uart/Drivers/CMSIS/Device/ST/STM32F4xx/Include" -I"/home/felipe/Desktop/PdM_workspace/prueba de uart/Drivers/BSP/STM32F4xx_Nucleo_144" -I"/home/felipe/Desktop/PdM_workspace/prueba de uart/Drivers/Core/Inc" -I"/home/felipe/Desktop/PdM_workspace/prueba de uart/Drivers/API/Inc" -O0 -ffunction-sections -fdata-sections -Wall -fstack-usage -fcyclomatic-complexity -MMD -MP -MF"Drivers/API/Src/API_uart.d" -MT"Drivers/API/Src/API_uart.o" --specs=nano.specs -mfpu=fpv4-sp-d16 -mfloat-abi=hard -mthumb -o "Drivers/API/Src/API_uart.o"
../Src/main.c:12: warning: "DEBUG" redefined
   12 | #define DEBUG true
      | 
<command-line>: note: this is the location of the previous definition
../Src/main.c: In function 'main':
../Src/main.c:72:42: warning: assignment discards 'const' qualifier from pointer target type [-Wdiscarded-qualifiers]
   72 |                                 nmeaData = Get_NMEA_Data();
      |                                          ^
In file included from ../Src/main.c:4:
/home/felipe/Desktop/PdM_workspace/prueba de uart/Drivers/API/Inc/API_i2c.h: At top level:
/home/felipe/Desktop/PdM_workspace/prueba de uart/Drivers/API/Inc/API_i2c.h:14:13: warning: 'I2C1_GPIO_Init' declared 'static' but never defined [-Wunused-function]
   14 | static void I2C1_GPIO_Init();
      |             ^~~~~~~~~~~~~~
../Drivers/API/Src/API_uart.c: In function 'UART5_Send_String':
../Drivers/API/Src/API_uart.c:130:55: warning: implicit declaration of function 'strlen' [-Wimplicit-function-declaration]
  130 |         HAL_UART_Transmit(&huart5,(uint8_t*) pstring, strlen((const char*) pstring), UART_MAX_TIMEOUT);
      |                                                       ^~~~~~
../Drivers/API/Src/API_uart.c:11:1: note: include '<string.h>' or provide a declaration of 'strlen'
   10 | #include "main.h"
  +++ |+#include <string.h>
   11 | 
../Drivers/API/Src/API_uart.c:130:55: warning: incompatible implicit declaration of built-in function 'strlen' [-Wbuiltin-declaration-mismatch]
  130 |         HAL_UART_Transmit(&huart5,(uint8_t*) pstring, strlen((const char*) pstring), UART_MAX_TIMEOUT);
      |                                                       ^~~~~~
../Drivers/API/Src/API_uart.c:130:55: note: include '<string.h>' or provide a declaration of 'strlen'
../Drivers/API/Src/API_uart.c: In function 'USART2_Send_String':
../Drivers/API/Src/API_uart.c:134:55: warning: incompatible implicit declaration of built-in function 'strlen' [-Wbuiltin-declaration-mismatch]
  134 |         HAL_UART_Transmit(&huart2,(uint8_t*) pstring, strlen((const char*) pstring), UART_MAX_TIMEOUT);
      |                                                       ^~~~~~
../Drivers/API/Src/API_uart.c:134:55: note: include '<string.h>' or provide a declaration of 'strlen'
arm-none-eabi-gcc -o "prueba de uart.elf" @"objects.list"   -mcpu=cortex-m4 -T"/home/felipe/Desktop/PdM_workspace/prueba de uart/STM32F429ZITX_FLASH.ld" --specs=nosys.specs -Wl,-Map="prueba de uart.map" -Wl,--gc-sections -static --specs=nano.specs -mfpu=fpv4-sp-d16 -mfloat-abi=hard -mthumb -Wl,--start-group -lc -lm -Wl,--end-group
Finished building target: prueba de uart.elf
 
arm-none-eabi-size  prueba\ de\ uart.elf 
arm-none-eabi-objdump -h -S prueba\ de\ uart.elf  > "prueba de uart.list"
   text	   data	    bss	    dec	    hex	filename
  32580	    468	   2544	  35592	   8b08	prueba de uart.elf
Finished building: default.size.stdout
 
Finished building: prueba de uart.list
 

16:53:18 Build Finished. 0 errors, 6 warnings. (took 973ms)

