22:56:03 **** Incremental Build of configuration Debug for project prueba de uart ****
make -j4 all 
arm-none-eabi-gcc "../Drivers/API/Src/API_gps.c" -mcpu=cortex-m4 -std=gnu11 -g3 -DDEBUG -DSTM32 -DSTM32F429ZITx -DSTM32F4 -DNUCLEO_F429ZI -DUSE_HAL_DRIVER -DSTM32F429xx -c -I../Inc -I"/home/felipe/Desktop/PdM_workspace/prueba de uart/Drivers/STM32F4xx_HAL_Driver/Inc" -I"/home/felipe/Desktop/PdM_workspace/prueba de uart/Drivers/CMSIS/Include" -I"/home/felipe/Desktop/PdM_workspace/prueba de uart/Drivers/CMSIS/Device/ST/STM32F4xx/Include" -I"/home/felipe/Desktop/PdM_workspace/prueba de uart/Drivers/BSP/STM32F4xx_Nucleo_144" -I"/home/felipe/Desktop/PdM_workspace/prueba de uart/Drivers/Core/Inc" -I"/home/felipe/Desktop/PdM_workspace/prueba de uart/Drivers/API/Inc" -O0 -ffunction-sections -fdata-sections -Wall -fstack-usage -fcyclomatic-complexity -MMD -MP -MF"Drivers/API/Src/API_gps.d" -MT"Drivers/API/Src/API_gps.o" --specs=nano.specs -mfpu=fpv4-sp-d16 -mfloat-abi=hard -mthumb -o "Drivers/API/Src/API_gps.o"
arm-none-eabi-gcc -o "prueba de uart.elf" @"objects.list"   -mcpu=cortex-m4 -T"/home/felipe/Desktop/PdM_workspace/prueba de uart/STM32F429ZITX_FLASH.ld" --specs=nosys.specs -Wl,-Map="prueba de uart.map" -Wl,--gc-sections -static --specs=nano.specs -mfpu=fpv4-sp-d16 -mfloat-abi=hard -mthumb -Wl,--start-group -lc -lm -Wl,--end-group
Finished building target: prueba de uart.elf
 
arm-none-eabi-size  prueba\ de\ uart.elf 
arm-none-eabi-objdump -h -S prueba\ de\ uart.elf  > "prueba de uart.list"
   text	   data	    bss	    dec	    hex	filename
  32020	    468	   2544	  35032	   88d8	prueba de uart.elf
Finished building: default.size.stdout
 
Finished building: prueba de uart.list
 

22:56:04 Build Finished. 0 errors, 0 warnings. (took 974ms)

