22:05:51 **** Incremental Build of configuration Debug for project TP Final ****
make -j4 all 
arm-none-eabi-gcc "../Src/hd44780.c" -mcpu=cortex-m4 -std=gnu11 -g3 -DDEBUG -DSTM32 -DSTM32F429ZITx -DSTM32F4 -DNUCLEO_F429ZI -DUSE_HAL_DRIVER -DSTM32F429xx -c -I../Inc -I"/home/felipe/Desktop/PdM_workspace/TP Final/Drivers/STM32F4xx_HAL_Driver/Inc" -I"/home/felipe/Desktop/PdM_workspace/TP Final/Drivers/CMSIS/Include" -I"/home/felipe/Desktop/PdM_workspace/TP Final/Drivers/CMSIS/Device/ST/STM32F4xx/Include" -I"/home/felipe/Desktop/PdM_workspace/TP Final/Drivers/BSP/STM32F4xx_Nucleo_144" -I"/home/felipe/Desktop/PdM_workspace/TP Final/Drivers/Core/Inc" -O0 -ffunction-sections -fdata-sections -Wall -fstack-usage -fcyclomatic-complexity -MMD -MP -MF"Src/hd44780.d" -MT"Src/hd44780.o" --specs=nano.specs -mfpu=fpv4-sp-d16 -mfloat-abi=hard -mthumb -o "Src/hd44780.o"
../Src/hd44780.c:15:13: warning: 'SetCursor' declared 'static' but never defined [-Wunused-function]
   15 | static void SetCursor(uint8_t, uint8_t);
      |             ^~~~~~~~~
arm-none-eabi-gcc -o "TP Final.elf" @"objects.list"   -mcpu=cortex-m4 -T"/home/felipe/Desktop/PdM_workspace/TP Final/STM32F429ZITX_FLASH.ld" --specs=nosys.specs -Wl,-Map="TP Final.map" -Wl,--gc-sections -static --specs=nano.specs -mfpu=fpv4-sp-d16 -mfloat-abi=hard -mthumb -Wl,--start-group -lc -lm -Wl,--end-group
Finished building target: TP Final.elf
 
arm-none-eabi-size  TP\ Final.elf 
arm-none-eabi-objdump -h -S TP\ Final.elf  > "TP Final.list"
   text	   data	    bss	    dec	    hex	filename
   6696	     24	   1664	   8384	   20c0	TP Final.elf
Finished building: default.size.stdout
 
Finished building: TP Final.list
 

22:05:52 Build Finished. 0 errors, 1 warnings. (took 870ms)

